0x295
[GET] SP_WORKING_EU_CS_STAGE                       group=0xa selector=77 reg_low=0x292 reg_high=0x293
[GET] SP_ANY_EU_WORKING_CS_STAGE                   group=0xa selector=78 reg_low=0x290 reg_high=0x291
[GET] SP_GPR_READ_PREFETCH                         group=0xa selector=79 reg_low=0x28e reg_high=0x28f
[GET] SP_GPR_READ_CONFLICT                         group=0xa selector=80 reg_low=0x28c reg_high=0x28d
[GET] SP_GPR_WRITE_CONFLICT                        group=0xa selector=81 reg_low=0x28a reg_high=0x28b
[GET] SP_GM_LOAD_LATENCY_CYCLES                    group=0xa selector=82 reg_low=0x288 reg_high=0x289
[GET] SP_GM_LOAD_LATENCY_SAMPLES                   group=0xa selector=83 reg_low=0x286 reg_high=0x287
[GET] SP_EXECUTABLE_WAVES                          group=0xa selector=84 reg_low=0x284 reg_high=0x285
[GET] SP_ICL1_MISS_FETCH_CYCLES                    group=0xa selector=85 reg_low=0x282 reg_high=0x283
[GET] SP_RESERVED_86                               group=0xa selector=86 reg_low=0x280 reg_high=0x281
[GET] SP_BYPASS_BUSY_CYCLES                        group=0xa selector=87 reg_low=0x27e reg_high=0x27f
[GET] SP_ANY_EU_WORKING_LPAC                       group=0xa selector=88 reg_low=0x27c reg_high=0x27d
[GET] SP_WAVE_ALU_CYCLES                           group=0xa selector=89 reg_low=0x27a reg_high=0x27b
[GET] SP_WAVE_EFU_CYCLES                           group=0xa selector=90 reg_low=0x278 reg_high=0x279
[GET] SP_WAVE_INT_CYCLES                           group=0xa selector=91 reg_low=0x276 reg_high=0x277
[GET] SP_WAVE_CSP_CYCLES                           group=0xa selector=92 reg_low=0x274 reg_high=0x275
[GET] SP_EWAVE_CONTEXTS                            group=0xa selector=93 reg_low=0x272 reg_high=0x273
[GET] SP_EWAVE_CONTEXT_CYCLES                      group=0xa selector=94 reg_low=0x270 reg_high=0x271
[GET] SP_LPAC_BUSY_CYCLES                          group=0xa selector=95 reg_low=0x26e reg_high=0x26f
[bench] command: /data/local/tmp/jerry_work/ml_primitives/ml_primitive_bench --op softmax --variant fused_lmem --spv /data/local/tmp/jerry_work/ml_primitives/spv/softmax_fused_lmem.spv --width 1024 --rows 128 --repeats 16 --csv
[bench] bursts: 3
[bench] burst_sleep_s: 0.200000
[bench] burst 1/3 start
op,variant,width,rows,elements,repeats,elapsed_ms,elements_per_s,estimated_bytes_per_element,estimated_bandwidth_GBps,verify,device
softmax,fused_lmem,1024,128,131072,16,3.2212,651047219.078,8.000,5.208,PASS,"Adreno (TM) 830"
[bench] burst 1/3 exit_status=0
[bench] sleeping 0.200000 s before next burst
[bench] burst 2/3 start
op,variant,width,rows,elements,repeats,elapsed_ms,elements_per_s,estimated_bytes_per_element,estimated_bandwidth_GBps,verify,device
softmax,fused_lmem,1024,128,131072,16,1.3142,1595804487.409,8.000,12.766,PASS,"Adreno (TM) 830"
[bench] burst 2/3 exit_status=0
[bench] sleeping 0.200000 s before next burst
[bench] burst 3/3 start
op,variant,width,rows,elements,repeats,elapsed_ms,elements_per_s,estimated_bytes_per_element,estimated_bandwidth_GBps,verify,device
softmax,fused_lmem,1024,128,131072,16,1.2592,1665438656.818,8.000,13.324,PASS,"Adreno (TM) 830"
[bench] burst 3/3 exit_status=0
