p=0xa selector=174 reg_low=0x290 reg_high=0x291
[GET] SP_GPR_READ_BANK                             group=0xa selector=175 reg_low=0x28e reg_high=0x28f
[GET] SP_GPR_WRITE_BANK                            group=0xa selector=176 reg_low=0x28c reg_high=0x28d
[GET] SP_VS_WAVE_REQ_PENDING                       group=0xa selector=177 reg_low=0x28a reg_high=0x28b
[GET] SP_FS_WAVE_REQ_PENDING                       group=0xa selector=178 reg_low=0x288 reg_high=0x289
[GET] SP_LPAC_WAVE_REQ_PENDING                     group=0xa selector=179 reg_low=0x286 reg_high=0x287
[GET] SP_WAVE_SPLIT_CNT                            group=0xa selector=180 reg_low=0x284 reg_high=0x285
[GET] SP_FS_OOO_WAVE_ACC                           group=0xa selector=181 reg_low=0x282 reg_high=0x283
[GET] SP_SCH_MEM_CTRL_WORKING_CYCLES               group=0xa selector=182 reg_low=0x280 reg_high=0x281
[GET] SP_LDST_EXECUTION_CYCLES                     group=0xa selector=183 reg_low=0x27e reg_high=0x27f
[GET] SP_CCHE_UAV_TOTAL_ATOM_REQ                   group=0xa selector=184 reg_low=0x27c reg_high=0x27d
[GET] SP_CCHE_NONUAV_TOTAL_AOM_REQ                 group=0xa selector=185 reg_low=0x27a reg_high=0x27b
[GET] SP_TTU_INSTRUCTIONS                          group=0xa selector=186 reg_low=0x278 reg_high=0x279
[GET] SP_TTU_ACTIVE_FIBERS                         group=0xa selector=187 reg_low=0x276 reg_high=0x277
[GET] SP_TTU_BUSY_CYCLES                           group=0xa selector=188 reg_low=0x274 reg_high=0x275
[GET] SP_TTU_GPR_RD_CYCLES                         group=0xa selector=189 reg_low=0x272 reg_high=0x273
[GET] SP_TTU_GPR_RD_REQ                            group=0xa selector=190 reg_low=0x270 reg_high=0x271
[GET] SP_TTU_GPR_WR_CYCLES                         group=0xa selector=191 reg_low=0x26e reg_high=0x26f
[bench] pid=8837 bursts=3 burst_sleep=0.200000 cmd=/data/local/tmp/jerry_work/ml_primitives/ml_primitive_bench --op softmax --variant fused_lmem --spv /data/local/tmp/jerry_work/ml_primitives/spv/softmax_fused_lmem.spv --width 1024 --rows 128 --repeats 16 --csv
[bench] log=/data/local/tmp/jerry_work/perfcounter_sweeps/sweep_20260625_130734/11_SP/SP_chunk008_benchmark.log
[chunk] saved /data/local/tmp/jerry_work/perfcounter_sweeps/sweep_20260625_130734/11_SP/SP_chunk008.csv (24 active counters, 1232 rows)
[chunk] SP chunk 9 starting at enum-filtered index 192
[GET] SP_TTU_GPR_WR_REQ                            group=0xa selector=192 reg_low=0x29c reg_high=0x29d
[GET] SP_GPR_CACHE_SRC0_GPR_RDCNT                  group=0xa selector=193 reg_low=0x29a reg_high=0x29b
[GET] SP_GPR_CACHE_SRC0_GPR_CACHE_HIT_RDCNT        group=0xa selector=194 reg_low=0x298 reg_high=0x299
[GET] SP_GPR_CACHE_SRC0_GPR_CACHE_HINT_RDCNT       group=0xa selector=195 reg_low=0x296 reg_high=0x297
[GET] SP_GPR_CACHE_SRC1_RDCNT                      group=0xa selector=196 reg_low=0x294 reg_high=0x295
[GET] SP_GPR_CACHE_SRC1_GPR_CACHE_HIT_RDCNT        group=0xa selector=197 reg_low=0x292 reg_high=0x293
[GET] SP_GPR_CACHE_SRC1_GPR_CACHE_HINT_RDCNT       group=0xa selector=198 reg_low=0x290 reg_high=0x291
[GET] SP_GPR_CACHE_SRC2_RDCNT                      group=0xa selector=199 reg_low=0x28e reg_high=0x28f
[GET] SP_GPR_CACHE_SRC2_GPR_CACHE_HIT_RDCNT        group=0xa selector=200 reg_low=0x28c reg_high=0x28d
[GET] SP_GPR_CACHE_SRC2_GPR_CACHE_HINT_RDCNT       group=0xa selector=201 reg_low=0x28a reg_high=0x28b
[GET] SP_UCHE_READ_BURST                           group=0xa selector=202 reg_low=0x288 reg_high=0x289
[GET] SP_UCHE_WRITE_BURST                          group=0xa selector=203 reg_low=0x286 reg_high=0x287
[GET] SP_LDST_GMEM_REQ_NUM                         group=0xa selector=204 reg_low=0x284 reg_high=0x285
[bench] command: /data/local/tmp/jerry_work/ml_primitives/ml_primitive_bench --op softmax --variant fused_lmem --spv /data/local/tmp/jerry_work/ml_primitives/spv/softmax_fused_lmem.spv --width 1024 --rows 128 --repeats 16 --csv
[bench] bursts: 3
[bench] burst_sleep_s: 0.200000
[bench] burst 1/3 start
op,variant,width,rows,elements,repeats,elapsed_ms,elements_per_s,estimated_bytes_per_element,estimated_bandwidth_GBps,verify,device
softmax,fused_lmem,1024,128,131072,16,3.4507,607750708.701,8.000,4.862,PASS,"Adreno (TM) 830"
[bench] burst 1/3 exit_status=0
[bench] sleeping 0.200000 s before next burst
[bench] burst 2/3 start
op,variant,width,rows,elements,repeats,elapsed_ms,elements_per_s,estimated_bytes_per_element,estimated_bandwidth_GBps,verify,device
softmax,fused_lmem,1024,128,131072,16,2.9815,703398136.080,8.000,5.627,PASS,"Adreno (TM) 830"
[bench] burst 2/3 exit_status=0
[bench] sleeping 0.200000 s before next burst
[bench] burst 3/3 start
op,variant,width,rows,elements,repeats,elapsed_ms,elements_per_s,estimated_bytes_per_element,estimated_bandwidth_GBps,verify,device
softmax,fused_lmem,1024,128,131072,16,3.1358,668770094.335,8.000,5.350,PASS,"Adreno (TM) 830"
[bench] burst 3/3 exit_status=0
