    group=0xa selector=111 reg_low=0x27e reg_high=0x27f
[GET] SP_HALF_ALU_MUL_INSTRUCTIONS                 group=0xa selector=112 reg_low=0x27c reg_high=0x27d
[GET] SP_FULL_ALU_ADD_INSTRUCTIONS                 group=0xa selector=113 reg_low=0x27a reg_high=0x27b
[GET] SP_HALF_ALU_ADD_INSTRUCTIONS                 group=0xa selector=114 reg_low=0x278 reg_high=0x279
[GET] SP_BARY_FP32_INSTRUCTIONS                    group=0xa selector=115 reg_low=0x276 reg_high=0x277
[GET] SP_ALU_GPR_READ_CYCLES                       group=0xa selector=116 reg_low=0x274 reg_high=0x275
[GET] SP_ALU_DATA_FORWARDING_CYCLES                group=0xa selector=117 reg_low=0x272 reg_high=0x273
[GET] SP_LM_FULL_CYCLES                            group=0xa selector=118 reg_low=0x270 reg_high=0x271
[GET] SP_TEXTURE_FETCH_LATENCY_CYCLES              group=0xa selector=119 reg_low=0x26e reg_high=0x26f
[bench] command: /data/local/tmp/jerry_work/ml_primitives/ml_primitive_bench --op softmax --variant fused_lmem --spv /data/local/tmp/jerry_work/ml_primitives/spv/softmax_fused_lmem.spv --width 1024 --rows 128 --repeats 16 --csv
[bench] bursts: 3
[bench] burst_sleep_s: 0.200000
[bench] burst 1/3 start
op,variant,width,rows,elements,repeats,elapsed_ms,elements_per_s,estimated_bytes_per_element,estimated_bandwidth_GBps,verify,device
softmax,fused_lmem,1024,128,131072,16,1.1709,1791003273.447,8.000,14.328,PASS,"Adreno (TM) 830"
[bench] burst 1/3 exit_status=0
[bench] sleeping 0.200000 s before next burst
[bench] burst 2/3 start
op,variant,width,rows,elements,repeats,elapsed_ms,elements_per_s,estimated_bytes_per_element,estimated_bandwidth_GBps,verify,device
softmax,fused_lmem,1024,128,131072,16,1.1567,1813017681.909,8.000,14.504,PASS,"Adreno (TM) 830"
[bench] burst 2/3 exit_status=0
[bench] sleeping 0.200000 s before next burst
[bench] burst 3/3 start
op,variant,width,rows,elements,repeats,elapsed_ms,elements_per_s,estimated_bytes_per_element,estimated_bandwidth_GBps,verify,device
softmax,fused_lmem,1024,128,131072,16,1.4831,1414058512.292,8.000,11.312,PASS,"Adreno (TM) 830"
[bench] burst 3/3 exit_status=0
