 reg_high=0x26f
[bench] pid=8808 bursts=3 burst_sleep=0.200000 cmd=/data/local/tmp/jerry_work/ml_primitives/ml_primitive_bench --op softmax --variant fused_lmem --spv /data/local/tmp/jerry_work/ml_primitives/spv/softmax_fused_lmem.spv --width 1024 --rows 128 --repeats 16 --csv
[bench] log=/data/local/tmp/jerry_work/perfcounter_sweeps/sweep_20260625_130734/11_SP/SP_chunk002_benchmark.log
[chunk] saved /data/local/tmp/jerry_work/perfcounter_sweeps/sweep_20260625_130734/11_SP/SP_chunk002.csv (24 active counters, 1233 rows)
[chunk] SP chunk 3 starting at enum-filtered index 48
[GET] SP_EXPORT_VPC_TRANS                          group=0xa selector=48 reg_low=0x29c reg_high=0x29d
[GET] SP_EXPORT_RB_TRANS                           group=0xa selector=49 reg_low=0x29a reg_high=0x29b
[GET] SP_PIXELS_KILLED                             group=0xa selector=50 reg_low=0x298 reg_high=0x299
[GET] SP_ICL1_REQUESTS                             group=0xa selector=51 reg_low=0x296 reg_high=0x297
[GET] SP_ICL1_MISSES                               group=0xa selector=52 reg_low=0x294 reg_high=0x295
[GET] SP_HS_INSTRUCTIONS                           group=0xa selector=53 reg_low=0x292 reg_high=0x293
[GET] SP_DS_INSTRUCTIONS                           group=0xa selector=54 reg_low=0x290 reg_high=0x291
[GET] SP_GS_INSTRUCTIONS                           group=0xa selector=55 reg_low=0x28e reg_high=0x28f
[GET] SP_CS_INSTRUCTIONS                           group=0xa selector=56 reg_low=0x28c reg_high=0x28d
[GET] SP_GPR_READ                                  group=0xa selector=57 reg_low=0x28a reg_high=0x28b
[GET] SP_GPR_WRITE                                 group=0xa selector=58 reg_low=0x288 reg_high=0x289
[GET] SP_FS_STAGE_HALF_EFU_INSTRUCTIONS            group=0xa selector=59 reg_low=0x286 reg_high=0x287
[GET] SP_VS_STAGE_HALF_EFU_INSTRUCTIONS            group=0xa selector=60 reg_low=0x284 reg_high=0x285
[GET] SP_LM_BANK_CONFLICTS                         group=0xa selector=61 reg_low=0x282 reg_high=0x283
[GET] SP_TEX_CONTROL_WORKING_CYCLES                group=0xa selector=62 reg_low=0x280 reg_high=0x281
[GET] SP_LOAD_CONTROL_WORKING_CYCLES               group=0xa selector=63 reg_low=0x27e reg_high=0x27f
[GET] SP_FLOW_CONTROL_WORKING_CYCLES               group=0xa selector=64 reg_low=0x27c reg_high=0x27d
[GET] SP_LM_WORKING_CYCLES                         group=0xa selector=65 reg_low=0x27a reg_high=0x27b
[GET] SP_DISPATCHER_WORKING_CYCLES                 group=0xa selector=66 reg_low=0x278 reg_high=0x279
[GET] SP_SEQUENCER_WORKING_CYCLES                  group=0xa selector=67 reg_low=0x276 reg_high=0x277
[GET] SP_LOW_EFFICIENCY_STARVED_BY_TP              group=0xa selector=68 reg_low=0x274 reg_high=0x275
[GET] SP_STARVE_CYCLES_HLSQ                        group=0xa selector=69 reg_low=0x272 reg_high=0x273
[GET] SP_NON_EXECUTION_LS_CYCLES                   group=0xa selector=70 reg_low=0x270 reg_high=0x271
[GET] SP_WORKING_EU                                group=0xa selector=71 reg_low=0x26e reg_high=0x26f
[bench] command: /data/local/tmp/jerry_work/ml_primitives/ml_primitive_bench --op softmax --variant fused_lmem --spv /data/local/tmp/jerry_work/ml_primitives/spv/softmax_fused_lmem.spv --width 1024 --rows 128 --repeats 16 --csv
[bench] bursts: 3
[bench] burst_sleep_s: 0.200000
[bench] burst 1/3 start
op,variant,width,rows,elements,repeats,elapsed_ms,elements_per_s,estimated_bytes_per_element,estimated_bandwidth_GBps,verify,device
softmax,fused_lmem,1024,128,131072,16,1.4497,1446622997.500,8.000,11.573,PASS,"Adreno (TM) 830"
[bench] burst 1/3 exit_status=0
[bench] sleeping 0.200000 s before next burst
[bench] burst 2/3 start
op,variant,width,rows,elements,repeats,elapsed_ms,elements_per_s,estimated_bytes_per_element,estimated_bandwidth_GBps,verify,device
softmax,fused_lmem,1024,128,131072,16,1.2422,1688203316.753,8.000,13.506,PASS,"Adreno (TM) 830"
[bench] burst 2/3 exit_status=0
[bench] sleeping 0.200000 s before next burst
[bench] burst 3/3 start
op,variant,width,rows,elements,repeats,elapsed_ms,elements_per_s,estimated_bytes_per_element,estimated_bandwidth_GBps,verify,device
softmax,fused_lmem,1024,128,131072,16,1.3218,1586622796.233,8.000,12.693,PASS,"Adreno (TM) 830"
[bench] burst 3/3 exit_status=0
