_SAMPLES                     group=0xa selector=13 reg_low=0x282 reg_high=0x283
[GET] SP_FS_STAGE_DURATION_CYCLES                  group=0xa selector=14 reg_low=0x280 reg_high=0x281
[GET] SP_VS_STAGE_DURATION_CYCLES                  group=0xa selector=15 reg_low=0x27e reg_high=0x27f
[GET] SP_WAVE_CTRL_CYCLES                          group=0xa selector=16 reg_low=0x27c reg_high=0x27d
[GET] SP_WAVE_LOAD_CYCLES                          group=0xa selector=17 reg_low=0x27a reg_high=0x27b
[GET] SP_WAVE_EMIT_CYCLES                          group=0xa selector=18 reg_low=0x278 reg_high=0x279
[GET] SP_WAVE_NOP_CYCLES                           group=0xa selector=19 reg_low=0x276 reg_high=0x277
[GET] SP_WAVE_WAIT_CYCLES                          group=0xa selector=20 reg_low=0x274 reg_high=0x275
[GET] SP_WAVE_FETCH_CYCLES                         group=0xa selector=21 reg_low=0x272 reg_high=0x273
[GET] SP_WAVE_IDLE_CYCLES                          group=0xa selector=22 reg_low=0x270 reg_high=0x271
[GET] SP_WAVE_END_CYCLES                           group=0xa selector=23 reg_low=0x26e reg_high=0x26f
[bench] command: /data/local/tmp/jerry_work/ml_primitives/ml_primitive_bench --op softmax --variant fused_lmem --spv /data/local/tmp/jerry_work/ml_primitives/spv/softmax_fused_lmem.spv --width 1024 --rows 128 --repeats 16 --csv
[bench] bursts: 3
[bench] burst_sleep_s: 0.200000
[bench] burst 1/3 start
op,variant,width,rows,elements,repeats,elapsed_ms,elements_per_s,estimated_bytes_per_element,estimated_bandwidth_GBps,verify,device
softmax,fused_lmem,1024,128,131072,16,1.4061,1491418387.564,8.000,11.931,PASS,"Adreno (TM) 830"
[bench] burst 1/3 exit_status=0
[bench] sleeping 0.200000 s before next burst
[bench] burst 2/3 start
op,variant,width,rows,elements,repeats,elapsed_ms,elements_per_s,estimated_bytes_per_element,estimated_bandwidth_GBps,verify,device
softmax,fused_lmem,1024,128,131072,16,1.3068,1604771265.887,8.000,12.838,PASS,"Adreno (TM) 830"
[bench] burst 2/3 exit_status=0
[bench] sleeping 0.200000 s before next burst
[bench] burst 3/3 start
op,variant,width,rows,elements,repeats,elapsed_ms,elements_per_s,estimated_bytes_per_element,estimated_bandwidth_GBps,verify,device
softmax,fused_lmem,1024,128,131072,16,1.1695,1793156402.011,8.000,14.345,PASS,"Adreno (TM) 830"
[bench] burst 3/3 exit_status=0
