                 group=0x8 selector=31 reg_low=0x246 reg_high=0x247
[GET] UCHE_VBIF_READ_BEATS_CH0                     group=0x8 selector=32 reg_low=0x244 reg_high=0x245
[GET] UCHE_VBIF_READ_BEATS_CH1                     group=0x8 selector=33 reg_low=0x242 reg_high=0x243
[GET] UCHE_VBIF_WRITE_BEATS_CH0                    group=0x8 selector=34 reg_low=0x240 reg_high=0x241
[GET] UCHE_VBIF_WRITE_BEATS_CH1                    group=0x8 selector=35 reg_low=0x23e reg_high=0x23f
[GET] UCHE_GMEM_READ_BEATS                         group=0x8 selector=36 reg_low=0x23c reg_high=0x23d
[GET] UCHE_GMEM_WRITE_BEATS                        group=0x8 selector=37 reg_low=0x23a reg_high=0x23b
[GET] UCHE_UBWC_READ_BEATS                         group=0x8 selector=38 reg_low=0x238 reg_high=0x239
[GET] UCHE_UBWC_WRITE_BEATS                        group=0x8 selector=39 reg_low=0x236 reg_high=0x237
[GET] UCHE_EVICTS                                  group=0x8 selector=40 reg_low=0x234 reg_high=0x235
[GET] UCHE_BANK_REQ0                               group=0x8 selector=41 reg_low=0x232 reg_high=0x233
[GET] UCHE_BANK_REQ1                               group=0x8 selector=42 reg_low=0x230 reg_high=0x231
[GET] UCHE_BANK_REQ2                               group=0x8 selector=43 reg_low=0x22e reg_high=0x22f
[GET] UCHE_BANK_REQ3                               group=0x8 selector=44 reg_low=0x22c reg_high=0x22d
[GET] UCHE_BANK_REQ4                               group=0x8 selector=45 reg_low=0x22a reg_high=0x22b
[GET] UCHE_BANK_REQ5                               group=0x8 selector=46 reg_low=0x228 reg_high=0x229
[GET] UCHE_BANK_REQ6                               group=0x8 selector=47 reg_low=0x226 reg_high=0x227
[bench] command: /data/local/tmp/jerry_work/ml_primitives/ml_primitive_bench --op softmax --variant fused_lmem --spv /data/local/tmp/jerry_work/ml_primitives/spv/softmax_fused_lmem.spv --width 1024 --rows 128 --repeats 16 --csv
[bench] bursts: 3
[bench] burst_sleep_s: 0.200000
[bench] burst 1/3 start
op,variant,width,rows,elements,repeats,elapsed_ms,elements_per_s,estimated_bytes_per_element,estimated_bandwidth_GBps,verify,device
softmax,fused_lmem,1024,128,131072,16,3.2147,652365641.705,8.000,5.219,PASS,"Adreno (TM) 830"
[bench] burst 1/3 exit_status=0
[bench] sleeping 0.200000 s before next burst
[bench] burst 2/3 start
op,variant,width,rows,elements,repeats,elapsed_ms,elements_per_s,estimated_bytes_per_element,estimated_bandwidth_GBps,verify,device
softmax,fused_lmem,1024,128,131072,16,3.0921,678221139.044,8.000,5.426,PASS,"Adreno (TM) 830"
[bench] burst 2/3 exit_status=0
[bench] sleeping 0.200000 s before next burst
[bench] burst 3/3 start
op,variant,width,rows,elements,repeats,elapsed_ms,elements_per_s,estimated_bytes_per_element,estimated_bandwidth_GBps,verify,device
softmax,fused_lmem,1024,128,131072,16,3.2087,653583478.408,8.000,5.229,PASS,"Adreno (TM) 830"
[bench] burst 3/3 exit_status=0
