eg_high=0x233
[GET] UCHE_READ_REQUESTS_VFD_BYPASS_BV             group=0x8 selector=66 reg_low=0x230 reg_high=0x231
[GET] UCHE_READ_REQUESTS_VFD_BYPASS_BR             group=0x8 selector=67 reg_low=0x22e reg_high=0x22f
[GET] BYPC_FULL                                    group=0x8 selector=68 reg_low=0x22c reg_high=0x22d
[GET] BYPC_FULL_CCHE_STALL                         group=0x8 selector=69 reg_low=0x22a reg_high=0x22b
[GET] BYPC_VHUB_STALL                              group=0x8 selector=70 reg_low=0x228 reg_high=0x229
[GET] BYPD_FULL                                    group=0x8 selector=71 reg_low=0x226 reg_high=0x227
[bench] command: /data/local/tmp/jerry_work/ml_primitives/ml_primitive_bench --op softmax --variant fused_lmem --spv /data/local/tmp/jerry_work/ml_primitives/spv/softmax_fused_lmem.spv --width 1024 --rows 128 --repeats 16 --csv
[bench] bursts: 3
[bench] burst_sleep_s: 0.200000
[bench] burst 1/3 start
op,variant,width,rows,elements,repeats,elapsed_ms,elements_per_s,estimated_bytes_per_element,estimated_bandwidth_GBps,verify,device
softmax,fused_lmem,1024,128,131072,16,3.1885,657715030.882,8.000,5.262,PASS,"Adreno (TM) 830"
[bench] burst 1/3 exit_status=0
[bench] sleeping 0.200000 s before next burst
[bench] burst 2/3 start
op,variant,width,rows,elements,repeats,elapsed_ms,elements_per_s,estimated_bytes_per_element,estimated_bandwidth_GBps,verify,device
softmax,fused_lmem,1024,128,131072,16,3.0383,690242936.713,8.000,5.522,PASS,"Adreno (TM) 830"
[bench] burst 2/3 exit_status=0
[bench] sleeping 0.200000 s before next burst
[bench] burst 3/3 start
op,variant,width,rows,elements,repeats,elapsed_ms,elements_per_s,estimated_bytes_per_element,estimated_bandwidth_GBps,verify,device
softmax,fused_lmem,1024,128,131072,16,3.0858,679606446.622,8.000,5.437,PASS,"Adreno (TM) 830"
[bench] burst 3/3 exit_status=0
