um-filtered index 192
[GET] CCHE_GMEM0_LOCAL_RD_REQUEST                  group=0x8 selector=192 reg_low=0x254 reg_high=0x255
[GET] CCHE_GMEM0_LOCAL_WR_REQUEST                  group=0x8 selector=193 reg_low=0x252 reg_high=0x253
[GET] CCHE_GMEM1_LOCAL_RD_REQUEST                  group=0x8 selector=194 reg_low=0x250 reg_high=0x251
[GET] CCHE_GMEM1_LOCAL_WR_REQUEST                  group=0x8 selector=195 reg_low=0x24e reg_high=0x24f
[GET] CCHE_GMEM0_REMOTE_RD_REQUEST                 group=0x8 selector=196 reg_low=0x24c reg_high=0x24d
[GET] CCHE_GMEM0_REMOTE_WR_REQUEST                 group=0x8 selector=197 reg_low=0x24a reg_high=0x24b
[GET] CCHE_GMEM1_REMOTE_RD_REQUEST                 group=0x8 selector=198 reg_low=0x248 reg_high=0x249
[GET] CCHE_GMEM1_REMOTE_WR_REQUEST                 group=0x8 selector=199 reg_low=0x246 reg_high=0x247
[GET] CCHE_STALL_CYCLES_TP                         group=0x8 selector=200 reg_low=0x244 reg_high=0x245
[GET] CCHE_ATOMIC_REQUESTS_SP_TOTAL                group=0x8 selector=201 reg_low=0x242 reg_high=0x243
[GET] CCHE_ATOMIC_PACKING_BEAT_SP_TOTAL            group=0x8 selector=202 reg_low=0x240 reg_high=0x241
[bench] command: /data/local/tmp/jerry_work/ml_primitives/ml_primitive_bench --op softmax --variant fused_lmem --spv /data/local/tmp/jerry_work/ml_primitives/spv/softmax_fused_lmem.spv --width 1024 --rows 128 --repeats 16 --csv
[bench] bursts: 3
[bench] burst_sleep_s: 0.200000
[bench] burst 1/3 start
op,variant,width,rows,elements,repeats,elapsed_ms,elements_per_s,estimated_bytes_per_element,estimated_bandwidth_GBps,verify,device
softmax,fused_lmem,1024,128,131072,16,1.4369,1459470105.301,8.000,11.676,PASS,"Adreno (TM) 830"
[bench] burst 1/3 exit_status=0
[bench] sleeping 0.200000 s before next burst
[bench] burst 2/3 start
op,variant,width,rows,elements,repeats,elapsed_ms,elements_per_s,estimated_bytes_per_element,estimated_bandwidth_GBps,verify,device
softmax,fused_lmem,1024,128,131072,16,1.3923,1506203571.965,8.000,12.050,PASS,"Adreno (TM) 830"
[bench] burst 2/3 exit_status=0
[bench] sleeping 0.200000 s before next burst
[bench] burst 3/3 start
op,variant,width,rows,elements,repeats,elapsed_ms,elements_per_s,estimated_bytes_per_element,estimated_bandwidth_GBps,verify,device
softmax,fused_lmem,1024,128,131072,16,1.1267,1861291058.374,8.000,14.890,PASS,"Adreno (TM) 830"
[bench] burst 3/3 exit_status=0
