eg_high=0x233
[GET] UCHE_READ_REQUESTS_VFD_BYPASS_BV             group=0x8 selector=66 reg_low=0x230 reg_high=0x231
[GET] UCHE_READ_REQUESTS_VFD_BYPASS_BR             group=0x8 selector=67 reg_low=0x22e reg_high=0x22f
[GET] BYPC_FULL                                    group=0x8 selector=68 reg_low=0x22c reg_high=0x22d
[GET] BYPC_FULL_CCHE_STALL                         group=0x8 selector=69 reg_low=0x22a reg_high=0x22b
[GET] BYPC_VHUB_STALL                              group=0x8 selector=70 reg_low=0x228 reg_high=0x229
[GET] BYPD_FULL                                    group=0x8 selector=71 reg_low=0x226 reg_high=0x227
[bench] pid=8726 bursts=3 burst_sleep=0.200000 cmd=/data/local/tmp/jerry_work/ml_primitives/ml_primitive_bench --op softmax --variant fused_lmem --spv /data/local/tmp/jerry_work/ml_primitives/spv/softmax_fused_lmem.spv --width 1024 --rows 128 --repeats 16 --csv
[bench] log=/data/local/tmp/jerry_work/perfcounter_sweeps/sweep_20260625_130734/09_UCHE/UCHE_chunk003_benchmark.log
[chunk] saved /data/local/tmp/jerry_work/perfcounter_sweeps/sweep_20260625_130734/09_UCHE/UCHE_chunk003.csv (24 active counters, 1236 rows)
[chunk] UCHE chunk 4 starting at enum-filtered index 72
[GET] BYPD_FULL_GBIF_STALL                         group=0x8 selector=72 reg_low=0x254 reg_high=0x255
[GET] VHUB_PTABLE_FULL                             group=0x8 selector=73 reg_low=0x252 reg_high=0x253
[GET] DHUB_PTABLE_FULL                             group=0x8 selector=74 reg_low=0x250 reg_high=0x251
[GET] UCHE_RESERVED_75                             group=0x8 selector=75 reg_low=0x24e reg_high=0x24f
[GET] UCHE_RESERVED_76                             group=0x8 selector=76 reg_low=0x24c reg_high=0x24d
[GET] UCHE_RESERVED_77                             group=0x8 selector=77 reg_low=0x24a reg_high=0x24b
[GET] UCHE_RESERVED_78                             group=0x8 selector=78 reg_low=0x248 reg_high=0x249
[GET] UCHE_RESERVED_79                             group=0x8 selector=79 reg_low=0x246 reg_high=0x247
[GET] UCHE_RESERVED_80                             group=0x8 selector=80 reg_low=0x244 reg_high=0x245
[GET] UCHE_RESERVED_81                             group=0x8 selector=81 reg_low=0x242 reg_high=0x243
[GET] UCHE_RESERVED_82                             group=0x8 selector=82 reg_low=0x240 reg_high=0x241
[GET] UCHE_RESERVED_83                             group=0x8 selector=83 reg_low=0x23e reg_high=0x23f
[GET] UCHE_RESERVED_84                             group=0x8 selector=84 reg_low=0x23c reg_high=0x23d
[GET] UCHE_RESERVED_85                             group=0x8 selector=85 reg_low=0x23a reg_high=0x23b
[GET] UCHE_RESERVED_86                             group=0x8 selector=86 reg_low=0x238 reg_high=0x239
[GET] UCHE_RESERVED_87                             group=0x8 selector=87 reg_low=0x236 reg_high=0x237
[GET] UCHE_RESERVED_88                             group=0x8 selector=88 reg_low=0x234 reg_high=0x235
[GET] UCHE_RESERVED_89                             group=0x8 selector=89 reg_low=0x232 reg_high=0x233
[GET] UCHE_RESERVED_90                             group=0x8 selector=90 reg_low=0x230 reg_high=0x231
[GET] UCHE_RESERVED_91                             group=0x8 selector=91 reg_low=0x22e reg_high=0x22f
[GET] UCHE_RESERVED_92                             group=0x8 selector=92 reg_low=0x22c reg_high=0x22d
[GET] UCHE_RESERVED_93                             group=0x8 selector=93 reg_low=0x22a reg_high=0x22b
[GET] UCHE_RESERVED_94                             group=0x8 selector=94 reg_low=0x228 reg_high=0x229
[GET] UCHE_RESERVED_95                             group=0x8 selector=95 reg_low=0x226 reg_high=0x227
[bench] command: /data/local/tmp/jerry_work/ml_primitives/ml_primitive_bench --op softmax --variant fused_lmem --spv /data/local/tmp/jerry_work/ml_primitives/spv/softmax_fused_lmem.spv --width 1024 --rows 128 --repeats 16 --csv
[bench] bursts: 3
[bench] burst_sleep_s: 0.200000
[bench] burst 1/3 start
op,variant,width,rows,elements,repeats,elapsed_ms,elements_per_s,estimated_bytes_per_element,estimated_bandwidth_GBps,verify,device
softmax,fused_lmem,1024,128,131072,16,1.1810,1775759130.695,8.000,14.206,PASS,"Adreno (TM) 830"
[bench] burst 1/3 exit_status=0
[bench] sleeping 0.200000 s before next burst
[bench] burst 2/3 start
op,variant,width,rows,elements,repeats,elapsed_ms,elements_per_s,estimated_bytes_per_element,estimated_bandwidth_GBps,verify,device
softmax,fused_lmem,1024,128,131072,16,1.3233,1584812296.103,8.000,12.678,PASS,"Adreno (TM) 830"
[bench] burst 2/3 exit_status=0
[bench] sleeping 0.200000 s before next burst
[bench] burst 3/3 start
op,variant,width,rows,elements,repeats,elapsed_ms,elements_per_s,estimated_bytes_per_element,estimated_bandwidth_GBps,verify,device
softmax,fused_lmem,1024,128,131072,16,1.3240,1584001909.426,8.000,12.672,PASS,"Adreno (TM) 830"
[bench] burst 3/3 exit_status=0
