b
[GET] VFDP_STALL_CYCLES_VFD_PROG                   group=0x3 selector=21 reg_low=0x1e8 reg_high=0x1e9
[GET] VFDP_STARVE_CYCLES_PC                        group=0x3 selector=22 reg_low=0x1e6 reg_high=0x1e7
[GET] VFDP_VS_STAGE_WAVES                          group=0x3 selector=23 reg_low=0x1e4 reg_high=0x1e5
[bench] pid=8381 bursts=3 burst_sleep=0.200000 cmd=/data/local/tmp/jerry_work/ml_primitives/ml_primitive_bench --op softmax --variant fused_lmem --spv /data/local/tmp/jerry_work/ml_primitives/spv/softmax_fused_lmem.spv --width 1024 --rows 128 --repeats 16 --csv
[bench] log=/data/local/tmp/jerry_work/perfcounter_sweeps/sweep_20260625_130734/04_VFD/VFD_chunk003_benchmark.log
[chunk] saved /data/local/tmp/jerry_work/perfcounter_sweeps/sweep_20260625_130734/04_VFD/VFD_chunk003.csv (8 active counters, 1290 rows)
[chunk] VFD chunk 4 starting at enum-filtered index 24
[GET] VFD_STALL_CYCLES_PRG_END_FE                  group=0x3 selector=24 reg_low=0x1f2 reg_high=0x1f3
[GET] VFD_STALL_CYCLES_CBSYNC                      group=0x3 selector=25 reg_low=0x1f0 reg_high=0x1f1
[GET] VFD_BOTTLENECK_CYCLES                        group=0x3 selector=26 reg_low=0x1ee reg_high=0x1ef
[GET] VFD_WORKING_CYCLES                           group=0x3 selector=27 reg_low=0x1ec reg_high=0x1ed
[bench] command: /data/local/tmp/jerry_work/ml_primitives/ml_primitive_bench --op softmax --variant fused_lmem --spv /data/local/tmp/jerry_work/ml_primitives/spv/softmax_fused_lmem.spv --width 1024 --rows 128 --repeats 16 --csv
[bench] bursts: 3
[bench] burst_sleep_s: 0.200000
[bench] burst 1/3 start
op,variant,width,rows,elements,repeats,elapsed_ms,elements_per_s,estimated_bytes_per_element,estimated_bandwidth_GBps,verify,device
softmax,fused_lmem,1024,128,131072,16,3.2346,648342703.273,8.000,5.187,PASS,"Adreno (TM) 830"
[bench] burst 1/3 exit_status=0
[bench] sleeping 0.200000 s before next burst
[bench] burst 2/3 start
op,variant,width,rows,elements,repeats,elapsed_ms,elements_per_s,estimated_bytes_per_element,estimated_bandwidth_GBps,verify,device
softmax,fused_lmem,1024,128,131072,16,3.1002,676455257.196,8.000,5.412,PASS,"Adreno (TM) 830"
[bench] burst 2/3 exit_status=0
[bench] sleeping 0.200000 s before next burst
[bench] burst 3/3 start
op,variant,width,rows,elements,repeats,elapsed_ms,elements_per_s,estimated_bytes_per_element,estimated_bandwidth_GBps,verify,device
softmax,fused_lmem,1024,128,131072,16,3.0926,678129906.951,8.000,5.425,PASS,"Adreno (TM) 830"
[bench] burst 3/3 exit_status=0
