x1db
[GET] PC_S_TESS_PC_UV_PATCHES                      group=0x2 selector=85 reg_low=0x1d8 reg_high=0x1d9
[GET] PC_S_MESH_VS_WAVES                           group=0x2 selector=86 reg_low=0x1d6 reg_high=0x1d7
[bench] pid=8366 bursts=3 burst_sleep=0.200000 cmd=/data/local/tmp/jerry_work/ml_primitives/ml_primitive_bench --op softmax --variant fused_lmem --spv /data/local/tmp/jerry_work/ml_primitives/spv/softmax_fused_lmem.spv --width 1024 --rows 128 --repeats 16 --csv
[bench] log=/data/local/tmp/jerry_work/perfcounter_sweeps/sweep_20260625_130734/03_PC/PC_chunk011_benchmark.log
[chunk] saved /data/local/tmp/jerry_work/perfcounter_sweeps/sweep_20260625_130734/03_PC/PC_chunk011.csv (7 active counters, 1306 rows)

[group] VFD: total selected counters=28, physical slots=8
[chunk] VFD chunk 1 starting at enum-filtered index 0
[GET] VFD_NEVER_COUNT                              group=0x3 selector=0 reg_low=0x1f2 reg_high=0x1f3
[GET] VFD_BUSY_CYCLES                              group=0x3 selector=1 reg_low=0x1f0 reg_high=0x1f1
[GET] VFD_STALL_CYCLES_UCHE                        group=0x3 selector=2 reg_low=0x1ee reg_high=0x1ef
[GET] VFD_STALL_CYCLES_VPC_ALLOC                   group=0x3 selector=3 reg_low=0x1ec reg_high=0x1ed
[GET] VFD_STALL_CYCLES_SP_INFO                     group=0x3 selector=4 reg_low=0x1ea reg_high=0x1eb
[GET] VFD_STALL_CYCLES_SP_ATTR                     group=0x3 selector=5 reg_low=0x1e8 reg_high=0x1e9
[GET] VFD_STARVE_CYCLES_UCHE                       group=0x3 selector=6 reg_low=0x1e6 reg_high=0x1e7
[GET] VFD_RBUFFER_FULL                             group=0x3 selector=7 reg_low=0x1e4 reg_high=0x1e5
[bench] pid=8370 bursts=3 burst_sleep=0.200000 cmd=/data/local/tmp/jerry_work/ml_primitives/ml_primitive_bench --op softmax --variant fused_lmem --spv /data/local/tmp/jerry_work/ml_primitives/spv/softmax_fused_lmem.spv --width 1024 --rows 128 --repeats 16 --csv
[bench] log=/data/local/tmp/jerry_work/perfcounter_sweeps/sweep_20260625_130734/04_VFD/VFD_chunk001_benchmark.log
[chunk] saved /data/local/tmp/jerry_work/perfcounter_sweeps/sweep_20260625_130734/04_VFD/VFD_chunk001.csv (8 active counters, 1308 rows)
[chunk] VFD chunk 2 starting at enum-filtered index 8
[GET] VFD_ATTR_INFO_FIFO_FULL                      group=0x3 selector=8 reg_low=0x1f2 reg_high=0x1f3
[GET] VFD_DECODED_ATTRIBUTE_BYTES                  group=0x3 selector=9 reg_low=0x1f0 reg_high=0x1f1
[GET] VFD_NUM_ATTRIBUTES                           group=0x3 selector=10 reg_low=0x1ee reg_high=0x1ef
[GET] VFD_UPPER_SHADER_FIBERS                      group=0x3 selector=11 reg_low=0x1ec reg_high=0x1ed
[GET] VFD_LOWER_SHADER_FIBERS                      group=0x3 selector=12 reg_low=0x1ea reg_high=0x1eb
[GET] VFD_MODE_0_FIBERS                            group=0x3 selector=13 reg_low=0x1e8 reg_high=0x1e9
[GET] VFD_MODE_1_FIBERS                            group=0x3 selector=14 reg_low=0x1e6 reg_high=0x1e7
[GET] VFD_MODE_2_FIBERS                            group=0x3 selector=15 reg_low=0x1e4 reg_high=0x1e5
[bench] command: /data/local/tmp/jerry_work/ml_primitives/ml_primitive_bench --op softmax --variant fused_lmem --spv /data/local/tmp/jerry_work/ml_primitives/spv/softmax_fused_lmem.spv --width 1024 --rows 128 --repeats 16 --csv
[bench] bursts: 3
[bench] burst_sleep_s: 0.200000
[bench] burst 1/3 start
op,variant,width,rows,elements,repeats,elapsed_ms,elements_per_s,estimated_bytes_per_element,estimated_bandwidth_GBps,verify,device
softmax,fused_lmem,1024,128,131072,16,3.1744,660650364.245,8.000,5.285,PASS,"Adreno (TM) 830"
[bench] burst 1/3 exit_status=0
[bench] sleeping 0.200000 s before next burst
[bench] burst 2/3 start
op,variant,width,rows,elements,repeats,elapsed_ms,elements_per_s,estimated_bytes_per_element,estimated_bandwidth_GBps,verify,device
softmax,fused_lmem,1024,128,131072,16,1.3348,1571083961.871,8.000,12.569,PASS,"Adreno (TM) 830"
[bench] burst 2/3 exit_status=0
[bench] sleeping 0.200000 s before next burst
[bench] burst 3/3 start
op,variant,width,rows,elements,repeats,elapsed_ms,elements_per_s,estimated_bytes_per_element,estimated_bandwidth_GBps,verify,device
softmax,fused_lmem,1024,128,131072,16,3.1388,668137716.237,8.000,5.345,PASS,"Adreno (TM) 830"
[bench] burst 3/3 exit_status=0
