/data/local/tmp/jerry_work/perfcounter_sweeps/sweep_20260625_152944/05_HLSQ/HLSQ_chunk018_benchmark.log
[chunk] saved /data/local/tmp/jerry_work/perfcounter_sweeps/sweep_20260625_152944/05_HLSQ/HLSQ_chunk018.csv (6 active counters, 2536 rows)
[chunk] HLSQ chunk 19 starting at enum-filtered index 108
[GET] HLSQ_BV2LPAC_SWITCH_CNT                      group=0x4 selector=108 reg_low=0x1fe reg_high=0x1ff
[GET] HLSQ_LPAC2BV_SWITCH_CYC                      group=0x4 selector=109 reg_low=0x1fc reg_high=0x1fd
[GET] HLSQ_BV2LPAC_SWITCH_CYC                      group=0x4 selector=110 reg_low=0x1fa reg_high=0x1fb
[GET] HLSQ_VSDP_BV2BR_SWITCH_CYC                   group=0x4 selector=111 reg_low=0x1f8 reg_high=0x1f9
[GET] HLSQ_VS_SP_HCTX_ACTIVE_CNT                   group=0x4 selector=112 reg_low=0x1f6 reg_high=0x1f7
[GET] HLSQ_FS_SP_HCTX_ACTIVE_CNT                   group=0x4 selector=113 reg_low=0x1f4 reg_high=0x1f5
[bench] pid=8481 width_count=5 width_sleep=0.100000 cmd_base=/data/local/tmp/jerry_work/ml_primitives/ml_primitive_bench --op softmax --variant fused_lmem --spv /data/local/tmp/jerry_work/ml_primitives/spv/softmax_fused_lmem.spv --rows 128 --repeats 4 --csv
[bench] widths: 128 256 512 1024 2048
[bench] log=/data/local/tmp/jerry_work/perfcounter_sweeps/sweep_20260625_152944/05_HLSQ/HLSQ_chunk019_benchmark.log
[chunk] saved /data/local/tmp/jerry_work/perfcounter_sweeps/sweep_20260625_152944/05_HLSQ/HLSQ_chunk019.csv (6 active counters, 2550 rows)
[chunk] HLSQ chunk 20 starting at enum-filtered index 114
[GET] HLSQ_BV_SP_HCTX_ACTIVE_CNT                   group=0x4 selector=114 reg_low=0x1fe reg_high=0x1ff
[GET] HLSQ_VS_SP_HCTX_ACTIVE_CYC                   group=0x4 selector=115 reg_low=0x1fc reg_high=0x1fd
[GET] HLSQ_FS_SP_HCTX_ACTIVE_CYC                   group=0x4 selector=116 reg_low=0x1fa reg_high=0x1fb
[GET] HLSQ_BV_SP_HCTX_ACTIVE_CYC                   group=0x4 selector=117 reg_low=0x1f8 reg_high=0x1f9
[GET] HLSQ_VS_SP_CCTX_ACTIVE_CNT                   group=0x4 selector=118 reg_low=0x1f6 reg_high=0x1f7
[GET] HLSQ_FS_SP_CCTX_ACTIVE_CNT                   group=0x4 selector=119 reg_low=0x1f4 reg_high=0x1f5
[bench] pid=8487 width_count=5 width_sleep=0.100000 cmd_base=/data/local/tmp/jerry_work/ml_primitives/ml_primitive_bench --op softmax --variant fused_lmem --spv /data/local/tmp/jerry_work/ml_primitives/spv/softmax_fused_lmem.spv --rows 128 --repeats 4 --csv
[bench] widths: 128 256 512 1024 2048
[bench] log=/data/local/tmp/jerry_work/perfcounter_sweeps/sweep_20260625_152944/05_HLSQ/HLSQ_chunk020_benchmark.log
[chunk] saved /data/local/tmp/jerry_work/perfcounter_sweeps/sweep_20260625_152944/05_HLSQ/HLSQ_chunk020.csv (6 active counters, 2537 rows)
[chunk] HLSQ chunk 21 starting at enum-filtered index 120
[GET] HLSQ_BV_SP_CCTX_ACTIVE_CNT                   group=0x4 selector=120 reg_low=0x1fe reg_high=0x1ff
[GET] HLSQ_VS_SP_SCTX_ACTIVE_CNT                   group=0x4 selector=121 reg_low=0x1fc reg_high=0x1fd
[GET] HLSQ_FS_SP_SCTX_ACTIVE_CNT                   group=0x4 selector=122 reg_low=0x1fa reg_high=0x1fb
[GET] HLSQ_BV_SP_SCTX_ACTIVE_CNT                   group=0x4 selector=123 reg_low=0x1f8 reg_high=0x1f9
[GET] HLSQ_VS_SP_CTX_ALIVE_CYCLE                   group=0x4 selector=124 reg_low=0x1f6 reg_high=0x1f7
[GET] HLSQ_FS_SP_CTX_ALIVE_CYCLE                   group=0x4 selector=125 reg_low=0x1f4 reg_high=0x1f5
[bench] command_base: /data/local/tmp/jerry_work/ml_primitives/ml_primitive_bench --op softmax --variant fused_lmem --spv /data/local/tmp/jerry_work/ml_primitives/spv/softmax_fused_lmem.spv --rows 128 --repeats 4 --csv
[bench] bursts: 1
[bench] burst_sleep_s: 0.000000
[bench] width_count: 5
[bench] width_sleep_s: 0.100000
[bench] widths: 128 256 512 1024 2048
[bench] width_step 1/5 width=128 start
[bench] width_step_cmd: /data/local/tmp/jerry_work/ml_primitives/ml_primitive_bench --op softmax --variant fused_lmem --spv /data/local/tmp/jerry_work/ml_primitives/spv/softmax_fused_lmem.spv --rows 128 --repeats 4 --csv --width 128
op,variant,width,rows,elements,repeats,elapsed_ms,elements_per_s,estimated_bytes_per_element,estimated_bandwidth_GBps,verify,device
softmax,fused_lmem,128,128,16384,4,1.0313,63546856.304,8.000,0.508,PASS,"Adreno (TM) 830"
[bench] width_step 1/5 width=128 exit_status=0
[bench] sleeping 0.100000 s before next width
[bench] width_step 2/5 width=256 start
[bench] width_step_cmd: /data/local/tmp/jerry_work/ml_primitives/ml_primitive_bench --op softmax --variant fused_lmem --spv /data/local/tmp/jerry_work/ml_primitives/spv/softmax_fused_lmem.spv --rows 128 --repeats 4 --csv --width 256
op,variant,width,rows,elements,repeats,elapsed_ms,elements_per_s,estimated_bytes_per_element,estimated_bandwidth_GBps,verify,device
softmax,fused_lmem,256,128,32768,4,0.5720,229134034.460,8.000,1.833,PASS,"Adreno (TM) 830"
[bench] width_step 2/5 width=256 exit_status=0
[bench] sleeping 0.100000 s before next width
[bench] width_step 3/5 width=512 start
[bench] width_step_cmd: /data/local/tmp/jerry_work/ml_primitives/ml_primitive_bench --op softmax --variant fused_lmem --spv /data/local/tmp/jerry_work/ml_primitives/spv/softmax_fused_lmem.spv --rows 128 --repeats 4 --csv --width 512
op,variant,width,rows,elements,repeats,elapsed_ms,elements_per_s,estimated_bytes_per_element,estimated_bandwidth_GBps,verify,device
softmax,fused_lmem,512,128,65536,4,0.8503,308310036.565,8.000,2.466,PASS,"Adreno (TM) 830"
[bench] width_step 3/5 width=512 exit_status=0
[bench] sleeping 0.100000 s before next width
[bench] width_step 4/5 width=1024 start
[bench] width_step_cmd: /data/local/tmp/jerry_work/ml_primitives/ml_primitive_bench --op softmax --variant fused_lmem --spv /data/local/tmp/jerry_work/ml_primitives/spv/softmax_fused_lmem.spv --rows 128 --repeats 4 --csv --width 1024
op,variant,width,rows,elements,repeats,elapsed_ms,elements_per_s,estimated_bytes_per_element,estimated_bandwidth_GBps,verify,device
softmax,fused_lmem,1024,128,131072,4,0.5519,950012231.031,8.000,7.600,PASS,"Adreno (TM) 830"
[bench] width_step 4/5 width=1024 exit_status=0
[bench] sleeping 0.100000 s before next width
[bench] width_step 5/5 width=2048 start
[bench] width_step_cmd: /data/local/tmp/jerry_work/ml_primitives/ml_primitive_bench --op softmax --variant fused_lmem --spv /data/local/tmp/jerry_work/ml_primitives/spv/softmax_fused_lmem.spv --rows 128 --repeats 4 --csv --width 2048
op,variant,width,rows,elements,repeats,elapsed_ms,elements_per_s,estimated_bytes_per_element,estimated_bandwidth_GBps,verify,device
softmax,fused_lmem,2048,128,262144,4,2.2917,457560369.809,8.000,3.660,PASS,"Adreno (TM) 830"
[bench] width_step 5/5 width=2048 exit_status=0
