9
[GET] TP_RESERVED_99                               group=0x9 selector=99 reg_low=0x266 reg_high=0x267
[GET] TP_RESERVED_100                              group=0x9 selector=100 reg_low=0x264 reg_high=0x265
[GET] TP_RESERVED_101                              group=0x9 selector=101 reg_low=0x262 reg_high=0x263
[GET] TP_RESERVED_102                              group=0x9 selector=102 reg_low=0x260 reg_high=0x261
[GET] TP_RESERVED_103                              group=0x9 selector=103 reg_low=0x25e reg_high=0x25f
[GET] TP_RESERVED_104                              group=0x9 selector=104 reg_low=0x25c reg_high=0x25d
[GET] TP_RESERVED_105                              group=0x9 selector=105 reg_low=0x25a reg_high=0x25b
[GET] TP_RESERVED_106                              group=0x9 selector=106 reg_low=0x258 reg_high=0x259
[GET] TP_RESERVED_107                              group=0x9 selector=107 reg_low=0x256 reg_high=0x257
[bench] pid=8787 bursts=3 burst_sleep=0.200000 cmd=/data/local/tmp/jerry_work/ml_primitives/ml_primitive_bench --op softmax --variant fused_lmem --spv /data/local/tmp/jerry_work/ml_primitives/spv/softmax_fused_lmem.spv --width 1024 --rows 128 --repeats 16 --csv
[bench] log=/data/local/tmp/jerry_work/perfcounter_sweeps/sweep_20260625_130734/10_TP/TP_chunk009_benchmark.log
[chunk] saved /data/local/tmp/jerry_work/perfcounter_sweeps/sweep_20260625_130734/10_TP/TP_chunk009.csv (12 active counters, 1288 rows)
[chunk] TP chunk 10 starting at enum-filtered index 108
[GET] TP_RESERVED_108                              group=0x9 selector=108 reg_low=0x26c reg_high=0x26d
[GET] TP_RESERVED_109                              group=0x9 selector=109 reg_low=0x26a reg_high=0x26b
[GET] TP_RESERVED_110                              group=0x9 selector=110 reg_low=0x268 reg_high=0x269
[GET] TP_RESERVED_111                              group=0x9 selector=111 reg_low=0x266 reg_high=0x267
[GET] TP_RESERVED_112                              group=0x9 selector=112 reg_low=0x264 reg_high=0x265
[GET] TP_RESERVED_113                              group=0x9 selector=113 reg_low=0x262 reg_high=0x263
[GET] TP_RESERVED_114                              group=0x9 selector=114 reg_low=0x260 reg_high=0x261
[GET] TP_RESERVED_115                              group=0x9 selector=115 reg_low=0x25e reg_high=0x25f
[GET] TP_RESERVED_116                              group=0x9 selector=116 reg_low=0x25c reg_high=0x25d
[GET] TP_RESERVED_117                              group=0x9 selector=117 reg_low=0x25a reg_high=0x25b
[GET] TP_RESERVED_118                              group=0x9 selector=118 reg_low=0x258 reg_high=0x259
[GET] TP_RESERVED_119                              group=0x9 selector=119 reg_low=0x256 reg_high=0x257
[bench] command: /data/local/tmp/jerry_work/ml_primitives/ml_primitive_bench --op softmax --variant fused_lmem --spv /data/local/tmp/jerry_work/ml_primitives/spv/softmax_fused_lmem.spv --width 1024 --rows 128 --repeats 16 --csv
[bench] bursts: 3
[bench] burst_sleep_s: 0.200000
[bench] burst 1/3 start
op,variant,width,rows,elements,repeats,elapsed_ms,elements_per_s,estimated_bytes_per_element,estimated_bandwidth_GBps,verify,device
softmax,fused_lmem,1024,128,131072,16,3.1940,656589052.633,8.000,5.253,PASS,"Adreno (TM) 830"
[bench] burst 1/3 exit_status=0
[bench] sleeping 0.200000 s before next burst
[bench] burst 2/3 start
op,variant,width,rows,elements,repeats,elapsed_ms,elements_per_s,estimated_bytes_per_element,estimated_bandwidth_GBps,verify,device
softmax,fused_lmem,1024,128,131072,16,1.3064,1605283502.985,8.000,12.842,PASS,"Adreno (TM) 830"
[bench] burst 2/3 exit_status=0
[bench] sleeping 0.200000 s before next burst
[bench] burst 3/3 start
op,variant,width,rows,elements,repeats,elapsed_ms,elements_per_s,estimated_bytes_per_element,estimated_bandwidth_GBps,verify,device
softmax,fused_lmem,1024,128,131072,16,1.1161,1879011874.458,8.000,15.032,PASS,"Adreno (TM) 830"
[bench] burst 3/3 exit_status=0
