16 bursts=3 burst_sleep=0.200000 cmd=/data/local/tmp/jerry_work/ml_primitives/ml_primitive_bench --op softmax --variant fused_lmem --spv /data/local/tmp/jerry_work/ml_primitives/spv/softmax_fused_lmem.spv --width 1024 --rows 128 --repeats 16 --csv
[bench] log=/data/local/tmp/jerry_work/perfcounter_sweeps/sweep_20260625_130734/06_VPC/VPC_chunk007_benchmark.log
[chunk] saved /data/local/tmp/jerry_work/perfcounter_sweeps/sweep_20260625_130734/06_VPC/VPC_chunk007.csv (6 active counters, 1315 rows)
[chunk] VPC chunk 8 starting at enum-filtered index 42
[GET] VPC_RESERVED_42                              group=0x5 selector=42 reg_low=0x20a reg_high=0x20b
[GET] VPC_RESERVED_43                              group=0x5 selector=43 reg_low=0x208 reg_high=0x209
[GET] VPC_RESERVED_44                              group=0x5 selector=44 reg_low=0x206 reg_high=0x207
[GET] VPC_BE_BUSY_CYCLES                           group=0x5 selector=45 reg_low=0x204 reg_high=0x205
[GET] VPC_BE_WORKING_CYCLES                        group=0x5 selector=46 reg_low=0x202 reg_high=0x203
[GET] VPC_BE_STALL_CYCLES_TSE_BE                   group=0x5 selector=47 reg_low=0x200 reg_high=0x201
[bench] command: /data/local/tmp/jerry_work/ml_primitives/ml_primitive_bench --op softmax --variant fused_lmem --spv /data/local/tmp/jerry_work/ml_primitives/spv/softmax_fused_lmem.spv --width 1024 --rows 128 --repeats 16 --csv
[bench] bursts: 3
[bench] burst_sleep_s: 0.200000
[bench] burst 1/3 start
op,variant,width,rows,elements,repeats,elapsed_ms,elements_per_s,estimated_bytes_per_element,estimated_bandwidth_GBps,verify,device
softmax,fused_lmem,1024,128,131072,16,1.3727,1527748071.695,8.000,12.222,PASS,"Adreno (TM) 830"
[bench] burst 1/3 exit_status=0
[bench] sleeping 0.200000 s before next burst
[bench] burst 2/3 start
op,variant,width,rows,elements,repeats,elapsed_ms,elements_per_s,estimated_bytes_per_element,estimated_bandwidth_GBps,verify,device
softmax,fused_lmem,1024,128,131072,16,1.3153,1594414100.989,8.000,12.755,PASS,"Adreno (TM) 830"
[bench] burst 2/3 exit_status=0
[bench] sleeping 0.200000 s before next burst
[bench] burst 3/3 start
op,variant,width,rows,elements,repeats,elapsed_ms,elements_per_s,estimated_bytes_per_element,estimated_bandwidth_GBps,verify,device
softmax,fused_lmem,1024,128,131072,16,1.3124,1597893402.253,8.000,12.783,PASS,"Adreno (TM) 830"
[bench] burst 3/3 exit_status=0
