18 reg_low=0x20a reg_high=0x20b
[GET] VPC_FE_STALL_CYCLES_CCU                      group=0x5 selector=19 reg_low=0x208 reg_high=0x209
[GET] VPC_FE_NUM_WM_HIT                            group=0x5 selector=20 reg_low=0x206 reg_high=0x207
[GET] VPC_FE_STALL_DQ_WACK                         group=0x5 selector=21 reg_low=0x204 reg_high=0x205
[GET] VPC_FE_STALL_CYCLES_PRG_END_FE               group=0x5 selector=22 reg_low=0x202 reg_high=0x203
[GET] VPC_FE_STALL_CYCLES_PRG_END_VPCVS            group=0x5 selector=23 reg_low=0x200 reg_high=0x201
[bench] pid=8504 bursts=3 burst_sleep=0.200000 cmd=/data/local/tmp/jerry_work/ml_primitives/ml_primitive_bench --op softmax --variant fused_lmem --spv /data/local/tmp/jerry_work/ml_primitives/spv/softmax_fused_lmem.spv --width 1024 --rows 128 --repeats 16 --csv
[bench] log=/data/local/tmp/jerry_work/perfcounter_sweeps/sweep_20260625_130734/06_VPC/VPC_chunk004_benchmark.log
[chunk] saved /data/local/tmp/jerry_work/perfcounter_sweeps/sweep_20260625_130734/06_VPC/VPC_chunk004.csv (6 active counters, 1301 rows)
[chunk] VPC chunk 5 starting at enum-filtered index 24
[GET] VPC_FE_POSRAM_FULL_CYCLES                    group=0x5 selector=24 reg_low=0x20a reg_high=0x20b
[GET] VPC_FE_GMEM_NOP_FULL_CYCLES                  group=0x5 selector=25 reg_low=0x208 reg_high=0x209
[GET] VPC_FE_GMEM_POS_FULL_CYCLES                  group=0x5 selector=26 reg_low=0x206 reg_high=0x207
[GET] VPC_FE_BOTTLENECK                            group=0x5 selector=27 reg_low=0x204 reg_high=0x205
[GET] VPC_US_BUSY_CYCLES                           group=0x5 selector=28 reg_low=0x202 reg_high=0x203
[GET] VPC_US_WORKING_CYCLES                        group=0x5 selector=29 reg_low=0x200 reg_high=0x201
[bench] command: /data/local/tmp/jerry_work/ml_primitives/ml_primitive_bench --op softmax --variant fused_lmem --spv /data/local/tmp/jerry_work/ml_primitives/spv/softmax_fused_lmem.spv --width 1024 --rows 128 --repeats 16 --csv
[bench] bursts: 3
[bench] burst_sleep_s: 0.200000
[bench] burst 1/3 start
op,variant,width,rows,elements,repeats,elapsed_ms,elements_per_s,estimated_bytes_per_element,estimated_bandwidth_GBps,verify,device
softmax,fused_lmem,1024,128,131072,16,1.4436,1452730790.465,8.000,11.622,PASS,"Adreno (TM) 830"
[bench] burst 1/3 exit_status=0
[bench] sleeping 0.200000 s before next burst
[bench] burst 2/3 start
op,variant,width,rows,elements,repeats,elapsed_ms,elements_per_s,estimated_bytes_per_element,estimated_bandwidth_GBps,verify,device
softmax,fused_lmem,1024,128,131072,16,1.3713,1529372470.374,8.000,12.235,PASS,"Adreno (TM) 830"
[bench] burst 2/3 exit_status=0
[bench] sleeping 0.200000 s before next burst
[bench] burst 3/3 start
op,variant,width,rows,elements,repeats,elapsed_ms,elements_per_s,estimated_bytes_per_element,estimated_bandwidth_GBps,verify,device
softmax,fused_lmem,1024,128,131072,16,1.1320,1852557041.282,8.000,14.820,PASS,"Adreno (TM) 830"
[bench] burst 3/3 exit_status=0
