[GET] VPC_BE_PS_BUSY_CYCLES                        group=0x5 selector=60 reg_low=0x20a reg_high=0x20b
[GET] VPC_BE_PS_WORKING_CYCLES                     group=0x5 selector=61 reg_low=0x208 reg_high=0x209
[GET] VPC_BE_STALL_CYCLES_CCHE                     group=0x5 selector=62 reg_low=0x206 reg_high=0x207
[GET] VPC_BE_STARVE_CYCLES_CCHE                    group=0x5 selector=63 reg_low=0x204 reg_high=0x205
[GET] VPC_BE_LM_FULL_WAIT_FOR_INTP_END             group=0x5 selector=64 reg_low=0x202 reg_high=0x203
[GET] VPC_BE_CCHE_REQBUF_FULL                      group=0x5 selector=65 reg_low=0x200 reg_high=0x201
[bench] command: /data/local/tmp/jerry_work/ml_primitives/ml_primitive_bench --op softmax --variant fused_lmem --spv /data/local/tmp/jerry_work/ml_primitives/spv/softmax_fused_lmem.spv --width 1024 --rows 128 --repeats 16 --csv
[bench] bursts: 3
[bench] burst_sleep_s: 0.200000
[bench] burst 1/3 start
op,variant,width,rows,elements,repeats,elapsed_ms,elements_per_s,estimated_bytes_per_element,estimated_bandwidth_GBps,verify,device
softmax,fused_lmem,1024,128,131072,16,1.2548,1671315780.875,8.000,13.371,PASS,"Adreno (TM) 830"
[bench] burst 1/3 exit_status=0
[bench] sleeping 0.200000 s before next burst
[bench] burst 2/3 start
op,variant,width,rows,elements,repeats,elapsed_ms,elements_per_s,estimated_bytes_per_element,estimated_bandwidth_GBps,verify,device
softmax,fused_lmem,1024,128,131072,16,0.9815,2136772026.923,8.000,17.094,PASS,"Adreno (TM) 830"
[bench] burst 2/3 exit_status=0
[bench] sleeping 0.200000 s before next burst
[bench] burst 3/3 start
op,variant,width,rows,elements,repeats,elapsed_ms,elements_per_s,estimated_bytes_per_element,estimated_bandwidth_GBps,verify,device
softmax,fused_lmem,1024,128,131072,16,1.0992,1907858131.872,8.000,15.263,PASS,"Adreno (TM) 830"
[bench] burst 3/3 exit_status=0
