ATS                         group=0x8 selector=36 reg_low=0x23c reg_high=0x23d
[GET] UCHE_GMEM_WRITE_BEATS                        group=0x8 selector=37 reg_low=0x23a reg_high=0x23b
[GET] UCHE_UBWC_READ_BEATS                         group=0x8 selector=38 reg_low=0x238 reg_high=0x239
[GET] UCHE_UBWC_WRITE_BEATS                        group=0x8 selector=39 reg_low=0x236 reg_high=0x237
[GET] UCHE_EVICTS                                  group=0x8 selector=40 reg_low=0x234 reg_high=0x235
[GET] UCHE_BANK_REQ0                               group=0x8 selector=41 reg_low=0x232 reg_high=0x233
[GET] UCHE_BANK_REQ1                               group=0x8 selector=42 reg_low=0x230 reg_high=0x231
[GET] UCHE_BANK_REQ2                               group=0x8 selector=43 reg_low=0x22e reg_high=0x22f
[GET] UCHE_BANK_REQ3                               group=0x8 selector=44 reg_low=0x22c reg_high=0x22d
[GET] UCHE_BANK_REQ4                               group=0x8 selector=45 reg_low=0x22a reg_high=0x22b
[GET] UCHE_BANK_REQ5                               group=0x8 selector=46 reg_low=0x228 reg_high=0x229
[GET] UCHE_BANK_REQ6                               group=0x8 selector=47 reg_low=0x226 reg_high=0x227
[bench] command_base: /data/local/tmp/jerry_work/ml_primitives/ml_primitive_bench --op softmax --variant fused_lmem --spv /data/local/tmp/jerry_work/ml_primitives/spv/softmax_fused_lmem.spv --rows 128 --repeats 4 --csv
[bench] bursts: 1
[bench] burst_sleep_s: 0.000000
[bench] width_count: 5
[bench] width_sleep_s: 0.100000
[bench] widths: 128 256 512 1024 2048
[bench] width_step 1/5 width=128 start
[bench] width_step_cmd: /data/local/tmp/jerry_work/ml_primitives/ml_primitive_bench --op softmax --variant fused_lmem --spv /data/local/tmp/jerry_work/ml_primitives/spv/softmax_fused_lmem.spv --rows 128 --repeats 4 --csv --width 128
op,variant,width,rows,elements,repeats,elapsed_ms,elements_per_s,estimated_bytes_per_element,estimated_bandwidth_GBps,verify,device
softmax,fused_lmem,128,128,16384,4,1.1209,58465373.165,8.000,0.468,PASS,"Adreno (TM) 830"
[bench] width_step 1/5 width=128 exit_status=0
[bench] sleeping 0.100000 s before next width
[bench] width_step 2/5 width=256 start
[bench] width_step_cmd: /data/local/tmp/jerry_work/ml_primitives/ml_primitive_bench --op softmax --variant fused_lmem --spv /data/local/tmp/jerry_work/ml_primitives/spv/softmax_fused_lmem.spv --rows 128 --repeats 4 --csv --width 256
op,variant,width,rows,elements,repeats,elapsed_ms,elements_per_s,estimated_bytes_per_element,estimated_bandwidth_GBps,verify,device
softmax,fused_lmem,256,128,32768,4,0.6325,207228458.498,8.000,1.658,PASS,"Adreno (TM) 830"
[bench] width_step 2/5 width=256 exit_status=0
[bench] sleeping 0.100000 s before next width
[bench] width_step 3/5 width=512 start
[bench] width_step_cmd: /data/local/tmp/jerry_work/ml_primitives/ml_primitive_bench --op softmax --variant fused_lmem --spv /data/local/tmp/jerry_work/ml_primitives/spv/softmax_fused_lmem.spv --rows 128 --repeats 4 --csv --width 512
op,variant,width,rows,elements,repeats,elapsed_ms,elements_per_s,estimated_bytes_per_element,estimated_bandwidth_GBps,verify,device
softmax,fused_lmem,512,128,65536,4,0.7730,339139085.785,8.000,2.713,PASS,"Adreno (TM) 830"
[bench] width_step 3/5 width=512 exit_status=0
[bench] sleeping 0.100000 s before next width
[bench] width_step 4/5 width=1024 start
[bench] width_step_cmd: /data/local/tmp/jerry_work/ml_primitives/ml_primitive_bench --op softmax --variant fused_lmem --spv /data/local/tmp/jerry_work/ml_primitives/spv/softmax_fused_lmem.spv --rows 128 --repeats 4 --csv --width 1024
op,variant,width,rows,elements,repeats,elapsed_ms,elements_per_s,estimated_bytes_per_element,estimated_bandwidth_GBps,verify,device
softmax,fused_lmem,1024,128,131072,4,2.6190,200189541.031,8.000,1.602,PASS,"Adreno (TM) 830"
[bench] width_step 4/5 width=1024 exit_status=0
[bench] sleeping 0.100000 s before next width
[bench] width_step 5/5 width=2048 start
[bench] width_step_cmd: /data/local/tmp/jerry_work/ml_primitives/ml_primitive_bench --op softmax --variant fused_lmem --spv /data/local/tmp/jerry_work/ml_primitives/spv/softmax_fused_lmem.spv --rows 128 --repeats 4 --csv --width 2048
op,variant,width,rows,elements,repeats,elapsed_ms,elements_per_s,estimated_bytes_per_element,estimated_bandwidth_GBps,verify,device
softmax,fused_lmem,2048,128,262144,4,0.6662,1573970501.262,8.000,12.592,PASS,"Adreno (TM) 830"
[bench] width_step 5/5 width=2048 exit_status=0
