/local/tmp/jerry_work/perfcounter_sweeps/sweep_20260625_130734/05_HLSQ/HLSQ_chunk002.csv (6 active counters, 1308 rows)
[chunk] HLSQ chunk 3 starting at enum-filtered index 12
[GET] HLSQ_DUAL_FS_PROG_ACTIVE                     group=0x4 selector=12 reg_low=0x1fe reg_high=0x1ff
[GET] HLSQ_DUAL_VS_PROG_ACTIVE                     group=0x4 selector=13 reg_low=0x1fc reg_high=0x1fd
[GET] HLSQ_FS_BATCH_COUNT_ZERO                     group=0x4 selector=14 reg_low=0x1fa reg_high=0x1fb
[GET] HLSQ_VS_BATCH_COUNT_ZERO                     group=0x4 selector=15 reg_low=0x1f8 reg_high=0x1f9
[GET] HLSQ_WAVE_PENDING_NO_QUAD                    group=0x4 selector=16 reg_low=0x1f6 reg_high=0x1f7
[GET] HLSQ_WAVE_PENDING_NO_PRIM_BASE               group=0x4 selector=17 reg_low=0x1f4 reg_high=0x1f5
[bench] pid=8403 bursts=3 burst_sleep=0.200000 cmd=/data/local/tmp/jerry_work/ml_primitives/ml_primitive_bench --op softmax --variant fused_lmem --spv /data/local/tmp/jerry_work/ml_primitives/spv/softmax_fused_lmem.spv --width 1024 --rows 128 --repeats 16 --csv
[bench] log=/data/local/tmp/jerry_work/perfcounter_sweeps/sweep_20260625_130734/05_HLSQ/HLSQ_chunk003_benchmark.log
[chunk] saved /data/local/tmp/jerry_work/perfcounter_sweeps/sweep_20260625_130734/05_HLSQ/HLSQ_chunk003.csv (6 active counters, 1310 rows)
[chunk] HLSQ chunk 4 starting at enum-filtered index 18
[GET] HLSQ_STALL_CYCLES_VPC_BE                     group=0x4 selector=18 reg_low=0x1fe reg_high=0x1ff
[GET] HLSQ_RESERVED_19                             group=0x4 selector=19 reg_low=0x1fc reg_high=0x1fd
[GET] HLSQ_RESERVED_20                             group=0x4 selector=20 reg_low=0x1fa reg_high=0x1fb
[GET] HLSQ_VSBR_STALL_CYCLES                       group=0x4 selector=21 reg_low=0x1f8 reg_high=0x1f9
[GET] HLSQ_FS_STALL_CYCLES                         group=0x4 selector=22 reg_low=0x1f6 reg_high=0x1f7
[GET] HLSQ_LPAC_STALL_CYCLES                       group=0x4 selector=23 reg_low=0x1f4 reg_high=0x1f5
[bench] command: /data/local/tmp/jerry_work/ml_primitives/ml_primitive_bench --op softmax --variant fused_lmem --spv /data/local/tmp/jerry_work/ml_primitives/spv/softmax_fused_lmem.spv --width 1024 --rows 128 --repeats 16 --csv
[bench] bursts: 3
[bench] burst_sleep_s: 0.200000
[bench] burst 1/3 start
op,variant,width,rows,elements,repeats,elapsed_ms,elements_per_s,estimated_bytes_per_element,estimated_bandwidth_GBps,verify,device
softmax,fused_lmem,1024,128,131072,16,1.4725,1424211884.550,8.000,11.394,PASS,"Adreno (TM) 830"
[bench] burst 1/3 exit_status=0
[bench] sleeping 0.200000 s before next burst
[bench] burst 2/3 start
op,variant,width,rows,elements,repeats,elapsed_ms,elements_per_s,estimated_bytes_per_element,estimated_bandwidth_GBps,verify,device
softmax,fused_lmem,1024,128,131072,16,1.3727,1527748071.695,8.000,12.222,PASS,"Adreno (TM) 830"
[bench] burst 2/3 exit_status=0
[bench] sleeping 0.200000 s before next burst
[bench] burst 3/3 start
op,variant,width,rows,elements,repeats,elapsed_ms,elements_per_s,estimated_bytes_per_element,estimated_bandwidth_GBps,verify,device
softmax,fused_lmem,1024,128,131072,16,1.2853,1631628740.726,8.000,13.053,PASS,"Adreno (TM) 830"
[bench] burst 3/3 exit_status=0
