up=0x4 selector=74 reg_low=0x1fa reg_high=0x1fb
[GET] HLSQ_L2STC_BANK1_REPLACEMENT                 group=0x4 selector=75 reg_low=0x1f8 reg_high=0x1f9
[GET] HLSQ_L2STC_BANK2_REPLACEMENT                 group=0x4 selector=76 reg_low=0x1f6 reg_high=0x1f7
[GET] HLSQ_L2STC_BANK3_REPLACEMENT                 group=0x4 selector=77 reg_low=0x1f4 reg_high=0x1f5
[bench] command: /data/local/tmp/jerry_work/ml_primitives/ml_primitive_bench --op softmax --variant fused_lmem --spv /data/local/tmp/jerry_work/ml_primitives/spv/softmax_fused_lmem.spv --width 1024 --rows 128 --repeats 16 --csv
[bench] bursts: 3
[bench] burst_sleep_s: 0.200000
[bench] burst 1/3 start
op,variant,width,rows,elements,repeats,elapsed_ms,elements_per_s,estimated_bytes_per_element,estimated_bandwidth_GBps,verify,device
softmax,fused_lmem,1024,128,131072,16,1.4945,1403266288.787,8.000,11.226,PASS,"Adreno (TM) 830"
[bench] burst 1/3 exit_status=0
[bench] sleeping 0.200000 s before next burst
[bench] burst 2/3 start
op,variant,width,rows,elements,repeats,elapsed_ms,elements_per_s,estimated_bytes_per_element,estimated_bandwidth_GBps,verify,device
softmax,fused_lmem,1024,128,131072,16,1.4456,1450688802.421,8.000,11.606,PASS,"Adreno (TM) 830"
[bench] burst 2/3 exit_status=0
[bench] sleeping 0.200000 s before next burst
[bench] burst 3/3 start
op,variant,width,rows,elements,repeats,elapsed_ms,elements_per_s,estimated_bytes_per_element,estimated_bandwidth_GBps,verify,device
softmax,fused_lmem,1024,128,131072,16,3.4053,615856645.308,8.000,4.927,PASS,"Adreno (TM) 830"
[bench] burst 3/3 exit_status=0
