_CYC                   group=0x4 selector=115 reg_low=0x1fc reg_high=0x1fd
[GET] HLSQ_FS_SP_HCTX_ACTIVE_CYC                   group=0x4 selector=116 reg_low=0x1fa reg_high=0x1fb
[GET] HLSQ_BV_SP_HCTX_ACTIVE_CYC                   group=0x4 selector=117 reg_low=0x1f8 reg_high=0x1f9
[GET] HLSQ_VS_SP_CCTX_ACTIVE_CNT                   group=0x4 selector=118 reg_low=0x1f6 reg_high=0x1f7
[GET] HLSQ_FS_SP_CCTX_ACTIVE_CNT                   group=0x4 selector=119 reg_low=0x1f4 reg_high=0x1f5
[bench] pid=8476 bursts=3 burst_sleep=0.200000 cmd=/data/local/tmp/jerry_work/ml_primitives/ml_primitive_bench --op softmax --variant fused_lmem --spv /data/local/tmp/jerry_work/ml_primitives/spv/softmax_fused_lmem.spv --width 1024 --rows 128 --repeats 16 --csv
[bench] log=/data/local/tmp/jerry_work/perfcounter_sweeps/sweep_20260625_130734/05_HLSQ/HLSQ_chunk020_benchmark.log
[chunk] saved /data/local/tmp/jerry_work/perfcounter_sweeps/sweep_20260625_130734/05_HLSQ/HLSQ_chunk020.csv (6 active counters, 1307 rows)
[chunk] HLSQ chunk 21 starting at enum-filtered index 120
[GET] HLSQ_BV_SP_CCTX_ACTIVE_CNT                   group=0x4 selector=120 reg_low=0x1fe reg_high=0x1ff
[GET] HLSQ_VS_SP_SCTX_ACTIVE_CNT                   group=0x4 selector=121 reg_low=0x1fc reg_high=0x1fd
[GET] HLSQ_FS_SP_SCTX_ACTIVE_CNT                   group=0x4 selector=122 reg_low=0x1fa reg_high=0x1fb
[GET] HLSQ_BV_SP_SCTX_ACTIVE_CNT                   group=0x4 selector=123 reg_low=0x1f8 reg_high=0x1f9
[GET] HLSQ_VS_SP_CTX_ALIVE_CYCLE                   group=0x4 selector=124 reg_low=0x1f6 reg_high=0x1f7
[GET] HLSQ_FS_SP_CTX_ALIVE_CYCLE                   group=0x4 selector=125 reg_low=0x1f4 reg_high=0x1f5
[bench] command: /data/local/tmp/jerry_work/ml_primitives/ml_primitive_bench --op softmax --variant fused_lmem --spv /data/local/tmp/jerry_work/ml_primitives/spv/softmax_fused_lmem.spv --width 1024 --rows 128 --repeats 16 --csv
[bench] bursts: 3
[bench] burst_sleep_s: 0.200000
[bench] burst 1/3 start
op,variant,width,rows,elements,repeats,elapsed_ms,elements_per_s,estimated_bytes_per_element,estimated_bandwidth_GBps,verify,device
softmax,fused_lmem,1024,128,131072,16,1.4338,1462704097.646,8.000,11.702,PASS,"Adreno (TM) 830"
[bench] burst 1/3 exit_status=0
[bench] sleeping 0.200000 s before next burst
[bench] burst 2/3 start
op,variant,width,rows,elements,repeats,elapsed_ms,elements_per_s,estimated_bytes_per_element,estimated_bandwidth_GBps,verify,device
softmax,fused_lmem,1024,128,131072,16,1.1120,1885875483.687,8.000,15.087,PASS,"Adreno (TM) 830"
[bench] burst 2/3 exit_status=0
[bench] sleeping 0.200000 s before next burst
[bench] burst 3/3 start
op,variant,width,rows,elements,repeats,elapsed_ms,elements_per_s,estimated_bytes_per_element,estimated_bandwidth_GBps,verify,device
softmax,fused_lmem,1024,128,131072,16,1.3151,1594729333.897,8.000,12.758,PASS,"Adreno (TM) 830"
[bench] burst 3/3 exit_status=0
