y_work/perfcounter_sweeps/sweep_20260625_130734/05_HLSQ/HLSQ_chunk009_benchmark.log
[chunk] saved /data/local/tmp/jerry_work/perfcounter_sweeps/sweep_20260625_130734/05_HLSQ/HLSQ_chunk009.csv (6 active counters, 1307 rows)
[chunk] HLSQ chunk 10 starting at enum-filtered index 54
[GET] HLSQ_SPTROC_STCHE_MISS_INC_VS                group=0x4 selector=54 reg_low=0x1fe reg_high=0x1ff
[GET] HLSQ_SPTROC_STCHE_MISS_INC_FS                group=0x4 selector=55 reg_low=0x1fc reg_high=0x1fd
[GET] HLSQ_SPTROC_STCHE_MISS_INC_BV                group=0x4 selector=56 reg_low=0x1fa reg_high=0x1fb
[GET] HLSQ_SPTROC_STCHE_MISS_INC_LPAC              group=0x4 selector=57 reg_low=0x1f8 reg_high=0x1f9
[GET] HLSQ_VSBR_S2W_CYCLES_SP                      group=0x4 selector=58 reg_low=0x1f6 reg_high=0x1f7
[GET] HLSQ_FS_S2W_CYCLES_SP                        group=0x4 selector=59 reg_low=0x1f4 reg_high=0x1f5
[bench] command: /data/local/tmp/jerry_work/ml_primitives/ml_primitive_bench --op softmax --variant fused_lmem --spv /data/local/tmp/jerry_work/ml_primitives/spv/softmax_fused_lmem.spv --width 1024 --rows 128 --repeats 16 --csv
[bench] bursts: 3
[bench] burst_sleep_s: 0.200000
[bench] burst 1/3 start
op,variant,width,rows,elements,repeats,elapsed_ms,elements_per_s,estimated_bytes_per_element,estimated_bandwidth_GBps,verify,device
softmax,fused_lmem,1024,128,131072,16,1.4318,1464725853.506,8.000,11.718,PASS,"Adreno (TM) 830"
[bench] burst 1/3 exit_status=0
[bench] sleeping 0.200000 s before next burst
[bench] burst 2/3 start
op,variant,width,rows,elements,repeats,elapsed_ms,elements_per_s,estimated_bytes_per_element,estimated_bandwidth_GBps,verify,device
softmax,fused_lmem,1024,128,131072,16,1.3208,1587749548.959,8.000,12.702,PASS,"Adreno (TM) 830"
[bench] burst 2/3 exit_status=0
[bench] sleeping 0.200000 s before next burst
[bench] burst 3/3 start
op,variant,width,rows,elements,repeats,elapsed_ms,elements_per_s,estimated_bytes_per_element,estimated_bandwidth_GBps,verify,device
softmax,fused_lmem,1024,128,131072,16,1.2919,1623339719.400,8.000,12.987,PASS,"Adreno (TM) 830"
[bench] burst 3/3 exit_status=0
