mitives/spv/softmax_fused_lmem.spv --width 1024 --rows 128 --repeats 16 --csv
[bench] log=/data/local/tmp/jerry_work/perfcounter_sweeps/sweep_20260625_130734/05_HLSQ/HLSQ_chunk016_benchmark.log
[chunk] saved /data/local/tmp/jerry_work/perfcounter_sweeps/sweep_20260625_130734/05_HLSQ/HLSQ_chunk016.csv (6 active counters, 1306 rows)
[chunk] HLSQ chunk 17 starting at enum-filtered index 96
[GET] HLSQ_BV_CTXT_BUF_FULL_BLOCK_CPI              group=0x4 selector=96 reg_low=0x1fe reg_high=0x1ff
[GET] HLSQ_VS_CONST_BUF_FULL_BLOCK_CPI             group=0x4 selector=97 reg_low=0x1fc reg_high=0x1fd
[GET] HLSQ_FS_CONST_BUF_FULL_BLOCK_CPI             group=0x4 selector=98 reg_low=0x1fa reg_high=0x1fb
[GET] HLSQ_BV_CONST_BUF_FULL_BLOCK_CPI             group=0x4 selector=99 reg_low=0x1f8 reg_high=0x1f9
[GET] HLSQ_VS_INS_BUF_FULL_BLOCK_CPI               group=0x4 selector=100 reg_low=0x1f6 reg_high=0x1f7
[GET] HLSQ_FS_INS_BUF_FULL_BLOCK_CPI               group=0x4 selector=101 reg_low=0x1f4 reg_high=0x1f5
[bench] pid=8464 bursts=3 burst_sleep=0.200000 cmd=/data/local/tmp/jerry_work/ml_primitives/ml_primitive_bench --op softmax --variant fused_lmem --spv /data/local/tmp/jerry_work/ml_primitives/spv/softmax_fused_lmem.spv --width 1024 --rows 128 --repeats 16 --csv
[bench] log=/data/local/tmp/jerry_work/perfcounter_sweeps/sweep_20260625_130734/05_HLSQ/HLSQ_chunk017_benchmark.log
[chunk] saved /data/local/tmp/jerry_work/perfcounter_sweeps/sweep_20260625_130734/05_HLSQ/HLSQ_chunk017.csv (6 active counters, 1306 rows)
[chunk] HLSQ chunk 18 starting at enum-filtered index 102
[GET] HLSQ_BV_INS_BUF_FULL_BLOCK_CPI               group=0x4 selector=102 reg_low=0x1fe reg_high=0x1ff
[GET] HLSQ_VS_DES_BUF_FULL_BLOCK_CPI               group=0x4 selector=103 reg_low=0x1fc reg_high=0x1fd
[GET] HLSQ_FS_DES_BUF_FULL_BLOCK_CPI               group=0x4 selector=104 reg_low=0x1fa reg_high=0x1fb
[GET] HLSQ_BV_DES_BUF_FULL_BLOCK_CPI               group=0x4 selector=105 reg_low=0x1f8 reg_high=0x1f9
[GET] HLSQ_PRIMITIVE_COUNT                         group=0x4 selector=106 reg_low=0x1f6 reg_high=0x1f7
[GET] HLSQ_LPAC2BV_SWITCH_CNT                      group=0x4 selector=107 reg_low=0x1f4 reg_high=0x1f5
[bench] command: /data/local/tmp/jerry_work/ml_primitives/ml_primitive_bench --op softmax --variant fused_lmem --spv /data/local/tmp/jerry_work/ml_primitives/spv/softmax_fused_lmem.spv --width 1024 --rows 128 --repeats 16 --csv
[bench] bursts: 3
[bench] burst_sleep_s: 0.200000
[bench] burst 1/3 start
op,variant,width,rows,elements,repeats,elapsed_ms,elements_per_s,estimated_bytes_per_element,estimated_bandwidth_GBps,verify,device
softmax,fused_lmem,1024,128,131072,16,1.4184,1478493948.978,8.000,11.828,PASS,"Adreno (TM) 830"
[bench] burst 1/3 exit_status=0
[bench] sleeping 0.200000 s before next burst
[bench] burst 2/3 start
op,variant,width,rows,elements,repeats,elapsed_ms,elements_per_s,estimated_bytes_per_element,estimated_bandwidth_GBps,verify,device
softmax,fused_lmem,1024,128,131072,16,3.1908,657242795.220,8.000,5.258,PASS,"Adreno (TM) 830"
[bench] burst 2/3 exit_status=0
[bench] sleeping 0.200000 s before next burst
[bench] burst 3/3 start
op,variant,width,rows,elements,repeats,elapsed_ms,elements_per_s,estimated_bytes_per_element,estimated_bandwidth_GBps,verify,device
softmax,fused_lmem,1024,128,131072,16,3.0873,679285276.547,8.000,5.434,PASS,"Adreno (TM) 830"
[bench] burst 3/3 exit_status=0
