            group=0x8 selector=166 reg_low=0x228 reg_high=0x229
[GET] CCHE_BANK_REQ6                               group=0x8 selector=167 reg_low=0x226 reg_high=0x227
[bench] pid=8894 width_count=5 width_sleep=0.100000 cmd_base=/data/local/tmp/jerry_work/ml_primitives/ml_primitive_bench --op softmax --variant fused_lmem --spv /data/local/tmp/jerry_work/ml_primitives/spv/softmax_fused_lmem.spv --rows 128 --repeats 4 --csv
[bench] widths: 128 256 512 1024 2048
[bench] log=/data/local/tmp/jerry_work/perfcounter_sweeps/sweep_20260625_174559/09_UCHE/UCHE_chunk007_benchmark.log
[chunk] saved /data/local/tmp/jerry_work/perfcounter_sweeps/sweep_20260625_174559/09_UCHE/UCHE_chunk007.csv (24 active counters, 2404 rows)
[chunk] UCHE chunk 8 starting at enum-filtered index 168
[GET] CCHE_BANK_REQ7                               group=0x8 selector=168 reg_low=0x254 reg_high=0x255
[GET] CCHE_BANK_REQ8                               group=0x8 selector=169 reg_low=0x252 reg_high=0x253
[GET] CCHE_BANK_REQ9                               group=0x8 selector=170 reg_low=0x250 reg_high=0x251
[GET] CCHE_BANK_REQ10                              group=0x8 selector=171 reg_low=0x24e reg_high=0x24f
[GET] CCHE_BANK_REQ11                              group=0x8 selector=172 reg_low=0x24c reg_high=0x24d
[GET] CCHE_BANK_REQ12                              group=0x8 selector=173 reg_low=0x24a reg_high=0x24b
[GET] CCHE_BANK_REQ13                              group=0x8 selector=174 reg_low=0x248 reg_high=0x249
[GET] CCHE_BANK_REQ14                              group=0x8 selector=175 reg_low=0x246 reg_high=0x247
[GET] CCHE_BANK_REQ15                              group=0x8 selector=176 reg_low=0x244 reg_high=0x245
[GET] CCHE_GBANK_REQ0                              group=0x8 selector=177 reg_low=0x242 reg_high=0x243
[GET] CCHE_GBANK_REQ1                              group=0x8 selector=178 reg_low=0x240 reg_high=0x241
[GET] CCHE_GBANK_REQ2                              group=0x8 selector=179 reg_low=0x23e reg_high=0x23f
[GET] CCHE_GBANK_REQ3                              group=0x8 selector=180 reg_low=0x23c reg_high=0x23d
[GET] CCHE_TPH_REF_FULL                            group=0x8 selector=181 reg_low=0x23a reg_high=0x23b
[GET] CCHE_TPH_VICTIM_FULL                         group=0x8 selector=182 reg_low=0x238 reg_high=0x239
[GET] CCHE_TPH_EXT_FULL                            group=0x8 selector=183 reg_low=0x236 reg_high=0x237
[GET] CCHE_RAM_READ_REQ                            group=0x8 selector=184 reg_low=0x234 reg_high=0x235
[GET] CCHE_RAM_WRITE_REQ                           group=0x8 selector=185 reg_low=0x232 reg_high=0x233
[GET] CCHE_TPH_CONFLICT_CL                         group=0x8 selector=186 reg_low=0x230 reg_high=0x231
[GET] CCHE_DBANK_CONFLICT                          group=0x8 selector=187 reg_low=0x22e reg_high=0x22f
[GET] CCHE_TPH_QUEUE_FULL                          group=0x8 selector=188 reg_low=0x22c reg_high=0x22d
[GET] CCHE_DPH_QUEUE_FULL                          group=0x8 selector=189 reg_low=0x22a reg_high=0x22b
[GET] CCHE_OPH_QUEUE_FULL                          group=0x8 selector=190 reg_low=0x228 reg_high=0x229
[GET] CCHE_WACK_QUEUE_FULL                         group=0x8 selector=191 reg_low=0x226 reg_high=0x227
[bench] command_base: /data/local/tmp/jerry_work/ml_primitives/ml_primitive_bench --op softmax --variant fused_lmem --spv /data/local/tmp/jerry_work/ml_primitives/spv/softmax_fused_lmem.spv --rows 128 --repeats 4 --csv
[bench] bursts: 1
[bench] burst_sleep_s: 0.000000
[bench] width_count: 5
[bench] width_sleep_s: 0.100000
[bench] widths: 128 256 512 1024 2048
[bench] width_step 1/5 width=128 start
[bench] width_step_cmd: /data/local/tmp/jerry_work/ml_primitives/ml_primitive_bench --op softmax --variant fused_lmem --spv /data/local/tmp/jerry_work/ml_primitives/spv/softmax_fused_lmem.spv --rows 128 --repeats 4 --csv --width 128
op,variant,width,rows,elements,repeats,elapsed_ms,elements_per_s,estimated_bytes_per_element,estimated_bandwidth_GBps,verify,device
softmax,fused_lmem,128,128,16384,4,3.1498,20806453.252,8.000,0.166,PASS,"Adreno (TM) 830"
[bench] width_step 1/5 width=128 exit_status=0
[bench] sleeping 0.100000 s before next width
[bench] width_step 2/5 width=256 start
[bench] width_step_cmd: /data/local/tmp/jerry_work/ml_primitives/ml_primitive_bench --op softmax --variant fused_lmem --spv /data/local/tmp/jerry_work/ml_primitives/spv/softmax_fused_lmem.spv --rows 128 --repeats 4 --csv --width 256
op,variant,width,rows,elements,repeats,elapsed_ms,elements_per_s,estimated_bytes_per_element,estimated_bandwidth_GBps,verify,device
softmax,fused_lmem,256,128,32768,4,0.5555,235966788.366,8.000,1.888,PASS,"Adreno (TM) 830"
[bench] width_step 2/5 width=256 exit_status=0
[bench] sleeping 0.100000 s before next width
[bench] width_step 3/5 width=512 start
[bench] width_step_cmd: /data/local/tmp/jerry_work/ml_primitives/ml_primitive_bench --op softmax --variant fused_lmem --spv /data/local/tmp/jerry_work/ml_primitives/spv/softmax_fused_lmem.spv --rows 128 --repeats 4 --csv --width 512
op,variant,width,rows,elements,repeats,elapsed_ms,elements_per_s,estimated_bytes_per_element,estimated_bandwidth_GBps,verify,device
softmax,fused_lmem,512,128,65536,4,0.8493,308650536.957,8.000,2.469,PASS,"Adreno (TM) 830"
[bench] width_step 3/5 width=512 exit_status=0
[bench] sleeping 0.100000 s before next width
[bench] width_step 4/5 width=1024 start
[bench] width_step_cmd: /data/local/tmp/jerry_work/ml_primitives/ml_primitive_bench --op softmax --variant fused_lmem --spv /data/local/tmp/jerry_work/ml_primitives/spv/softmax_fused_lmem.spv --rows 128 --repeats 4 --csv --width 1024
op,variant,width,rows,elements,repeats,elapsed_ms,elements_per_s,estimated_bytes_per_element,estimated_bandwidth_GBps,verify,device
softmax,fused_lmem,1024,128,131072,4,0.7048,743835515.376,8.000,5.951,PASS,"Adreno (TM) 830"
[bench] width_step 4/5 width=1024 exit_status=0
[bench] sleeping 0.100000 s before next width
[bench] width_step 5/5 width=2048 start
[bench] width_step_cmd: /data/local/tmp/jerry_work/ml_primitives/ml_primitive_bench --op softmax --variant fused_lmem --spv /data/local/tmp/jerry_work/ml_primitives/spv/softmax_fused_lmem.spv --rows 128 --repeats 4 --csv --width 2048
op,variant,width,rows,elements,repeats,elapsed_ms,elements_per_s,estimated_bytes_per_element,estimated_bandwidth_GBps,verify,device
softmax,fused_lmem,2048,128,262144,4,1.0064,1041901578.488,8.000,8.335,PASS,"Adreno (TM) 830"
[bench] width_step 5/5 width=2048 exit_status=0
