or=98 reg_low=0x250 reg_high=0x251
[GET] UCHE_RESERVED_99                             group=0x8 selector=99 reg_low=0x24e reg_high=0x24f
[GET] UCHE_RESERVED_100                            group=0x8 selector=100 reg_low=0x24c reg_high=0x24d
[GET] UCHE_RESERVED_101                            group=0x8 selector=101 reg_low=0x24a reg_high=0x24b
[GET] UCHE_RESERVED_102                            group=0x8 selector=102 reg_low=0x248 reg_high=0x249
[GET] UCHE_RESERVED_103                            group=0x8 selector=103 reg_low=0x246 reg_high=0x247
[GET] UCHE_RESERVED_104                            group=0x8 selector=104 reg_low=0x244 reg_high=0x245
[GET] UCHE_RESERVED_105                            group=0x8 selector=105 reg_low=0x242 reg_high=0x243
[GET] UCHE_RESERVED_106                            group=0x8 selector=106 reg_low=0x240 reg_high=0x241
[GET] UCHE_RESERVED_107                            group=0x8 selector=107 reg_low=0x23e reg_high=0x23f
[GET] UCHE_RESERVED_108                            group=0x8 selector=108 reg_low=0x23c reg_high=0x23d
[GET] UCHE_RESERVED_109                            group=0x8 selector=109 reg_low=0x23a reg_high=0x23b
[GET] UCHE_RESERVED_110                            group=0x8 selector=110 reg_low=0x238 reg_high=0x239
[GET] UCHE_RESERVED_111                            group=0x8 selector=111 reg_low=0x236 reg_high=0x237
[GET] UCHE_RESERVED_112                            group=0x8 selector=112 reg_low=0x234 reg_high=0x235
[GET] UCHE_RESERVED_113                            group=0x8 selector=113 reg_low=0x232 reg_high=0x233
[GET] UCHE_RESERVED_114                            group=0x8 selector=114 reg_low=0x230 reg_high=0x231
[GET] UCHE_RESERVED_115                            group=0x8 selector=115 reg_low=0x22e reg_high=0x22f
[GET] UCHE_RESERVED_116                            group=0x8 selector=116 reg_low=0x22c reg_high=0x22d
[GET] UCHE_RESERVED_117                            group=0x8 selector=117 reg_low=0x22a reg_high=0x22b
[GET] UCHE_RESERVED_118                            group=0x8 selector=118 reg_low=0x228 reg_high=0x229
[GET] UCHE_RESERVED_119                            group=0x8 selector=119 reg_low=0x226 reg_high=0x227
[bench] command_base: /data/local/tmp/jerry_work/ml_primitives/ml_primitive_bench --op softmax --variant fused_lmem --spv /data/local/tmp/jerry_work/ml_primitives/spv/softmax_fused_lmem.spv --rows 128 --repeats 4 --csv
[bench] bursts: 1
[bench] burst_sleep_s: 0.000000
[bench] width_count: 5
[bench] width_sleep_s: 0.100000
[bench] widths: 128 256 512 1024 2048
[bench] width_step 1/5 width=128 start
[bench] width_step_cmd: /data/local/tmp/jerry_work/ml_primitives/ml_primitive_bench --op softmax --variant fused_lmem --spv /data/local/tmp/jerry_work/ml_primitives/spv/softmax_fused_lmem.spv --rows 128 --repeats 4 --csv --width 128
op,variant,width,rows,elements,repeats,elapsed_ms,elements_per_s,estimated_bytes_per_element,estimated_bandwidth_GBps,verify,device
softmax,fused_lmem,128,128,16384,4,3.3820,19378003.234,8.000,0.155,PASS,"Adreno (TM) 830"
[bench] width_step 1/5 width=128 exit_status=0
[bench] sleeping 0.100000 s before next width
[bench] width_step 2/5 width=256 start
[bench] width_step_cmd: /data/local/tmp/jerry_work/ml_primitives/ml_primitive_bench --op softmax --variant fused_lmem --spv /data/local/tmp/jerry_work/ml_primitives/spv/softmax_fused_lmem.spv --rows 128 --repeats 4 --csv --width 256
op,variant,width,rows,elements,repeats,elapsed_ms,elements_per_s,estimated_bytes_per_element,estimated_bandwidth_GBps,verify,device
softmax,fused_lmem,256,128,32768,4,1.0941,119803082.458,8.000,0.958,PASS,"Adreno (TM) 830"
[bench] width_step 2/5 width=256 exit_status=0
[bench] sleeping 0.100000 s before next width
[bench] width_step 3/5 width=512 start
[bench] width_step_cmd: /data/local/tmp/jerry_work/ml_primitives/ml_primitive_bench --op softmax --variant fused_lmem --spv /data/local/tmp/jerry_work/ml_primitives/spv/softmax_fused_lmem.spv --rows 128 --repeats 4 --csv --width 512
op,variant,width,rows,elements,repeats,elapsed_ms,elements_per_s,estimated_bytes_per_element,estimated_bandwidth_GBps,verify,device
softmax,fused_lmem,512,128,65536,4,0.6096,430037533.794,8.000,3.440,PASS,"Adreno (TM) 830"
[bench] width_step 3/5 width=512 exit_status=0
[bench] sleeping 0.100000 s before next width
[bench] width_step 4/5 width=1024 start
[bench] width_step_cmd: /data/local/tmp/jerry_work/ml_primitives/ml_primitive_bench --op softmax --variant fused_lmem --spv /data/local/tmp/jerry_work/ml_primitives/spv/softmax_fused_lmem.spv --rows 128 --repeats 4 --csv --width 1024
op,variant,width,rows,elements,repeats,elapsed_ms,elements_per_s,estimated_bytes_per_element,estimated_bandwidth_GBps,verify,device
softmax,fused_lmem,1024,128,131072,4,1.0436,502386943.582,8.000,4.019,PASS,"Adreno (TM) 830"
[bench] width_step 4/5 width=1024 exit_status=0
[bench] sleeping 0.100000 s before next width
[bench] width_step 5/5 width=2048 start
[bench] width_step_cmd: /data/local/tmp/jerry_work/ml_primitives/ml_primitive_bench --op softmax --variant fused_lmem --spv /data/local/tmp/jerry_work/ml_primitives/spv/softmax_fused_lmem.spv --rows 128 --repeats 4 --csv --width 2048
op,variant,width,rows,elements,repeats,elapsed_ms,elements_per_s,estimated_bytes_per_element,estimated_bandwidth_GBps,verify,device
softmax,fused_lmem,2048,128,262144,4,0.9982,1050436322.728,8.000,8.403,PASS,"Adreno (TM) 830"
[bench] width_step 5/5 width=2048 exit_status=0
