sweep_20260625_174559/07_TSE/TSE_chunk012_benchmark.log
[chunk] saved /data/local/tmp/jerry_work/perfcounter_sweeps/sweep_20260625_174559/07_TSE/TSE_chunk012.csv (4 active counters, 2562 rows)
[chunk] TSE chunk 13 starting at enum-filtered index 48
[GET] TSE_FE_EMPTY_BBOX_KILLED_PRIM                group=0x6 selector=48 reg_low=0x21c reg_high=0x21d
[GET] TSE_FE_ST1_VP_PARAMS_CACHE_MISS              group=0x6 selector=49 reg_low=0x21a reg_high=0x21b
[GET] TSE_FE_ST2_VPORT_VP_PARAMS_CACHE_MISS        group=0x6 selector=50 reg_low=0x218 reg_high=0x219
[GET] TSE_FE_ST2_SCISSOR_VP_PARAMS_CACHE_MISS      group=0x6 selector=51 reg_low=0x216 reg_high=0x217
[bench] pid=8666 width_count=5 width_sleep=0.100000 cmd_base=/data/local/tmp/jerry_work/ml_primitives/ml_primitive_bench --op softmax --variant fused_lmem --spv /data/local/tmp/jerry_work/ml_primitives/spv/softmax_fused_lmem.spv --rows 128 --repeats 4 --csv
[bench] widths: 128 256 512 1024 2048
[bench] log=/data/local/tmp/jerry_work/perfcounter_sweeps/sweep_20260625_174559/07_TSE/TSE_chunk013_benchmark.log
[chunk] saved /data/local/tmp/jerry_work/perfcounter_sweeps/sweep_20260625_174559/07_TSE/TSE_chunk013.csv (4 active counters, 2568 rows)
[chunk] TSE chunk 14 starting at enum-filtered index 52
[GET] TSE_FE_ILLEGAL_BOUNDING_BOX_PRIM             group=0x6 selector=52 reg_low=0x21c reg_high=0x21d
[GET] TSE_FE_VP_OUT_IS_NAN                         group=0x6 selector=53 reg_low=0x21a reg_high=0x21b
[GET] TSE_FE_EXCLUDED_PRIM                         group=0x6 selector=54 reg_low=0x218 reg_high=0x219
[GET] TSE_FE_EARLY_CULL_CLIPPED_PRIM               group=0x6 selector=55 reg_low=0x216 reg_high=0x217
[bench] pid=8677 width_count=5 width_sleep=0.100000 cmd_base=/data/local/tmp/jerry_work/ml_primitives/ml_primitive_bench --op softmax --variant fused_lmem --spv /data/local/tmp/jerry_work/ml_primitives/spv/softmax_fused_lmem.spv --rows 128 --repeats 4 --csv
[bench] widths: 128 256 512 1024 2048
[bench] log=/data/local/tmp/jerry_work/perfcounter_sweeps/sweep_20260625_174559/07_TSE/TSE_chunk014_benchmark.log
[chunk] saved /data/local/tmp/jerry_work/perfcounter_sweeps/sweep_20260625_174559/07_TSE/TSE_chunk014.csv (4 active counters, 2575 rows)
[chunk] TSE chunk 15 starting at enum-filtered index 56
[GET] TSE_FE_BR_STALLS_DUETO_BV_CLIP               group=0x6 selector=56 reg_low=0x21c reg_high=0x21d
[GET] TSE_FE_BR_STALLS_DUETO_BV_POLY               group=0x6 selector=57 reg_low=0x21a reg_high=0x21b
[GET] TSE_FE_BV_STALLS_DUETO_BR_CLIP               group=0x6 selector=58 reg_low=0x218 reg_high=0x219
[GET] TSE_FE_BV_STALLS_DUETO_BR_POLY               group=0x6 selector=59 reg_low=0x216 reg_high=0x217
[bench] command_base: /data/local/tmp/jerry_work/ml_primitives/ml_primitive_bench --op softmax --variant fused_lmem --spv /data/local/tmp/jerry_work/ml_primitives/spv/softmax_fused_lmem.spv --rows 128 --repeats 4 --csv
[bench] bursts: 1
[bench] burst_sleep_s: 0.000000
[bench] width_count: 5
[bench] width_sleep_s: 0.100000
[bench] widths: 128 256 512 1024 2048
[bench] width_step 1/5 width=128 start
[bench] width_step_cmd: /data/local/tmp/jerry_work/ml_primitives/ml_primitive_bench --op softmax --variant fused_lmem --spv /data/local/tmp/jerry_work/ml_primitives/spv/softmax_fused_lmem.spv --rows 128 --repeats 4 --csv --width 128
op,variant,width,rows,elements,repeats,elapsed_ms,elements_per_s,estimated_bytes_per_element,estimated_bandwidth_GBps,verify,device
softmax,fused_lmem,128,128,16384,4,3.2375,20242779.923,8.000,0.162,PASS,"Adreno (TM) 830"
[bench] width_step 1/5 width=128 exit_status=0
[bench] sleeping 0.100000 s before next width
[bench] width_step 2/5 width=256 start
[bench] width_step_cmd: /data/local/tmp/jerry_work/ml_primitives/ml_primitive_bench --op softmax --variant fused_lmem --spv /data/local/tmp/jerry_work/ml_primitives/spv/softmax_fused_lmem.spv --rows 128 --repeats 4 --csv --width 256
op,variant,width,rows,elements,repeats,elapsed_ms,elements_per_s,estimated_bytes_per_element,estimated_bandwidth_GBps,verify,device
softmax,fused_lmem,256,128,32768,4,0.5511,237817634.198,8.000,1.903,PASS,"Adreno (TM) 830"
[bench] width_step 2/5 width=256 exit_status=0
[bench] sleeping 0.100000 s before next width
[bench] width_step 3/5 width=512 start
[bench] width_step_cmd: /data/local/tmp/jerry_work/ml_primitives/ml_primitive_bench --op softmax --variant fused_lmem --spv /data/local/tmp/jerry_work/ml_primitives/spv/softmax_fused_lmem.spv --rows 128 --repeats 4 --csv --width 512
op,variant,width,rows,elements,repeats,elapsed_ms,elements_per_s,estimated_bytes_per_element,estimated_bandwidth_GBps,verify,device
softmax,fused_lmem,512,128,65536,4,0.6027,434981150.109,8.000,3.480,PASS,"Adreno (TM) 830"
[bench] width_step 3/5 width=512 exit_status=0
[bench] sleeping 0.100000 s before next width
[bench] width_step 4/5 width=1024 start
[bench] width_step_cmd: /data/local/tmp/jerry_work/ml_primitives/ml_primitive_bench --op softmax --variant fused_lmem --spv /data/local/tmp/jerry_work/ml_primitives/spv/softmax_fused_lmem.spv --rows 128 --repeats 4 --csv --width 1024
op,variant,width,rows,elements,repeats,elapsed_ms,elements_per_s,estimated_bytes_per_element,estimated_bandwidth_GBps,verify,device
softmax,fused_lmem,1024,128,131072,4,1.0491,499743116.818,8.000,3.998,PASS,"Adreno (TM) 830"
[bench] width_step 4/5 width=1024 exit_status=0
[bench] sleeping 0.100000 s before next width
[bench] width_step 5/5 width=2048 start
[bench] width_step_cmd: /data/local/tmp/jerry_work/ml_primitives/ml_primitive_bench --op softmax --variant fused_lmem --spv /data/local/tmp/jerry_work/ml_primitives/spv/softmax_fused_lmem.spv --rows 128 --repeats 4 --csv --width 2048
op,variant,width,rows,elements,repeats,elapsed_ms,elements_per_s,estimated_bytes_per_element,estimated_bandwidth_GBps,verify,device
softmax,fused_lmem,2048,128,262144,4,2.9449,356065545.269,8.000,2.849,PASS,"Adreno (TM) 830"
[bench] width_step 5/5 width=2048 exit_status=0
