6 reg_high=0x1f7
[GET] HLSQ_VSDP_BR_QUERY_REQ_WHEN_BV_PENDING       group=0x4 selector=89 reg_low=0x1f4 reg_high=0x1f5
[bench] pid=8456 width_count=5 width_sleep=0.100000 cmd_base=/data/local/tmp/jerry_work/ml_primitives/ml_primitive_bench --op softmax --variant fused_lmem --spv /data/local/tmp/jerry_work/ml_primitives/spv/softmax_fused_lmem.spv --rows 128 --repeats 4 --csv
[bench] widths: 128 256 512 1024 2048
[bench] log=/data/local/tmp/jerry_work/perfcounter_sweeps/sweep_20260625_152944/05_HLSQ/HLSQ_chunk015_benchmark.log
[chunk] saved /data/local/tmp/jerry_work/perfcounter_sweeps/sweep_20260625_152944/05_HLSQ/HLSQ_chunk015.csv (6 active counters, 2542 rows)
[chunk] HLSQ chunk 16 starting at enum-filtered index 90
[GET] HLSQ_VSDP_BR_QUERY_BUSY                      group=0x4 selector=90 reg_low=0x1fe reg_high=0x1ff
[GET] HLSQ_VSDP_BV_QUERY_BUSY                      group=0x4 selector=91 reg_low=0x1fc reg_high=0x1fd
[GET] HLSQ_VSDP_BR_QUERY_FAIL                      group=0x4 selector=92 reg_low=0x1fa reg_high=0x1fb
[GET] HLSQ_VSDP_BV_QUERY_FAIL                      group=0x4 selector=93 reg_low=0x1f8 reg_high=0x1f9
[GET] HLSQ_VS_CTXT_BUF_FULL_BLOCK_CPI              group=0x4 selector=94 reg_low=0x1f6 reg_high=0x1f7
[GET] HLSQ_FS_CTXT_BUF_FULL_BLOCK_CPI              group=0x4 selector=95 reg_low=0x1f4 reg_high=0x1f5
[bench] pid=8463 width_count=5 width_sleep=0.100000 cmd_base=/data/local/tmp/jerry_work/ml_primitives/ml_primitive_bench --op softmax --variant fused_lmem --spv /data/local/tmp/jerry_work/ml_primitives/spv/softmax_fused_lmem.spv --rows 128 --repeats 4 --csv
[bench] widths: 128 256 512 1024 2048
[bench] log=/data/local/tmp/jerry_work/perfcounter_sweeps/sweep_20260625_152944/05_HLSQ/HLSQ_chunk016_benchmark.log
[chunk] saved /data/local/tmp/jerry_work/perfcounter_sweeps/sweep_20260625_152944/05_HLSQ/HLSQ_chunk016.csv (6 active counters, 2548 rows)
[chunk] HLSQ chunk 17 starting at enum-filtered index 96
[GET] HLSQ_BV_CTXT_BUF_FULL_BLOCK_CPI              group=0x4 selector=96 reg_low=0x1fe reg_high=0x1ff
[GET] HLSQ_VS_CONST_BUF_FULL_BLOCK_CPI             group=0x4 selector=97 reg_low=0x1fc reg_high=0x1fd
[GET] HLSQ_FS_CONST_BUF_FULL_BLOCK_CPI             group=0x4 selector=98 reg_low=0x1fa reg_high=0x1fb
[GET] HLSQ_BV_CONST_BUF_FULL_BLOCK_CPI             group=0x4 selector=99 reg_low=0x1f8 reg_high=0x1f9
[GET] HLSQ_VS_INS_BUF_FULL_BLOCK_CPI               group=0x4 selector=100 reg_low=0x1f6 reg_high=0x1f7
[GET] HLSQ_FS_INS_BUF_FULL_BLOCK_CPI               group=0x4 selector=101 reg_low=0x1f4 reg_high=0x1f5
[bench] pid=8469 width_count=5 width_sleep=0.100000 cmd_base=/data/local/tmp/jerry_work/ml_primitives/ml_primitive_bench --op softmax --variant fused_lmem --spv /data/local/tmp/jerry_work/ml_primitives/spv/softmax_fused_lmem.spv --rows 128 --repeats 4 --csv
[bench] widths: 128 256 512 1024 2048
[bench] log=/data/local/tmp/jerry_work/perfcounter_sweeps/sweep_20260625_152944/05_HLSQ/HLSQ_chunk017_benchmark.log
[chunk] saved /data/local/tmp/jerry_work/perfcounter_sweeps/sweep_20260625_152944/05_HLSQ/HLSQ_chunk017.csv (6 active counters, 2536 rows)
[chunk] HLSQ chunk 18 starting at enum-filtered index 102
[GET] HLSQ_BV_INS_BUF_FULL_BLOCK_CPI               group=0x4 selector=102 reg_low=0x1fe reg_high=0x1ff
[GET] HLSQ_VS_DES_BUF_FULL_BLOCK_CPI               group=0x4 selector=103 reg_low=0x1fc reg_high=0x1fd
[GET] HLSQ_FS_DES_BUF_FULL_BLOCK_CPI               group=0x4 selector=104 reg_low=0x1fa reg_high=0x1fb
[GET] HLSQ_BV_DES_BUF_FULL_BLOCK_CPI               group=0x4 selector=105 reg_low=0x1f8 reg_high=0x1f9
[GET] HLSQ_PRIMITIVE_COUNT                         group=0x4 selector=106 reg_low=0x1f6 reg_high=0x1f7
[GET] HLSQ_LPAC2BV_SWITCH_CNT                      group=0x4 selector=107 reg_low=0x1f4 reg_high=0x1f5
[bench] command_base: /data/local/tmp/jerry_work/ml_primitives/ml_primitive_bench --op softmax --variant fused_lmem --spv /data/local/tmp/jerry_work/ml_primitives/spv/softmax_fused_lmem.spv --rows 128 --repeats 4 --csv
[bench] bursts: 1
[bench] burst_sleep_s: 0.000000
[bench] width_count: 5
[bench] width_sleep_s: 0.100000
[bench] widths: 128 256 512 1024 2048
[bench] width_step 1/5 width=128 start
[bench] width_step_cmd: /data/local/tmp/jerry_work/ml_primitives/ml_primitive_bench --op softmax --variant fused_lmem --spv /data/local/tmp/jerry_work/ml_primitives/spv/softmax_fused_lmem.spv --rows 128 --repeats 4 --csv --width 128
op,variant,width,rows,elements,repeats,elapsed_ms,elements_per_s,estimated_bytes_per_element,estimated_bandwidth_GBps,verify,device
softmax,fused_lmem,128,128,16384,4,2.8940,22645395.144,8.000,0.181,PASS,"Adreno (TM) 830"
[bench] width_step 1/5 width=128 exit_status=0
[bench] sleeping 0.100000 s before next width
[bench] width_step 2/5 width=256 start
[bench] width_step_cmd: /data/local/tmp/jerry_work/ml_primitives/ml_primitive_bench --op softmax --variant fused_lmem --spv /data/local/tmp/jerry_work/ml_primitives/spv/softmax_fused_lmem.spv --rows 128 --repeats 4 --csv --width 256
op,variant,width,rows,elements,repeats,elapsed_ms,elements_per_s,estimated_bytes_per_element,estimated_bandwidth_GBps,verify,device
softmax,fused_lmem,256,128,32768,4,0.4081,321156508.423,8.000,2.569,PASS,"Adreno (TM) 830"
[bench] width_step 2/5 width=256 exit_status=0
[bench] sleeping 0.100000 s before next width
[bench] width_step 3/5 width=512 start
[bench] width_step_cmd: /data/local/tmp/jerry_work/ml_primitives/ml_primitive_bench --op softmax --variant fused_lmem --spv /data/local/tmp/jerry_work/ml_primitives/spv/softmax_fused_lmem.spv --rows 128 --repeats 4 --csv --width 512
op,variant,width,rows,elements,repeats,elapsed_ms,elements_per_s,estimated_bytes_per_element,estimated_bandwidth_GBps,verify,device
softmax,fused_lmem,512,128,65536,4,0.5330,491855999.129,8.000,3.935,PASS,"Adreno (TM) 830"
[bench] width_step 3/5 width=512 exit_status=0
[bench] sleeping 0.100000 s before next width
[bench] width_step 4/5 width=1024 start
[bench] width_step_cmd: /data/local/tmp/jerry_work/ml_primitives/ml_primitive_bench --op softmax --variant fused_lmem --spv /data/local/tmp/jerry_work/ml_primitives/spv/softmax_fused_lmem.spv --rows 128 --repeats 4 --csv --width 1024
op,variant,width,rows,elements,repeats,elapsed_ms,elements_per_s,estimated_bytes_per_element,estimated_bandwidth_GBps,verify,device
softmax,fused_lmem,1024,128,131072,4,0.8408,623572606.898,8.000,4.989,PASS,"Adreno (TM) 830"
[bench] width_step 4/5 width=1024 exit_status=0
[bench] sleeping 0.100000 s before next width
[bench] width_step 5/5 width=2048 start
[bench] width_step_cmd: /data/local/tmp/jerry_work/ml_primitives/ml_primitive_bench --op softmax --variant fused_lmem --spv /data/local/tmp/jerry_work/ml_primitives/spv/softmax_fused_lmem.spv --rows 128 --repeats 4 --csv --width 2048
op,variant,width,rows,elements,repeats,elapsed_ms,elements_per_s,estimated_bytes_per_element,estimated_bandwidth_GBps,verify,device
softmax,fused_lmem,2048,128,262144,4,0.7540,1390761819.624,8.000,11.126,PASS,"Adreno (TM) 830"
[bench] width_step 5/5 width=2048 exit_status=0
