ench] log=/data/local/tmp/jerry_work/perfcounter_sweeps/sweep_20260625_130734/12_RB/RB_chunk006_benchmark.log
[chunk] saved /data/local/tmp/jerry_work/perfcounter_sweeps/sweep_20260625_130734/12_RB/RB_chunk006.csv (8 active counters, 1305 rows)
[chunk] RB chunk 7 starting at enum-filtered index 48
[GET] RB_VRS_4X2_QUADS                             group=0xb selector=48 reg_low=0x2ac reg_high=0x2ad
[GET] RB_VRS_4X4_QUADS                             group=0xb selector=49 reg_low=0x2aa reg_high=0x2ab
[GET] RB_STALL_CYCLES_HLSQ_INFO                    group=0xb selector=50 reg_low=0x2a8 reg_high=0x2a9
[GET] RB_HLSQ_ACTIVE_INFO                          group=0xb selector=51 reg_low=0x2a6 reg_high=0x2a7
[GET] RB_STALL_CYCLES_HLSQ_ATTR                    group=0xb selector=52 reg_low=0x2a4 reg_high=0x2a5
[GET] RB_HLSQ_ACTIVE_ATTR                          group=0xb selector=53 reg_low=0x2a2 reg_high=0x2a3
[GET] RB_STALL_CYCLES_ZMODE_SWITCH                 group=0xb selector=54 reg_low=0x2a0 reg_high=0x2a1
[GET] RB_TOTAL_PASS_PIXELS                         group=0xb selector=55 reg_low=0x29e reg_high=0x29f
[bench] pid=8870 bursts=3 burst_sleep=0.200000 cmd=/data/local/tmp/jerry_work/ml_primitives/ml_primitive_bench --op softmax --variant fused_lmem --spv /data/local/tmp/jerry_work/ml_primitives/spv/softmax_fused_lmem.spv --width 1024 --rows 128 --repeats 16 --csv
[bench] log=/data/local/tmp/jerry_work/perfcounter_sweeps/sweep_20260625_130734/12_RB/RB_chunk007_benchmark.log
[chunk] saved /data/local/tmp/jerry_work/perfcounter_sweeps/sweep_20260625_130734/12_RB/RB_chunk007.csv (8 active counters, 1300 rows)

[group] LRZ: total selected counters=3, physical slots=3
[chunk] LRZ chunk 1 starting at enum-filtered index 0
[GET] LRZ_NEVER_COUNT                              group=0xe selector=0 reg_low=0x3ce0 reg_high=0x3ce3
[GET] LRZ_BUSY_CYCLES                              group=0xe selector=1 reg_low=0x3ce1 reg_high=0x3ce4
[GET] LRZ_STARVE_CYCLES_RAS                        group=0xe selector=2 reg_low=0x3ce2 reg_high=0x3ce5
[bench] pid=8874 bursts=3 burst_sleep=0.200000 cmd=/data/local/tmp/jerry_work/ml_primitives/ml_primitive_bench --op softmax --variant fused_lmem --spv /data/local/tmp/jerry_work/ml_primitives/spv/softmax_fused_lmem.spv --width 1024 --rows 128 --repeats 16 --csv
[bench] log=/data/local/tmp/jerry_work/perfcounter_sweeps/sweep_20260625_130734/13_LRZ/LRZ_chunk001_benchmark.log
[chunk] saved /data/local/tmp/jerry_work/perfcounter_sweeps/sweep_20260625_130734/13_LRZ/LRZ_chunk001.csv (3 active counters, 1323 rows)

[group] ALWAYSON: total selected counters=1, physical slots=1
[chunk] ALWAYSON chunk 1 starting at enum-filtered index 0
[GET] ALWAYSON                                     group=0x1b selector=0 reg_low=0x8e7 reg_high=0x8e8
[bench] command: /data/local/tmp/jerry_work/ml_primitives/ml_primitive_bench --op softmax --variant fused_lmem --spv /data/local/tmp/jerry_work/ml_primitives/spv/softmax_fused_lmem.spv --width 1024 --rows 128 --repeats 16 --csv
[bench] bursts: 3
[bench] burst_sleep_s: 0.200000
[bench] burst 1/3 start
op,variant,width,rows,elements,repeats,elapsed_ms,elements_per_s,estimated_bytes_per_element,estimated_bandwidth_GBps,verify,device
softmax,fused_lmem,1024,128,131072,16,1.4544,1441909425.499,8.000,11.535,PASS,"Adreno (TM) 830"
[bench] burst 1/3 exit_status=0
[bench] sleeping 0.200000 s before next burst
[bench] burst 2/3 start
op,variant,width,rows,elements,repeats,elapsed_ms,elements_per_s,estimated_bytes_per_element,estimated_bandwidth_GBps,verify,device
softmax,fused_lmem,1024,128,131072,16,1.3159,1593719815.941,8.000,12.750,PASS,"Adreno (TM) 830"
[bench] burst 2/3 exit_status=0
[bench] sleeping 0.200000 s before next burst
[bench] burst 3/3 start
op,variant,width,rows,elements,repeats,elapsed_ms,elements_per_s,estimated_bytes_per_element,estimated_bandwidth_GBps,verify,device
softmax,fused_lmem,1024,128,131072,16,1.3590,1543146849.545,8.000,12.345,PASS,"Adreno (TM) 830"
[bench] burst 3/3 exit_status=0
