[chunk] TSE chunk 29 starting at enum-filtered index 112
[GET] TSE_NON_CLIP_WORKING_CYCLES                  group=0x6 selector=112 reg_low=0x21c reg_high=0x21d
[GET] TSE_NULL_WORKING_CYCLES                      group=0x6 selector=113 reg_low=0x21a reg_high=0x21b
[GET] TSE_OUT_PRIM_WORKING_CYCLES                  group=0x6 selector=114 reg_low=0x218 reg_high=0x219
[GET] TSE_INPUT_VERTEX_WORKING_CYCLES              group=0x6 selector=115 reg_low=0x216 reg_high=0x217
[bench] pid=8775 width_count=5 width_sleep=0.100000 cmd_base=/data/local/tmp/jerry_work/ml_primitives/ml_primitive_bench --op softmax --variant fused_lmem --spv /data/local/tmp/jerry_work/ml_primitives/spv/softmax_fused_lmem.spv --rows 128 --repeats 4 --csv
[bench] widths: 128 256 512 1024 2048
[bench] log=/data/local/tmp/jerry_work/perfcounter_sweeps/sweep_20260625_174559/07_TSE/TSE_chunk029_benchmark.log
[chunk] saved /data/local/tmp/jerry_work/perfcounter_sweeps/sweep_20260625_174559/07_TSE/TSE_chunk029.csv (4 active counters, 2564 rows)
[chunk] TSE chunk 30 starting at enum-filtered index 116
[GET] TSE_MVC_STALL_VPC                            group=0x6 selector=116 reg_low=0x21c reg_high=0x21d
[GET] TSE_VPC_STARVE_TSE                           group=0x6 selector=117 reg_low=0x21a reg_high=0x21b
[GET] TSE_WORKING_CYCLE_L0                         group=0x6 selector=118 reg_low=0x218 reg_high=0x219
[bench] pid=8781 width_count=5 width_sleep=0.100000 cmd_base=/data/local/tmp/jerry_work/ml_primitives/ml_primitive_bench --op softmax --variant fused_lmem --spv /data/local/tmp/jerry_work/ml_primitives/spv/softmax_fused_lmem.spv --rows 128 --repeats 4 --csv
[bench] widths: 128 256 512 1024 2048
[bench] log=/data/local/tmp/jerry_work/perfcounter_sweeps/sweep_20260625_174559/07_TSE/TSE_chunk030_benchmark.log
[chunk] saved /data/local/tmp/jerry_work/perfcounter_sweeps/sweep_20260625_174559/07_TSE/TSE_chunk030.csv (3 active counters, 2569 rows)

[group] RAS: total selected counters=39, physical slots=4
[chunk] RAS chunk 1 starting at enum-filtered index 0
[GET] RAS_NEVER_COUNT                              group=0x7 selector=0 reg_low=0x224 reg_high=0x225
[GET] RAS_BUSY_CYCLES                              group=0x7 selector=1 reg_low=0x222 reg_high=0x223
[GET] RAS_SUPERTILE_ACTIVE_CYCLES                  group=0x7 selector=2 reg_low=0x220 reg_high=0x221
[GET] RAS_STALL_CYCLES_LRZ                         group=0x7 selector=3 reg_low=0x21e reg_high=0x21f
[bench] pid=8787 width_count=5 width_sleep=0.100000 cmd_base=/data/local/tmp/jerry_work/ml_primitives/ml_primitive_bench --op softmax --variant fused_lmem --spv /data/local/tmp/jerry_work/ml_primitives/spv/softmax_fused_lmem.spv --rows 128 --repeats 4 --csv
[bench] widths: 128 256 512 1024 2048
[bench] log=/data/local/tmp/jerry_work/perfcounter_sweeps/sweep_20260625_174559/08_RAS/RAS_chunk001_benchmark.log
[chunk] saved /data/local/tmp/jerry_work/perfcounter_sweeps/sweep_20260625_174559/08_RAS/RAS_chunk001.csv (4 active counters, 2564 rows)
[chunk] RAS chunk 2 starting at enum-filtered index 4
[GET] RAS_STARVE_CYCLES_TSE                        group=0x7 selector=4 reg_low=0x224 reg_high=0x225
[GET] RAS_SUPER_TILES                              group=0x7 selector=5 reg_low=0x222 reg_high=0x223
[GET] RAS_8X4_TILES                                group=0x7 selector=6 reg_low=0x220 reg_high=0x221
[GET] RAS_MASKGEN_ACTIVE                           group=0x7 selector=7 reg_low=0x21e reg_high=0x21f
[bench] command_base: /data/local/tmp/jerry_work/ml_primitives/ml_primitive_bench --op softmax --variant fused_lmem --spv /data/local/tmp/jerry_work/ml_primitives/spv/softmax_fused_lmem.spv --rows 128 --repeats 4 --csv
[bench] bursts: 1
[bench] burst_sleep_s: 0.000000
[bench] width_count: 5
[bench] width_sleep_s: 0.100000
[bench] widths: 128 256 512 1024 2048
[bench] width_step 1/5 width=128 start
[bench] width_step_cmd: /data/local/tmp/jerry_work/ml_primitives/ml_primitive_bench --op softmax --variant fused_lmem --spv /data/local/tmp/jerry_work/ml_primitives/spv/softmax_fused_lmem.spv --rows 128 --repeats 4 --csv --width 128
op,variant,width,rows,elements,repeats,elapsed_ms,elements_per_s,estimated_bytes_per_element,estimated_bandwidth_GBps,verify,device
softmax,fused_lmem,128,128,16384,4,1.1027,59431871.357,8.000,0.475,PASS,"Adreno (TM) 830"
[bench] width_step 1/5 width=128 exit_status=0
[bench] sleeping 0.100000 s before next width
[bench] width_step 2/5 width=256 start
[bench] width_step_cmd: /data/local/tmp/jerry_work/ml_primitives/ml_primitive_bench --op softmax --variant fused_lmem --spv /data/local/tmp/jerry_work/ml_primitives/spv/softmax_fused_lmem.spv --rows 128 --repeats 4 --csv --width 256
op,variant,width,rows,elements,repeats,elapsed_ms,elements_per_s,estimated_bytes_per_element,estimated_bandwidth_GBps,verify,device
softmax,fused_lmem,256,128,32768,4,0.4719,277737870.476,8.000,2.222,PASS,"Adreno (TM) 830"
[bench] width_step 2/5 width=256 exit_status=0
[bench] sleeping 0.100000 s before next width
[bench] width_step 3/5 width=512 start
[bench] width_step_cmd: /data/local/tmp/jerry_work/ml_primitives/ml_primitive_bench --op softmax --variant fused_lmem --spv /data/local/tmp/jerry_work/ml_primitives/spv/softmax_fused_lmem.spv --rows 128 --repeats 4 --csv --width 512
op,variant,width,rows,elements,repeats,elapsed_ms,elements_per_s,estimated_bytes_per_element,estimated_bandwidth_GBps,verify,device
softmax,fused_lmem,512,128,65536,4,0.4873,537961915.980,8.000,4.304,PASS,"Adreno (TM) 830"
[bench] width_step 3/5 width=512 exit_status=0
[bench] sleeping 0.100000 s before next width
[bench] width_step 4/5 width=1024 start
[bench] width_step_cmd: /data/local/tmp/jerry_work/ml_primitives/ml_primitive_bench --op softmax --variant fused_lmem --spv /data/local/tmp/jerry_work/ml_primitives/spv/softmax_fused_lmem.spv --rows 128 --repeats 4 --csv --width 1024
op,variant,width,rows,elements,repeats,elapsed_ms,elements_per_s,estimated_bytes_per_element,estimated_bandwidth_GBps,verify,device
softmax,fused_lmem,1024,128,131072,4,0.7770,674732410.933,8.000,5.398,PASS,"Adreno (TM) 830"
[bench] width_step 4/5 width=1024 exit_status=0
[bench] sleeping 0.100000 s before next width
[bench] width_step 5/5 width=2048 start
[bench] width_step_cmd: /data/local/tmp/jerry_work/ml_primitives/ml_primitive_bench --op softmax --variant fused_lmem --spv /data/local/tmp/jerry_work/ml_primitives/spv/softmax_fused_lmem.spv --rows 128 --repeats 4 --csv --width 2048
op,variant,width,rows,elements,repeats,elapsed_ms,elements_per_s,estimated_bytes_per_element,estimated_bandwidth_GBps,verify,device
softmax,fused_lmem,2048,128,262144,4,0.8492,1234828955.906,8.000,9.879,PASS,"Adreno (TM) 830"
[bench] width_step 5/5 width=2048 exit_status=0
