y_work/perfcounter_sweeps/sweep_20260625_130734/08_RAS/RAS_chunk010_benchmark.log
[chunk] saved /data/local/tmp/jerry_work/perfcounter_sweeps/sweep_20260625_130734/08_RAS/RAS_chunk010.csv (3 active counters, 1323 rows)

[group] UCHE: total selected counters=203, physical slots=24
[chunk] UCHE chunk 1 starting at enum-filtered index 0
[GET] UCHE_NEVER_COUNT                             group=0x8 selector=0 reg_low=0x254 reg_high=0x255
[GET] UCHE_BUSY_CYCLES                             group=0x8 selector=1 reg_low=0x252 reg_high=0x253
[GET] UCHE_STALL_CYCLES_ARBITER                    group=0x8 selector=2 reg_low=0x250 reg_high=0x251
[GET] UCHE_VBIF_STALL_WRITE_DATA                   group=0x8 selector=3 reg_low=0x24e reg_high=0x24f
[GET] UCHE_STARVED_CYCLES_VBIF_DECMP               group=0x8 selector=4 reg_low=0x24c reg_high=0x24d
[GET] UCHE_STALL_CYCLES_DECMP                      group=0x8 selector=5 reg_low=0x24a reg_high=0x24b
[GET] UCHE_ARBITER_STALL_CYCLES_VBIF               group=0x8 selector=6 reg_low=0x248 reg_high=0x249
[GET] UCHE_VBIF_LATENCY_CYCLES                     group=0x8 selector=7 reg_low=0x246 reg_high=0x247
[GET] UCHE_VBIF_LATENCY_SAMPLES                    group=0x8 selector=8 reg_low=0x244 reg_high=0x245
[GET] UCHE_DCMP_LATENCY_SAMPLES                    group=0x8 selector=9 reg_low=0x242 reg_high=0x243
[GET] UCHE_DCMP_LATENCY_CYCLES                     group=0x8 selector=10 reg_low=0x240 reg_high=0x241
[GET] UCHE_READ_REQUESTS_SP                        group=0x8 selector=11 reg_low=0x23e reg_high=0x23f
[GET] UCHE_READ_REQUESTS_TP                        group=0x8 selector=12 reg_low=0x23c reg_high=0x23d
[GET] UCHE_READ_REQUESTS_TP_UBWC                   group=0x8 selector=13 reg_low=0x23a reg_high=0x23b
[GET] UCHE_READ_REQUESTS_TP_GBIF                   group=0x8 selector=14 reg_low=0x238 reg_high=0x239
[GET] UCHE_READ_REQUESTS_TP_GMEM                   group=0x8 selector=15 reg_low=0x236 reg_high=0x237
[GET] UCHE_READ_REQUESTS_VFD                       group=0x8 selector=16 reg_low=0x234 reg_high=0x235
[GET] UCHE_READ_REQUESTS_VPC                       group=0x8 selector=17 reg_low=0x232 reg_high=0x233
[GET] UCHE_READ_REQUESTS_HLSQ                      group=0x8 selector=18 reg_low=0x230 reg_high=0x231
[GET] UCHE_READ_REQUESTS_LRZ                       group=0x8 selector=19 reg_low=0x22e reg_high=0x22f
[GET] UCHE_READ_REQUESTS_PC                        group=0x8 selector=20 reg_low=0x22c reg_high=0x22d
[GET] UCHE_WRITE_REQUESTS_SP                       group=0x8 selector=21 reg_low=0x22a reg_high=0x22b
[GET] UCHE_WRITE_REQUESTS_LRZ                      group=0x8 selector=22 reg_low=0x228 reg_high=0x229
[GET] UCHE_WRITE_REQUESTS_VPC                      group=0x8 selector=23 reg_low=0x226 reg_high=0x227
[bench] command: /data/local/tmp/jerry_work/ml_primitives/ml_primitive_bench --op softmax --variant fused_lmem --spv /data/local/tmp/jerry_work/ml_primitives/spv/softmax_fused_lmem.spv --width 1024 --rows 128 --repeats 16 --csv
[bench] bursts: 3
[bench] burst_sleep_s: 0.200000
[bench] burst 1/3 start
op,variant,width,rows,elements,repeats,elapsed_ms,elements_per_s,estimated_bytes_per_element,estimated_bandwidth_GBps,verify,device
softmax,fused_lmem,1024,128,131072,16,3.2061,654103712.058,8.000,5.233,PASS,"Adreno (TM) 830"
[bench] burst 1/3 exit_status=0
[bench] sleeping 0.200000 s before next burst
[bench] burst 2/3 start
op,variant,width,rows,elements,repeats,elapsed_ms,elements_per_s,estimated_bytes_per_element,estimated_bandwidth_GBps,verify,device
softmax,fused_lmem,1024,128,131072,16,3.1155,673130433.080,8.000,5.385,PASS,"Adreno (TM) 830"
[bench] burst 2/3 exit_status=0
[bench] sleeping 0.200000 s before next burst
[bench] burst 3/3 start
op,variant,width,rows,elements,repeats,elapsed_ms,elements_per_s,estimated_bytes_per_element,estimated_bandwidth_GBps,verify,device
softmax,fused_lmem,1024,128,131072,16,3.3131,632983059.800,8.000,5.064,PASS,"Adreno (TM) 830"
[bench] burst 3/3 exit_status=0
