[GET] CCHE_STALL_CYCLES_UCHE                       group=0x8 selector=129 reg_low=0x242 reg_high=0x243
[GET] CCHE_UCHE_STALL_WRITE_DATA                   group=0x8 selector=130 reg_low=0x240 reg_high=0x241
[GET] CCHE_UCHE_LATENCY_CYCLES                     group=0x8 selector=131 reg_low=0x23e reg_high=0x23f
[GET] CCHE_UCHE_LATENCY_SAMPLES                    group=0x8 selector=132 reg_low=0x23c reg_high=0x23d
[GET] CCHE_READ_REQUESTS_SP_TOTAL                  group=0x8 selector=133 reg_low=0x23a reg_high=0x23b
[GET] CCHE_READ_REQUESTS_SP_UBWC                   group=0x8 selector=134 reg_low=0x238 reg_high=0x239
[GET] CCHE_READ_REQUESTS_SP_GBIF                   group=0x8 selector=135 reg_low=0x236 reg_high=0x237
[GET] CCHE_READ_REQUESTS_SP_GMEM                   group=0x8 selector=136 reg_low=0x234 reg_high=0x235
[GET] CCHE_READ_REQUESTS_TP_TOTAL                  group=0x8 selector=137 reg_low=0x232 reg_high=0x233
[GET] CCHE_READ_REQUESTS_TP_UBWC                   group=0x8 selector=138 reg_low=0x230 reg_high=0x231
[GET] CCHE_READ_REQUESTS_TP_GBIF                   group=0x8 selector=139 reg_low=0x22e reg_high=0x22f
[GET] CCHE_READ_REQUESTS_TP_GMEM                   group=0x8 selector=140 reg_low=0x22c reg_high=0x22d
[GET] CCHE_READ_REQUESTS_VFD_TOTAL                 group=0x8 selector=141 reg_low=0x22a reg_high=0x22b
[GET] CCHE_READ_REQUEST_VFD_GMEM                   group=0x8 selector=142 reg_low=0x228 reg_high=0x229
[GET] CCHE_READ_REQUEST_VFD_GBIF                   group=0x8 selector=143 reg_low=0x226 reg_high=0x227
[bench] command: /data/local/tmp/jerry_work/ml_primitives/ml_primitive_bench --op softmax --variant fused_lmem --spv /data/local/tmp/jerry_work/ml_primitives/spv/softmax_fused_lmem.spv --width 1024 --rows 128 --repeats 16 --csv
[bench] bursts: 3
[bench] burst_sleep_s: 0.200000
[bench] burst 1/3 start
op,variant,width,rows,elements,repeats,elapsed_ms,elements_per_s,estimated_bytes_per_element,estimated_bandwidth_GBps,verify,device
softmax,fused_lmem,1024,128,131072,16,1.3922,1506371265.950,8.000,12.051,PASS,"Adreno (TM) 830"
[bench] burst 1/3 exit_status=0
[bench] sleeping 0.200000 s before next burst
[bench] burst 2/3 start
op,variant,width,rows,elements,repeats,elapsed_ms,elements_per_s,estimated_bytes_per_element,estimated_bandwidth_GBps,verify,device
softmax,fused_lmem,1024,128,131072,16,1.3219,1586435559.604,8.000,12.691,PASS,"Adreno (TM) 830"
[bench] burst 2/3 exit_status=0
[bench] sleeping 0.200000 s before next burst
[bench] burst 3/3 start
op,variant,width,rows,elements,repeats,elapsed_ms,elements_per_s,estimated_bytes_per_element,estimated_bandwidth_GBps,verify,device
softmax,fused_lmem,1024,128,131072,16,1.3934,1505077204.075,8.000,12.041,PASS,"Adreno (TM) 830"
[bench] burst 3/3 exit_status=0
