2                               group=0x8 selector=163 reg_low=0x22e reg_high=0x22f
[GET] CCHE_BANK_REQ3                               group=0x8 selector=164 reg_low=0x22c reg_high=0x22d
[GET] CCHE_BANK_REQ4                               group=0x8 selector=165 reg_low=0x22a reg_high=0x22b
[GET] CCHE_BANK_REQ5                               group=0x8 selector=166 reg_low=0x228 reg_high=0x229
[GET] CCHE_BANK_REQ6                               group=0x8 selector=167 reg_low=0x226 reg_high=0x227
[bench] pid=8743 bursts=3 burst_sleep=0.200000 cmd=/data/local/tmp/jerry_work/ml_primitives/ml_primitive_bench --op softmax --variant fused_lmem --spv /data/local/tmp/jerry_work/ml_primitives/spv/softmax_fused_lmem.spv --width 1024 --rows 128 --repeats 16 --csv
[bench] log=/data/local/tmp/jerry_work/perfcounter_sweeps/sweep_20260625_130734/09_UCHE/UCHE_chunk007_benchmark.log
[chunk] saved /data/local/tmp/jerry_work/perfcounter_sweeps/sweep_20260625_130734/09_UCHE/UCHE_chunk007.csv (24 active counters, 1245 rows)
[chunk] UCHE chunk 8 starting at enum-filtered index 168
[GET] CCHE_BANK_REQ7                               group=0x8 selector=168 reg_low=0x254 reg_high=0x255
[GET] CCHE_BANK_REQ8                               group=0x8 selector=169 reg_low=0x252 reg_high=0x253
[GET] CCHE_BANK_REQ9                               group=0x8 selector=170 reg_low=0x250 reg_high=0x251
[GET] CCHE_BANK_REQ10                              group=0x8 selector=171 reg_low=0x24e reg_high=0x24f
[GET] CCHE_BANK_REQ11                              group=0x8 selector=172 reg_low=0x24c reg_high=0x24d
[GET] CCHE_BANK_REQ12                              group=0x8 selector=173 reg_low=0x24a reg_high=0x24b
[GET] CCHE_BANK_REQ13                              group=0x8 selector=174 reg_low=0x248 reg_high=0x249
[GET] CCHE_BANK_REQ14                              group=0x8 selector=175 reg_low=0x246 reg_high=0x247
[GET] CCHE_BANK_REQ15                              group=0x8 selector=176 reg_low=0x244 reg_high=0x245
[GET] CCHE_GBANK_REQ0                              group=0x8 selector=177 reg_low=0x242 reg_high=0x243
[GET] CCHE_GBANK_REQ1                              group=0x8 selector=178 reg_low=0x240 reg_high=0x241
[GET] CCHE_GBANK_REQ2                              group=0x8 selector=179 reg_low=0x23e reg_high=0x23f
[GET] CCHE_GBANK_REQ3                              group=0x8 selector=180 reg_low=0x23c reg_high=0x23d
[GET] CCHE_TPH_REF_FULL                            group=0x8 selector=181 reg_low=0x23a reg_high=0x23b
[GET] CCHE_TPH_VICTIM_FULL                         group=0x8 selector=182 reg_low=0x238 reg_high=0x239
[GET] CCHE_TPH_EXT_FULL                            group=0x8 selector=183 reg_low=0x236 reg_high=0x237
[GET] CCHE_RAM_READ_REQ                            group=0x8 selector=184 reg_low=0x234 reg_high=0x235
[GET] CCHE_RAM_WRITE_REQ                           group=0x8 selector=185 reg_low=0x232 reg_high=0x233
[GET] CCHE_TPH_CONFLICT_CL                         group=0x8 selector=186 reg_low=0x230 reg_high=0x231
[GET] CCHE_DBANK_CONFLICT                          group=0x8 selector=187 reg_low=0x22e reg_high=0x22f
[GET] CCHE_TPH_QUEUE_FULL                          group=0x8 selector=188 reg_low=0x22c reg_high=0x22d
[GET] CCHE_DPH_QUEUE_FULL                          group=0x8 selector=189 reg_low=0x22a reg_high=0x22b
[GET] CCHE_OPH_QUEUE_FULL                          group=0x8 selector=190 reg_low=0x228 reg_high=0x229
[GET] CCHE_WACK_QUEUE_FULL                         group=0x8 selector=191 reg_low=0x226 reg_high=0x227
[bench] command: /data/local/tmp/jerry_work/ml_primitives/ml_primitive_bench --op softmax --variant fused_lmem --spv /data/local/tmp/jerry_work/ml_primitives/spv/softmax_fused_lmem.spv --width 1024 --rows 128 --repeats 16 --csv
[bench] bursts: 3
[bench] burst_sleep_s: 0.200000
[bench] burst 1/3 start
op,variant,width,rows,elements,repeats,elapsed_ms,elements_per_s,estimated_bytes_per_element,estimated_bandwidth_GBps,verify,device
softmax,fused_lmem,1024,128,131072,16,1.5765,1330292763.719,8.000,10.642,PASS,"Adreno (TM) 830"
[bench] burst 1/3 exit_status=0
[bench] sleeping 0.200000 s before next burst
[bench] burst 2/3 start
op,variant,width,rows,elements,repeats,elapsed_ms,elements_per_s,estimated_bytes_per_element,estimated_bandwidth_GBps,verify,device
softmax,fused_lmem,1024,128,131072,16,1.3341,1572004899.323,8.000,12.576,PASS,"Adreno (TM) 830"
[bench] burst 2/3 exit_status=0
[bench] sleeping 0.200000 s before next burst
[bench] burst 3/3 start
op,variant,width,rows,elements,repeats,elapsed_ms,elements_per_s,estimated_bytes_per_element,estimated_bandwidth_GBps,verify,device
softmax,fused_lmem,1024,128,131072,16,1.3145,1595361387.445,8.000,12.763,PASS,"Adreno (TM) 830"
[bench] burst 3/3 exit_status=0
