O_PIXEL_PRIM                       group=0x6 selector=42 reg_low=0x218 reg_high=0x219
[GET] TSE_FE_OUTPUT_NULL_PRIM                      group=0x6 selector=43 reg_low=0x216 reg_high=0x217
[bench] pid=8585 bursts=3 burst_sleep=0.200000 cmd=/data/local/tmp/jerry_work/ml_primitives/ml_primitive_bench --op softmax --variant fused_lmem --spv /data/local/tmp/jerry_work/ml_primitives/spv/softmax_fused_lmem.spv --width 1024 --rows 128 --repeats 16 --csv
[bench] log=/data/local/tmp/jerry_work/perfcounter_sweeps/sweep_20260625_130734/07_TSE/TSE_chunk011_benchmark.log
[chunk] saved /data/local/tmp/jerry_work/perfcounter_sweeps/sweep_20260625_130734/07_TSE/TSE_chunk011.csv (4 active counters, 1313 rows)
[chunk] TSE chunk 12 starting at enum-filtered index 44
[GET] TSE_FE_OUTPUT_VISIBLE_PRIM                   group=0x6 selector=44 reg_low=0x21c reg_high=0x21d
[GET] TSE_FE_CINVOCATION                           group=0x6 selector=45 reg_low=0x21a reg_high=0x21b
[GET] TSE_FE_CPRIMITIVES                           group=0x6 selector=46 reg_low=0x218 reg_high=0x219
[GET] TSE_FE_CLIP_PLANES                           group=0x6 selector=47 reg_low=0x216 reg_high=0x217
[bench] pid=8589 bursts=3 burst_sleep=0.200000 cmd=/data/local/tmp/jerry_work/ml_primitives/ml_primitive_bench --op softmax --variant fused_lmem --spv /data/local/tmp/jerry_work/ml_primitives/spv/softmax_fused_lmem.spv --width 1024 --rows 128 --repeats 16 --csv
[bench] log=/data/local/tmp/jerry_work/perfcounter_sweeps/sweep_20260625_130734/07_TSE/TSE_chunk012_benchmark.log
[chunk] saved /data/local/tmp/jerry_work/perfcounter_sweeps/sweep_20260625_130734/07_TSE/TSE_chunk012.csv (4 active counters, 1308 rows)
[chunk] TSE chunk 13 starting at enum-filtered index 48
[GET] TSE_FE_EMPTY_BBOX_KILLED_PRIM                group=0x6 selector=48 reg_low=0x21c reg_high=0x21d
[GET] TSE_FE_ST1_VP_PARAMS_CACHE_MISS              group=0x6 selector=49 reg_low=0x21a reg_high=0x21b
[GET] TSE_FE_ST2_VPORT_VP_PARAMS_CACHE_MISS        group=0x6 selector=50 reg_low=0x218 reg_high=0x219
[GET] TSE_FE_ST2_SCISSOR_VP_PARAMS_CACHE_MISS      group=0x6 selector=51 reg_low=0x216 reg_high=0x217
[bench] command: /data/local/tmp/jerry_work/ml_primitives/ml_primitive_bench --op softmax --variant fused_lmem --spv /data/local/tmp/jerry_work/ml_primitives/spv/softmax_fused_lmem.spv --width 1024 --rows 128 --repeats 16 --csv
[bench] bursts: 3
[bench] burst_sleep_s: 0.200000
[bench] burst 1/3 start
op,variant,width,rows,elements,repeats,elapsed_ms,elements_per_s,estimated_bytes_per_element,estimated_bandwidth_GBps,verify,device
softmax,fused_lmem,1024,128,131072,16,3.2039,654560822.146,8.000,5.236,PASS,"Adreno (TM) 830"
[bench] burst 1/3 exit_status=0
[bench] sleeping 0.200000 s before next burst
[bench] burst 2/3 start
op,variant,width,rows,elements,repeats,elapsed_ms,elements_per_s,estimated_bytes_per_element,estimated_bandwidth_GBps,verify,device
softmax,fused_lmem,1024,128,131072,16,3.0992,676671122.628,8.000,5.413,PASS,"Adreno (TM) 830"
[bench] burst 2/3 exit_status=0
[bench] sleeping 0.200000 s before next burst
[bench] burst 3/3 start
op,variant,width,rows,elements,repeats,elapsed_ms,elements_per_s,estimated_bytes_per_element,estimated_bandwidth_GBps,verify,device
softmax,fused_lmem,1024,128,131072,16,2.9778,704271667.294,8.000,5.634,PASS,"Adreno (TM) 830"
[bench] burst 3/3 exit_status=0
