[bench] pid=8601 bursts=3 burst_sleep=0.200000 cmd=/data/local/tmp/jerry_work/ml_primitives/ml_primitive_bench --op softmax --variant fused_lmem --spv /data/local/tmp/jerry_work/ml_primitives/spv/softmax_fused_lmem.spv --width 1024 --rows 128 --repeats 16 --csv
[bench] log=/data/local/tmp/jerry_work/perfcounter_sweeps/sweep_20260625_130734/07_TSE/TSE_chunk015_benchmark.log
[chunk] saved /data/local/tmp/jerry_work/perfcounter_sweeps/sweep_20260625_130734/07_TSE/TSE_chunk015.csv (4 active counters, 1319 rows)
[chunk] TSE chunk 16 starting at enum-filtered index 60
[GET] TSE_FE_BV_STALLS_DUETO_BR                    group=0x6 selector=60 reg_low=0x21c reg_high=0x21d
[GET] TSE_BE_STALL_CYCLES_LRZ_PRIM                 group=0x6 selector=61 reg_low=0x21a reg_high=0x21b
[GET] TSE_FE_EARLY_BFCULL_GBCLIPPED_PRIM           group=0x6 selector=62 reg_low=0x218 reg_high=0x219
[GET] TSE_REG_PROGRAMMING_WORKING_CYCLE_L1         group=0x6 selector=63 reg_low=0x216 reg_high=0x217
[bench] command: /data/local/tmp/jerry_work/ml_primitives/ml_primitive_bench --op softmax --variant fused_lmem --spv /data/local/tmp/jerry_work/ml_primitives/spv/softmax_fused_lmem.spv --width 1024 --rows 128 --repeats 16 --csv
[bench] bursts: 3
[bench] burst_sleep_s: 0.200000
[bench] burst 1/3 start
op,variant,width,rows,elements,repeats,elapsed_ms,elements_per_s,estimated_bytes_per_element,estimated_bandwidth_GBps,verify,device
softmax,fused_lmem,1024,128,131072,16,1.2977,1616107812.856,8.000,12.929,PASS,"Adreno (TM) 830"
[bench] burst 1/3 exit_status=0
[bench] sleeping 0.200000 s before next burst
[bench] burst 2/3 start
op,variant,width,rows,elements,repeats,elapsed_ms,elements_per_s,estimated_bytes_per_element,estimated_bandwidth_GBps,verify,device
softmax,fused_lmem,1024,128,131072,16,1.1315,1853495224.745,8.000,14.828,PASS,"Adreno (TM) 830"
[bench] burst 2/3 exit_status=0
[bench] sleeping 0.200000 s before next burst
[bench] burst 3/3 start
op,variant,width,rows,elements,repeats,elapsed_ms,elements_per_s,estimated_bytes_per_element,estimated_bandwidth_GBps,verify,device
softmax,fused_lmem,1024,128,131072,16,1.4949,1402874848.819,8.000,11.223,PASS,"Adreno (TM) 830"
[bench] burst 3/3 exit_status=0
