[chunk] saved /data/local/tmp/jerry_work/perfcounter_sweeps/sweep_20260625_130734/07_TSE/TSE_chunk023.csv (4 active counters, 1320 rows)
[chunk] TSE chunk 24 starting at enum-filtered index 92
[GET] TSE_SETUP_CTRL_WORKING_CYCLE_L2              group=0x6 selector=92 reg_low=0x21c reg_high=0x21d
[GET] TSE_SETUP_FDP3_WORKING_CYCLE_L2              group=0x6 selector=93 reg_low=0x21a reg_high=0x21b
[GET] TSE_SETUP_FDP3_0_WORKING_CYCLE_L3            group=0x6 selector=94 reg_low=0x218 reg_high=0x219
[GET] TSE_SETUP_FDP3_1_WORKING_CYCLE_L3            group=0x6 selector=95 reg_low=0x216 reg_high=0x217
[bench] command: /data/local/tmp/jerry_work/ml_primitives/ml_primitive_bench --op softmax --variant fused_lmem --spv /data/local/tmp/jerry_work/ml_primitives/spv/softmax_fused_lmem.spv --width 1024 --rows 128 --repeats 16 --csv
[bench] bursts: 3
[bench] burst_sleep_s: 0.200000
[bench] burst 1/3 start
op,variant,width,rows,elements,repeats,elapsed_ms,elements_per_s,estimated_bytes_per_element,estimated_bandwidth_GBps,verify,device
softmax,fused_lmem,1024,128,131072,16,1.7293,1212737621.807,8.000,9.702,PASS,"Adreno (TM) 830"
[bench] burst 1/3 exit_status=0
[bench] sleeping 0.200000 s before next burst
[bench] burst 2/3 start
op,variant,width,rows,elements,repeats,elapsed_ms,elements_per_s,estimated_bytes_per_element,estimated_bandwidth_GBps,verify,device
softmax,fused_lmem,1024,128,131072,16,1.1086,1891722307.716,8.000,15.134,PASS,"Adreno (TM) 830"
[bench] burst 2/3 exit_status=0
[bench] sleeping 0.200000 s before next burst
[bench] burst 3/3 start
op,variant,width,rows,elements,repeats,elapsed_ms,elements_per_s,estimated_bytes_per_element,estimated_bandwidth_GBps,verify,device
softmax,fused_lmem,1024,128,131072,16,1.3109,1599798609.336,8.000,12.798,PASS,"Adreno (TM) 830"
[bench] burst 3/3 exit_status=0
