[GET] VPC_BE_PS_BUSY_CYCLES                        group=0x5 selector=60 reg_low=0x20a reg_high=0x20b
[GET] VPC_BE_PS_WORKING_CYCLES                     group=0x5 selector=61 reg_low=0x208 reg_high=0x209
[GET] VPC_BE_STALL_CYCLES_CCHE                     group=0x5 selector=62 reg_low=0x206 reg_high=0x207
[GET] VPC_BE_STARVE_CYCLES_CCHE                    group=0x5 selector=63 reg_low=0x204 reg_high=0x205
[GET] VPC_BE_LM_FULL_WAIT_FOR_INTP_END             group=0x5 selector=64 reg_low=0x202 reg_high=0x203
[GET] VPC_BE_CCHE_REQBUF_FULL                      group=0x5 selector=65 reg_low=0x200 reg_high=0x201
[bench] pid=8532 bursts=3 burst_sleep=0.200000 cmd=/data/local/tmp/jerry_work/ml_primitives/ml_primitive_bench --op softmax --variant fused_lmem --spv /data/local/tmp/jerry_work/ml_primitives/spv/softmax_fused_lmem.spv --width 1024 --rows 128 --repeats 16 --csv
[bench] log=/data/local/tmp/jerry_work/perfcounter_sweeps/sweep_20260625_130734/06_VPC/VPC_chunk011_benchmark.log
[chunk] saved /data/local/tmp/jerry_work/perfcounter_sweeps/sweep_20260625_130734/06_VPC/VPC_chunk011.csv (6 active counters, 1546 rows)
[chunk] VPC chunk 12 starting at enum-filtered index 66
[GET] VPC_BE_CCHE_NUM_POS_REQ                      group=0x5 selector=66 reg_low=0x20a reg_high=0x20b
[GET] VPC_BE_STALL_CYCLES_LM_ACK                   group=0x5 selector=67 reg_low=0x208 reg_high=0x209
[GET] VPC_BE_STALL_CYCLES_PRG_END_VPCPS            group=0x5 selector=68 reg_low=0x206 reg_high=0x207
[GET] VPC_BE_POS_OVERFETCH_ATTR                    group=0x5 selector=69 reg_low=0x204 reg_high=0x205
[GET] VPC_BE_BOTTLENECK                            group=0x5 selector=70 reg_low=0x202 reg_high=0x203
[bench] pid=8536 bursts=3 burst_sleep=0.200000 cmd=/data/local/tmp/jerry_work/ml_primitives/ml_primitive_bench --op softmax --variant fused_lmem --spv /data/local/tmp/jerry_work/ml_primitives/spv/softmax_fused_lmem.spv --width 1024 --rows 128 --repeats 16 --csv
[bench] log=/data/local/tmp/jerry_work/perfcounter_sweeps/sweep_20260625_130734/06_VPC/VPC_chunk012_benchmark.log
[chunk] saved /data/local/tmp/jerry_work/perfcounter_sweeps/sweep_20260625_130734/06_VPC/VPC_chunk012.csv (5 active counters, 1303 rows)

[group] TSE: total selected counters=119, physical slots=4
[chunk] TSE chunk 1 starting at enum-filtered index 0
[GET] TSE_NEVER_COUNT                              group=0x6 selector=0 reg_low=0x21c reg_high=0x21d
[GET] TSE_BE_BUSY_CYCLES                           group=0x6 selector=1 reg_low=0x21a reg_high=0x21b
[GET] TSE_BE_CLIPPING_CYCLES                       group=0x6 selector=2 reg_low=0x218 reg_high=0x219
[GET] TSE_BE_STALL_CYCLES_RAS                      group=0x6 selector=3 reg_low=0x216 reg_high=0x217
[bench] command: /data/local/tmp/jerry_work/ml_primitives/ml_primitive_bench --op softmax --variant fused_lmem --spv /data/local/tmp/jerry_work/ml_primitives/spv/softmax_fused_lmem.spv --width 1024 --rows 128 --repeats 16 --csv
[bench] bursts: 3
[bench] burst_sleep_s: 0.200000
[bench] burst 1/3 start
op,variant,width,rows,elements,repeats,elapsed_ms,elements_per_s,estimated_bytes_per_element,estimated_bandwidth_GBps,verify,device
softmax,fused_lmem,1024,128,131072,16,1.4737,1423054112.851,8.000,11.384,PASS,"Adreno (TM) 830"
[bench] burst 1/3 exit_status=0
[bench] sleeping 0.200000 s before next burst
[bench] burst 2/3 start
op,variant,width,rows,elements,repeats,elapsed_ms,elements_per_s,estimated_bytes_per_element,estimated_bandwidth_GBps,verify,device
softmax,fused_lmem,1024,128,131072,16,3.1572,664247002.157,8.000,5.314,PASS,"Adreno (TM) 830"
[bench] burst 2/3 exit_status=0
[bench] sleeping 0.200000 s before next burst
[bench] burst 3/3 start
op,variant,width,rows,elements,repeats,elapsed_ms,elements_per_s,estimated_bytes_per_element,estimated_bandwidth_GBps,verify,device
softmax,fused_lmem,1024,128,131072,16,1.3337,1572372633.552,8.000,12.579,PASS,"Adreno (TM) 830"
[bench] burst 3/3 exit_status=0
