ves/spv/softmax_fused_lmem.spv --width 1024 --rows 128 --repeats 16 --csv
[bench] log=/data/local/tmp/jerry_work/perfcounter_sweeps/sweep_20260625_130734/07_TSE/TSE_chunk019_benchmark.log
[chunk] saved /data/local/tmp/jerry_work/perfcounter_sweeps/sweep_20260625_130734/07_TSE/TSE_chunk019.csv (4 active counters, 1312 rows)
[chunk] TSE chunk 20 starting at enum-filtered index 76
[GET] TSE_CLIP_VP_FMUL_4_WORKING_CYCLE_L3          group=0x6 selector=76 reg_low=0x21c reg_high=0x21d
[GET] TSE_CLIP_VP_FMUL_5_WORKING_CYCLE_L3          group=0x6 selector=77 reg_low=0x21a reg_high=0x21b
[GET] TSE_CLIP_VP_FADD_WORKING_CYCLE_L2            group=0x6 selector=78 reg_low=0x218 reg_high=0x219
[GET] TSE_CLIP_VP_FADD_0_WORKING_CYCLE_L3          group=0x6 selector=79 reg_low=0x216 reg_high=0x217
[bench] command: /data/local/tmp/jerry_work/ml_primitives/ml_primitive_bench --op softmax --variant fused_lmem --spv /data/local/tmp/jerry_work/ml_primitives/spv/softmax_fused_lmem.spv --width 1024 --rows 128 --repeats 16 --csv
[bench] bursts: 3
[bench] burst_sleep_s: 0.200000
[bench] burst 1/3 start
op,variant,width,rows,elements,repeats,elapsed_ms,elements_per_s,estimated_bytes_per_element,estimated_bandwidth_GBps,verify,device
softmax,fused_lmem,1024,128,131072,16,1.6273,1288696974.147,8.000,10.310,PASS,"Adreno (TM) 830"
[bench] burst 1/3 exit_status=0
[bench] sleeping 0.200000 s before next burst
[bench] burst 2/3 start
op,variant,width,rows,elements,repeats,elapsed_ms,elements_per_s,estimated_bytes_per_element,estimated_bandwidth_GBps,verify,device
softmax,fused_lmem,1024,128,131072,16,1.3548,1547891860.613,8.000,12.383,PASS,"Adreno (TM) 830"
[bench] burst 2/3 exit_status=0
[bench] sleeping 0.200000 s before next burst
[bench] burst 3/3 start
op,variant,width,rows,elements,repeats,elapsed_ms,elements_per_s,estimated_bytes_per_element,estimated_bandwidth_GBps,verify,device
softmax,fused_lmem,1024,128,131072,16,1.3101,1600752306.687,8.000,12.806,PASS,"Adreno (TM) 830"
[bench] burst 3/3 exit_status=0
