mp/jerry_work/perfcounter_sweeps/sweep_20260625_130734/07_TSE/TSE_chunk002.csv (4 active counters, 1310 rows)
[chunk] TSE chunk 3 starting at enum-filtered index 8
[GET] TSE_BE_INPUT_NULL_PRIM                       group=0x6 selector=8 reg_low=0x21c reg_high=0x21d
[GET] TSE_BE_TRIVAL_REJ_PRIM                       group=0x6 selector=9 reg_low=0x21a reg_high=0x21b
[GET] TSE_BE_CLIPPED_PRIM                          group=0x6 selector=10 reg_low=0x218 reg_high=0x219
[GET] TSE_BE_ZERO_AREA_PRIM                        group=0x6 selector=11 reg_low=0x216 reg_high=0x217
[bench] pid=8548 bursts=3 burst_sleep=0.200000 cmd=/data/local/tmp/jerry_work/ml_primitives/ml_primitive_bench --op softmax --variant fused_lmem --spv /data/local/tmp/jerry_work/ml_primitives/spv/softmax_fused_lmem.spv --width 1024 --rows 128 --repeats 16 --csv
[bench] log=/data/local/tmp/jerry_work/perfcounter_sweeps/sweep_20260625_130734/07_TSE/TSE_chunk003_benchmark.log
[chunk] saved /data/local/tmp/jerry_work/perfcounter_sweeps/sweep_20260625_130734/07_TSE/TSE_chunk003.csv (4 active counters, 1322 rows)
[chunk] TSE chunk 4 starting at enum-filtered index 12
[GET] TSE_BE_FACENESS_CULLED_PRIM                  group=0x6 selector=12 reg_low=0x21c reg_high=0x21d
[GET] TSE_BE_ZERO_PIXEL_PRIM                       group=0x6 selector=13 reg_low=0x21a reg_high=0x21b
[GET] TSE_BE_OUTPUT_NULL_PRIM                      group=0x6 selector=14 reg_low=0x218 reg_high=0x219
[GET] TSE_BE_OUTPUT_VISIBLE_PRIM                   group=0x6 selector=15 reg_low=0x216 reg_high=0x217
[bench] pid=8552 bursts=3 burst_sleep=0.200000 cmd=/data/local/tmp/jerry_work/ml_primitives/ml_primitive_bench --op softmax --variant fused_lmem --spv /data/local/tmp/jerry_work/ml_primitives/spv/softmax_fused_lmem.spv --width 1024 --rows 128 --repeats 16 --csv
[bench] log=/data/local/tmp/jerry_work/perfcounter_sweeps/sweep_20260625_130734/07_TSE/TSE_chunk004_benchmark.log
[chunk] saved /data/local/tmp/jerry_work/perfcounter_sweeps/sweep_20260625_130734/07_TSE/TSE_chunk004.csv (4 active counters, 1316 rows)
[chunk] TSE chunk 5 starting at enum-filtered index 16
[GET] TSE_BE_CINVOCATION                           group=0x6 selector=16 reg_low=0x21c reg_high=0x21d
[GET] TSE_BE_CPRIMITIVES                           group=0x6 selector=17 reg_low=0x21a reg_high=0x21b
[GET] TSE_BE_2D_INPUT_PRIM                         group=0x6 selector=18 reg_low=0x218 reg_high=0x219
[GET] TSE_BE_2D_ALIVE_CYCLES                       group=0x6 selector=19 reg_low=0x216 reg_high=0x217
[bench] pid=8556 bursts=3 burst_sleep=0.200000 cmd=/data/local/tmp/jerry_work/ml_primitives/ml_primitive_bench --op softmax --variant fused_lmem --spv /data/local/tmp/jerry_work/ml_primitives/spv/softmax_fused_lmem.spv --width 1024 --rows 128 --repeats 16 --csv
[bench] log=/data/local/tmp/jerry_work/perfcounter_sweeps/sweep_20260625_130734/07_TSE/TSE_chunk005_benchmark.log
[chunk] saved /data/local/tmp/jerry_work/perfcounter_sweeps/sweep_20260625_130734/07_TSE/TSE_chunk005.csv (4 active counters, 1318 rows)
[chunk] TSE chunk 6 starting at enum-filtered index 20
[GET] TSE_BE_CLIP_PLANES                           group=0x6 selector=20 reg_low=0x21c reg_high=0x21d
[GET] TSE_BE_EMPTY_BBOX_KILLED_PRIM                group=0x6 selector=21 reg_low=0x21a reg_high=0x21b
[GET] TSE_BE_ST1_VP_PARAMS_CACHE_MISS              group=0x6 selector=22 reg_low=0x218 reg_high=0x219
[GET] TSE_BE_ST2_VPORT_VP_PARAMS_CACHE_MISS        group=0x6 selector=23 reg_low=0x216 reg_high=0x217
[bench] command: /data/local/tmp/jerry_work/ml_primitives/ml_primitive_bench --op softmax --variant fused_lmem --spv /data/local/tmp/jerry_work/ml_primitives/spv/softmax_fused_lmem.spv --width 1024 --rows 128 --repeats 16 --csv
[bench] bursts: 3
[bench] burst_sleep_s: 0.200000
[bench] burst 1/3 start
op,variant,width,rows,elements,repeats,elapsed_ms,elements_per_s,estimated_bytes_per_element,estimated_bandwidth_GBps,verify,device
softmax,fused_lmem,1024,128,131072,16,1.4406,1455776277.912,8.000,11.646,PASS,"Adreno (TM) 830"
[bench] burst 1/3 exit_status=0
[bench] sleeping 0.200000 s before next burst
[bench] burst 2/3 start
op,variant,width,rows,elements,repeats,elapsed_ms,elements_per_s,estimated_bytes_per_element,estimated_bandwidth_GBps,verify,device
softmax,fused_lmem,1024,128,131072,16,1.3411,1563763288.601,8.000,12.510,PASS,"Adreno (TM) 830"
[bench] burst 2/3 exit_status=0
[bench] sleeping 0.200000 s before next burst
[bench] burst 3/3 start
op,variant,width,rows,elements,repeats,elapsed_ms,elements_per_s,estimated_bytes_per_element,estimated_bandwidth_GBps,verify,device
softmax,fused_lmem,1024,128,131072,16,1.2924,1622685306.980,8.000,12.981,PASS,"Adreno (TM) 830"
[bench] burst 3/3 exit_status=0
