variant fused_lmem --spv /data/local/tmp/jerry_work/ml_primitives/spv/softmax_fused_lmem.spv --width 1024 --rows 128 --repeats 16 --csv
[bench] log=/data/local/tmp/jerry_work/perfcounter_sweeps/sweep_20260625_130734/01_CP/CP_chunk002_benchmark.log
[chunk] saved /data/local/tmp/jerry_work/perfcounter_sweeps/sweep_20260625_130734/01_CP/CP_chunk002.csv (14 active counters, 1244 rows)
[chunk] CP chunk 3 starting at enum-filtered index 28
[GET] CP_SQE_SYNC_STALL                            group=0x0 selector=28 reg_low=0x1ca reg_high=0x1cb
[GET] CP_SQE_PM4_WFI_STALL                         group=0x0 selector=29 reg_low=0x1c8 reg_high=0x1c9
[GET] CP_SQE_SYS_WFI_STALL                         group=0x0 selector=30 reg_low=0x1c6 reg_high=0x1c7
[GET] CP_WAIT_ON_OTHER_PIPE                        group=0x0 selector=31 reg_low=0x1c4 reg_high=0x1c5
[GET] CP_OUTPUT_BLOCKED                            group=0x0 selector=32 reg_low=0x1c2 reg_high=0x1c3
[GET] CP_SQE_T4_EXEC                               group=0x0 selector=33 reg_low=0x1c0 reg_high=0x1c1
[GET] CP_SQE_LOAD_STATE_EXEC                       group=0x0 selector=34 reg_low=0x1be reg_high=0x1bf
[GET] CP_SQE_SAVE_SDS_STATE                        group=0x0 selector=35 reg_low=0x1bc reg_high=0x1bd
[GET] CP_SQE_DRAW_EXEC                             group=0x0 selector=36 reg_low=0x1ba reg_high=0x1bb
[GET] CP_SQE_CTXT_REG_BUNCH_EXEC                   group=0x0 selector=37 reg_low=0x1b8 reg_high=0x1b9
[GET] CP_SQE_EXEC_PROFILED                         group=0x0 selector=38 reg_low=0x1b6 reg_high=0x1b7
[GET] CP_MEMORY_POOL_EMPTY                         group=0x0 selector=39 reg_low=0x1b4 reg_high=0x1b5
[GET] CP_MEMORY_POOL_SYNC_STALL                    group=0x0 selector=40 reg_low=0x1b2 reg_high=0x1b3
[GET] CP_MEMORY_POOL_ABOVE_THRESH                  group=0x0 selector=41 reg_low=0x1b0 reg_high=0x1b1
[bench] pid=8277 bursts=3 burst_sleep=0.200000 cmd=/data/local/tmp/jerry_work/ml_primitives/ml_primitive_bench --op softmax --variant fused_lmem --spv /data/local/tmp/jerry_work/ml_primitives/spv/softmax_fused_lmem.spv --width 1024 --rows 128 --repeats 16 --csv
[bench] log=/data/local/tmp/jerry_work/perfcounter_sweeps/sweep_20260625_130734/01_CP/CP_chunk003_benchmark.log
[chunk] saved /data/local/tmp/jerry_work/perfcounter_sweeps/sweep_20260625_130734/01_CP/CP_chunk003.csv (14 active counters, 1276 rows)
[chunk] CP chunk 4 starting at enum-filtered index 42
[GET] CP_MEMORY_POOL_BELOW_THRESH                  group=0x0 selector=42 reg_low=0x1ca reg_high=0x1cb
[GET] CP_AHB_WR_STALL_PRE_DRAWS                    group=0x0 selector=43 reg_low=0x1c8 reg_high=0x1c9
[GET] CP_AHB_STALL_SQE_GMU                         group=0x0 selector=44 reg_low=0x1c6 reg_high=0x1c7
[GET] CP_AHB_STALL_SQE_WR_OTHER                    group=0x0 selector=45 reg_low=0x1c4 reg_high=0x1c5
[GET] CP_AHB_STALL_SQE_RD_OTHER                    group=0x0 selector=46 reg_low=0x1c2 reg_high=0x1c3
[GET] CP_CLUSTER_FE_U_EMPTY                        group=0x0 selector=47 reg_low=0x1c0 reg_high=0x1c1
[GET] CP_CLUSTER_FE_S_EMPTY                        group=0x0 selector=48 reg_low=0x1be reg_high=0x1bf
[GET] CP_CLUSTER_SP_VS_EMPTY                       group=0x0 selector=49 reg_low=0x1bc reg_high=0x1bd
[GET] CP_CLUSTER_VPC_US_EMPTY                      group=0x0 selector=50 reg_low=0x1ba reg_high=0x1bb
[GET] CP_CLUSTER_VPC_VS_EMPTY                      group=0x0 selector=51 reg_low=0x1b8 reg_high=0x1b9
[GET] CP_CLUSTER_GRAS_EMPTY                        group=0x0 selector=52 reg_low=0x1b6 reg_high=0x1b7
[GET] CP_CLUSTER_SP_PS_EMPTY                       group=0x0 selector=53 reg_low=0x1b4 reg_high=0x1b5
[GET] CP_CLUSTER_VPC_PS_EMPTY                      group=0x0 selector=54 reg_low=0x1b2 reg_high=0x1b3
[GET] CP_CLUSTER_PS_EMPTY                          group=0x0 selector=55 reg_low=0x1b0 reg_high=0x1b1
[bench] command: /data/local/tmp/jerry_work/ml_primitives/ml_primitive_bench --op softmax --variant fused_lmem --spv /data/local/tmp/jerry_work/ml_primitives/spv/softmax_fused_lmem.spv --width 1024 --rows 128 --repeats 16 --csv
[bench] bursts: 3
[bench] burst_sleep_s: 0.200000
[bench] burst 1/3 start
op,variant,width,rows,elements,repeats,elapsed_ms,elements_per_s,estimated_bytes_per_element,estimated_bandwidth_GBps,verify,device
softmax,fused_lmem,1024,128,131072,16,3.2036,654624978.891,8.000,5.237,PASS,"Adreno (TM) 830"
[bench] burst 1/3 exit_status=0
[bench] sleeping 0.200000 s before next burst
[bench] burst 2/3 start
op,variant,width,rows,elements,repeats,elapsed_ms,elements_per_s,estimated_bytes_per_element,estimated_bandwidth_GBps,verify,device
softmax,fused_lmem,1024,128,131072,16,3.1009,676296229.172,8.000,5.410,PASS,"Adreno (TM) 830"
[bench] burst 2/3 exit_status=0
[bench] sleeping 0.200000 s before next burst
[bench] burst 3/3 start
op,variant,width,rows,elements,repeats,elapsed_ms,elements_per_s,estimated_bytes_per_element,estimated_bandwidth_GBps,verify,device
softmax,fused_lmem,1024,128,131072,16,3.1509,665575333.414,8.000,5.325,PASS,"Adreno (TM) 830"
[bench] burst 3/3 exit_status=0
