l_primitives/spv/softmax_fused_lmem.spv --width 1024 --rows 128 --repeats 16 --csv
[bench] log=/data/local/tmp/jerry_work/perfcounter_sweeps/sweep_20260625_130734/11_SP/SP_chunk006_benchmark.log
[chunk] saved /data/local/tmp/jerry_work/perfcounter_sweeps/sweep_20260625_130734/11_SP/SP_chunk006.csv (24 active counters, 1239 rows)
[chunk] SP chunk 7 starting at enum-filtered index 144
[GET] SP_STCHE_MISS_INC_LPAC                       group=0xa selector=144 reg_low=0x29c reg_high=0x29d
[GET] SP_VGPR_ACTIVE_CONTEXTS                      group=0xa selector=145 reg_low=0x29a reg_high=0x29b
[GET] SP_PGPR_ALLOC_CONTEXTS                       group=0xa selector=146 reg_low=0x298 reg_high=0x299
[GET] SP_VGPR_ALLOC_CONTEXTS                       group=0xa selector=147 reg_low=0x296 reg_high=0x297
[GET] SP_RTU_RAY_BOX_INTERSECTIONS                 group=0xa selector=148 reg_low=0x294 reg_high=0x295
[GET] SP_RTU_RAY_TRIANGLE_INTERSECTIONS            group=0xa selector=149 reg_low=0x292 reg_high=0x293
[GET] SP_SCH_STALL_CYCLES_RTU                      group=0xa selector=150 reg_low=0x290 reg_high=0x291
[GET] SP_EFU_WORKING_CYCLES                        group=0xa selector=151 reg_low=0x28e reg_high=0x28f
[GET] SP_BRANCH_TAKEN                              group=0xa selector=152 reg_low=0x28c reg_high=0x28d
[GET] SP_BRANCH_NOT_TAKEN                          group=0xa selector=153 reg_low=0x28a reg_high=0x28b
[GET] SP_BRANCH_INS_DIVERGENCY_COUNT               group=0xa selector=154 reg_low=0x288 reg_high=0x289
[GET] SP_BRANCH_INS_COUNT                          group=0xa selector=155 reg_low=0x286 reg_high=0x287
[GET] SP_PREDICT_TAKEN                             group=0xa selector=156 reg_low=0x284 reg_high=0x285
[GET] SP_PREDICT_NOT_TAKEN                         group=0xa selector=157 reg_low=0x282 reg_high=0x283
[GET] SP_PREDICT_INS_DIVERGENCY_COUNT              group=0xa selector=158 reg_low=0x280 reg_high=0x281
[GET] SP_PREDICT_INS_COUNT                         group=0xa selector=159 reg_low=0x27e reg_high=0x27f
[GET] SP_CCHE_UAV_TOTAL_REQ                        group=0xa selector=160 reg_low=0x27c reg_high=0x27d
[GET] SP_CCHE_UAV_TOTAL_DUALQUAD                   group=0xa selector=161 reg_low=0x27a reg_high=0x27b
[GET] SP_CCHE_NONUAV_TOTAL_REQ                     group=0xa selector=162 reg_low=0x278 reg_high=0x279
[GET] SP_CCHE_NONUAV_TOTAL_DUALQUAD                group=0xa selector=163 reg_low=0x276 reg_high=0x277
[GET] SP_LB_NONUAV_TOTAL_REQ                       group=0xa selector=164 reg_low=0x274 reg_high=0x275
[GET] SP_LB_NONUAV_TOTAL_DUALQUAD                  group=0xa selector=165 reg_low=0x272 reg_high=0x273
[GET] SP_LB_READ_XFER_ALU                          group=0xa selector=166 reg_low=0x270 reg_high=0x271
[GET] SP_LB_ALU_READ_CONS                          group=0xa selector=167 reg_low=0x26e reg_high=0x26f
[bench] command: /data/local/tmp/jerry_work/ml_primitives/ml_primitive_bench --op softmax --variant fused_lmem --spv /data/local/tmp/jerry_work/ml_primitives/spv/softmax_fused_lmem.spv --width 1024 --rows 128 --repeats 16 --csv
[bench] bursts: 3
[bench] burst_sleep_s: 0.200000
[bench] burst 1/3 start
op,variant,width,rows,elements,repeats,elapsed_ms,elements_per_s,estimated_bytes_per_element,estimated_bandwidth_GBps,verify,device
softmax,fused_lmem,1024,128,131072,16,3.1893,657564897.296,8.000,5.261,PASS,"Adreno (TM) 830"
[bench] burst 1/3 exit_status=0
[bench] sleeping 0.200000 s before next burst
[bench] burst 2/3 start
op,variant,width,rows,elements,repeats,elapsed_ms,elements_per_s,estimated_bytes_per_element,estimated_bandwidth_GBps,verify,device
softmax,fused_lmem,1024,128,131072,16,3.2481,645650028.863,8.000,5.165,PASS,"Adreno (TM) 830"
[bench] burst 2/3 exit_status=0
[bench] sleeping 0.200000 s before next burst
[bench] burst 3/3 start
op,variant,width,rows,elements,repeats,elapsed_ms,elements_per_s,estimated_bytes_per_element,estimated_bandwidth_GBps,verify,device
softmax,fused_lmem,1024,128,131072,16,3.1370,668514911.074,8.000,5.348,PASS,"Adreno (TM) 830"
[bench] burst 3/3 exit_status=0
