    group=0xa selector=111 reg_low=0x27e reg_high=0x27f
[GET] SP_HALF_ALU_MUL_INSTRUCTIONS                 group=0xa selector=112 reg_low=0x27c reg_high=0x27d
[GET] SP_FULL_ALU_ADD_INSTRUCTIONS                 group=0xa selector=113 reg_low=0x27a reg_high=0x27b
[GET] SP_HALF_ALU_ADD_INSTRUCTIONS                 group=0xa selector=114 reg_low=0x278 reg_high=0x279
[GET] SP_BARY_FP32_INSTRUCTIONS                    group=0xa selector=115 reg_low=0x276 reg_high=0x277
[GET] SP_ALU_GPR_READ_CYCLES                       group=0xa selector=116 reg_low=0x274 reg_high=0x275
[GET] SP_ALU_DATA_FORWARDING_CYCLES                group=0xa selector=117 reg_low=0x272 reg_high=0x273
[GET] SP_LM_FULL_CYCLES                            group=0xa selector=118 reg_low=0x270 reg_high=0x271
[GET] SP_TEXTURE_FETCH_LATENCY_CYCLES              group=0xa selector=119 reg_low=0x26e reg_high=0x26f
[bench] pid=8820 bursts=3 burst_sleep=0.200000 cmd=/data/local/tmp/jerry_work/ml_primitives/ml_primitive_bench --op softmax --variant fused_lmem --spv /data/local/tmp/jerry_work/ml_primitives/spv/softmax_fused_lmem.spv --width 1024 --rows 128 --repeats 16 --csv
[bench] log=/data/local/tmp/jerry_work/perfcounter_sweeps/sweep_20260625_130734/11_SP/SP_chunk005_benchmark.log
[chunk] saved /data/local/tmp/jerry_work/perfcounter_sweeps/sweep_20260625_130734/11_SP/SP_chunk005.csv (24 active counters, 1245 rows)
[chunk] SP chunk 6 starting at enum-filtered index 120
[GET] SP_TEXTURE_FETCH_LATENCY_SAMPLES             group=0xa selector=120 reg_low=0x29c reg_high=0x29d
[GET] SP_FS_STAGE_PI_TEX_INSTRUCTION               group=0xa selector=121 reg_low=0x29a reg_high=0x29b
[GET] SP_RAY_QUERY_INSTRUCTIONS                    group=0xa selector=122 reg_low=0x298 reg_high=0x299
[GET] SP_RBRT_KICKOFF_FIBERS                       group=0xa selector=123 reg_low=0x296 reg_high=0x297
[GET] SP_RBRT_KICKOFF_DQUADS                       group=0xa selector=124 reg_low=0x294 reg_high=0x295
[GET] SP_RTU_BUSY_CYCLES                           group=0xa selector=125 reg_low=0x292 reg_high=0x293
[GET] SP_RTU_L0_HITS                               group=0xa selector=126 reg_low=0x290 reg_high=0x291
[GET] SP_RTU_L0_MISSES                             group=0xa selector=127 reg_low=0x28e reg_high=0x28f
[GET] SP_RTU_L0_HIT_ON_MISS                        group=0xa selector=128 reg_low=0x28c reg_high=0x28d
[GET] SP_RTU_STALL_CYCLES_WAVE_QUEUE               group=0xa selector=129 reg_low=0x28a reg_high=0x28b
[GET] SP_RTU_STALL_CYCLES_L0_HIT_QUEUE             group=0xa selector=130 reg_low=0x288 reg_high=0x289
[GET] SP_RTU_STALL_CYCLES_L0_MISS_QUEUE            group=0xa selector=131 reg_low=0x286 reg_high=0x287
[GET] SP_RTU_STALL_CYCLES_L0D_IDX_QUEUE            group=0xa selector=132 reg_low=0x284 reg_high=0x285
[GET] SP_RTU_STALL_CYCLES_L0DATA                   group=0xa selector=133 reg_low=0x282 reg_high=0x283
[GET] SP_RTU_STALL_CYCLES_REPLACE_CNT              group=0xa selector=134 reg_low=0x280 reg_high=0x281
[GET] SP_RTU_STALL_CYCLES_MRG_CNT                  group=0xa selector=135 reg_low=0x27e reg_high=0x27f
[GET] SP_RTU_STALL_CYCLES_UCHE                     group=0xa selector=136 reg_low=0x27c reg_high=0x27d
[GET] SP_RTU_OPERAND_FETCH_STALL_CYCLES_L0         group=0xa selector=137 reg_low=0x27a reg_high=0x27b
[GET] SP_RTU_OPERAND_FETCH_STALL_CYCLES_INS_FIFO   group=0xa selector=138 reg_low=0x278 reg_high=0x279
[GET] SP_RTU_BVH_FETCH_LATENCY_CYCLES              group=0xa selector=139 reg_low=0x276 reg_high=0x277
[GET] SP_RTU_BVH_FETCH_LATENCY_SAMPLES             group=0xa selector=140 reg_low=0x274 reg_high=0x275
[GET] SP_STCHE_MISS_INC_VS                         group=0xa selector=141 reg_low=0x272 reg_high=0x273
[GET] SP_STCHE_MISS_INC_FS                         group=0xa selector=142 reg_low=0x270 reg_high=0x271
[GET] SP_STCHE_MISS_INC_BV                         group=0xa selector=143 reg_low=0x26e reg_high=0x26f
[bench] command: /data/local/tmp/jerry_work/ml_primitives/ml_primitive_bench --op softmax --variant fused_lmem --spv /data/local/tmp/jerry_work/ml_primitives/spv/softmax_fused_lmem.spv --width 1024 --rows 128 --repeats 16 --csv
[bench] bursts: 3
[bench] burst_sleep_s: 0.200000
[bench] burst 1/3 start
op,variant,width,rows,elements,repeats,elapsed_ms,elements_per_s,estimated_bytes_per_element,estimated_bandwidth_GBps,verify,device
softmax,fused_lmem,1024,128,131072,16,1.4317,1464779052.314,8.000,11.718,PASS,"Adreno (TM) 830"
[bench] burst 1/3 exit_status=0
[bench] sleeping 0.200000 s before next burst
[bench] burst 2/3 start
op,variant,width,rows,elements,repeats,elapsed_ms,elements_per_s,estimated_bytes_per_element,estimated_bandwidth_GBps,verify,device
softmax,fused_lmem,1024,128,131072,16,1.3377,1567780081.142,8.000,12.542,PASS,"Adreno (TM) 830"
[bench] burst 2/3 exit_status=0
[bench] sleeping 0.200000 s before next burst
[bench] burst 3/3 start
op,variant,width,rows,elements,repeats,elapsed_ms,elements_per_s,estimated_bytes_per_element,estimated_bandwidth_GBps,verify,device
softmax,fused_lmem,1024,128,131072,16,1.3284,1578660050.375,8.000,12.629,PASS,"Adreno (TM) 830"
[bench] burst 3/3 exit_status=0
