             group=0x2 selector=61 reg_low=0x1d8 reg_high=0x1d9
[GET] PC_S_STALL_CYCLES_VFD                        group=0x2 selector=62 reg_low=0x1d6 reg_high=0x1d7
[GET] PC_S_STALL_CYCLES_VPC_FE                     group=0x2 selector=63 reg_low=0x1d4 reg_high=0x1d5
[bench] pid=8354 bursts=3 burst_sleep=0.200000 cmd=/data/local/tmp/jerry_work/ml_primitives/ml_primitive_bench --op softmax --variant fused_lmem --spv /data/local/tmp/jerry_work/ml_primitives/spv/softmax_fused_lmem.spv --width 1024 --rows 128 --repeats 16 --csv
[bench] log=/data/local/tmp/jerry_work/perfcounter_sweeps/sweep_20260625_130734/03_PC/PC_chunk008_benchmark.log
[chunk] saved /data/local/tmp/jerry_work/perfcounter_sweeps/sweep_20260625_130734/03_PC/PC_chunk008.csv (8 active counters, 1304 rows)
[chunk] PC chunk 9 starting at enum-filtered index 64
[GET] PC_S_STALL_CYCLES_TESS                       group=0x2 selector=64 reg_low=0x1e2 reg_high=0x1e3
[GET] PC_S_STALL_CYCLES_VFD_ONLY                   group=0x2 selector=65 reg_low=0x1e0 reg_high=0x1e1
[GET] PC_S_STALL_CYCLES_VPC_ONLY                   group=0x2 selector=66 reg_low=0x1de reg_high=0x1df
[GET] PC_S_VPC_PRIMITIVES                          group=0x2 selector=67 reg_low=0x1dc reg_high=0x1dd
[GET] PC_S_VERTEX_HITS                             group=0x2 selector=68 reg_low=0x1da reg_high=0x1db
[GET] PC_S_IA_VERTICES                             group=0x2 selector=69 reg_low=0x1d8 reg_high=0x1d9
[GET] PC_S_IA_PRIMITIVES                           group=0x2 selector=70 reg_low=0x1d6 reg_high=0x1d7
[GET] PC_S_HS_INVOCATIONS                          group=0x2 selector=71 reg_low=0x1d4 reg_high=0x1d5
[bench] pid=8358 bursts=3 burst_sleep=0.200000 cmd=/data/local/tmp/jerry_work/ml_primitives/ml_primitive_bench --op softmax --variant fused_lmem --spv /data/local/tmp/jerry_work/ml_primitives/spv/softmax_fused_lmem.spv --width 1024 --rows 128 --repeats 16 --csv
[bench] log=/data/local/tmp/jerry_work/perfcounter_sweeps/sweep_20260625_130734/03_PC/PC_chunk009_benchmark.log
[chunk] saved /data/local/tmp/jerry_work/perfcounter_sweeps/sweep_20260625_130734/03_PC/PC_chunk009.csv (8 active counters, 1298 rows)
[chunk] PC chunk 10 starting at enum-filtered index 72
[GET] PC_S_DS_INVOCATIONS                          group=0x2 selector=72 reg_low=0x1e2 reg_high=0x1e3
[GET] PC_S_VS_INVOCATIONS                          group=0x2 selector=73 reg_low=0x1e0 reg_high=0x1e1
[GET] PC_S_GS_INVOCATIONS                          group=0x2 selector=74 reg_low=0x1de reg_high=0x1df
[GET] PC_S_DS_PRIMITIVES                           group=0x2 selector=75 reg_low=0x1dc reg_high=0x1dd
[GET] PC_S_TESS_BUSY_CYCLES                        group=0x2 selector=76 reg_low=0x1da reg_high=0x1db
[GET] PC_S_TESS_WORKING_CYCLES                     group=0x2 selector=77 reg_low=0x1d8 reg_high=0x1d9
[GET] PC_S_TESS_STALL_CYCLES_PC                    group=0x2 selector=78 reg_low=0x1d6 reg_high=0x1d7
[GET] PC_S_TESS_STARVE_CYCLES_PC                   group=0x2 selector=79 reg_low=0x1d4 reg_high=0x1d5
[bench] command: /data/local/tmp/jerry_work/ml_primitives/ml_primitive_bench --op softmax --variant fused_lmem --spv /data/local/tmp/jerry_work/ml_primitives/spv/softmax_fused_lmem.spv --width 1024 --rows 128 --repeats 16 --csv
[bench] bursts: 3
[bench] burst_sleep_s: 0.200000
[bench] burst 1/3 start
op,variant,width,rows,elements,repeats,elapsed_ms,elements_per_s,estimated_bytes_per_element,estimated_bandwidth_GBps,verify,device
softmax,fused_lmem,1024,128,131072,16,1.4303,1466218932.499,8.000,11.730,PASS,"Adreno (TM) 830"
[bench] burst 1/3 exit_status=0
[bench] sleeping 0.200000 s before next burst
[bench] burst 2/3 start
op,variant,width,rows,elements,repeats,elapsed_ms,elements_per_s,estimated_bytes_per_element,estimated_bandwidth_GBps,verify,device
softmax,fused_lmem,1024,128,131072,16,1.3155,1594223809.151,8.000,12.754,PASS,"Adreno (TM) 830"
[bench] burst 2/3 exit_status=0
[bench] sleeping 0.200000 s before next burst
[bench] burst 3/3 start
op,variant,width,rows,elements,repeats,elapsed_ms,elements_per_s,estimated_bytes_per_element,estimated_bandwidth_GBps,verify,device
softmax,fused_lmem,1024,128,131072,16,1.3494,1554165446.966,8.000,12.433,PASS,"Adreno (TM) 830"
[bench] burst 3/3 exit_status=0
