S_8X4_TILES                                group=0x7 selector=6 reg_low=0x220 reg_high=0x221
[GET] RAS_MASKGEN_ACTIVE                           group=0x7 selector=7 reg_low=0x21e reg_high=0x21f
[bench] pid=8675 bursts=3 burst_sleep=0.200000 cmd=/data/local/tmp/jerry_work/ml_primitives/ml_primitive_bench --op softmax --variant fused_lmem --spv /data/local/tmp/jerry_work/ml_primitives/spv/softmax_fused_lmem.spv --width 1024 --rows 128 --repeats 16 --csv
[bench] log=/data/local/tmp/jerry_work/perfcounter_sweeps/sweep_20260625_130734/08_RAS/RAS_chunk002_benchmark.log
[chunk] saved /data/local/tmp/jerry_work/perfcounter_sweeps/sweep_20260625_130734/08_RAS/RAS_chunk002.csv (4 active counters, 1313 rows)
[chunk] RAS chunk 3 starting at enum-filtered index 8
[GET] RAS_FULLY_COVERED_SUPER_TILES                group=0x7 selector=8 reg_low=0x224 reg_high=0x225
[GET] RAS_FULLY_COVERED_8X4_TILES                  group=0x7 selector=9 reg_low=0x222 reg_high=0x223
[GET] RAS_PRIM_KILLED_INVISILBE                    group=0x7 selector=10 reg_low=0x220 reg_high=0x221
[GET] RAS_SUPERTILE_GEN_ACTIVE_CYCLES              group=0x7 selector=11 reg_low=0x21e reg_high=0x21f
[bench] pid=8679 bursts=3 burst_sleep=0.200000 cmd=/data/local/tmp/jerry_work/ml_primitives/ml_primitive_bench --op softmax --variant fused_lmem --spv /data/local/tmp/jerry_work/ml_primitives/spv/softmax_fused_lmem.spv --width 1024 --rows 128 --repeats 16 --csv
[bench] log=/data/local/tmp/jerry_work/perfcounter_sweeps/sweep_20260625_130734/08_RAS/RAS_chunk003_benchmark.log
[chunk] saved /data/local/tmp/jerry_work/perfcounter_sweeps/sweep_20260625_130734/08_RAS/RAS_chunk003.csv (4 active counters, 1317 rows)
[chunk] RAS chunk 4 starting at enum-filtered index 12
[GET] RAS_LRZ_INTF_WORKING_CYCLES                  group=0x7 selector=12 reg_low=0x224 reg_high=0x225
[GET] RAS_BLOCKS                                   group=0x7 selector=13 reg_low=0x222 reg_high=0x223
[GET] RAS_FALSE_PARTIAL_STILE                      group=0x7 selector=14 reg_low=0x220 reg_high=0x221
[GET] RAS_SLICE_BLOCK_NONEMTPY                     group=0x7 selector=15 reg_low=0x21e reg_high=0x21f
[bench] pid=8683 bursts=3 burst_sleep=0.200000 cmd=/data/local/tmp/jerry_work/ml_primitives/ml_primitive_bench --op softmax --variant fused_lmem --spv /data/local/tmp/jerry_work/ml_primitives/spv/softmax_fused_lmem.spv --width 1024 --rows 128 --repeats 16 --csv
[bench] log=/data/local/tmp/jerry_work/perfcounter_sweeps/sweep_20260625_130734/08_RAS/RAS_chunk004_benchmark.log
[chunk] saved /data/local/tmp/jerry_work/perfcounter_sweeps/sweep_20260625_130734/08_RAS/RAS_chunk004.csv (4 active counters, 1317 rows)
[chunk] RAS chunk 5 starting at enum-filtered index 16
[GET] RAS_SLICE_BLOCK_EMPTY                        group=0x7 selector=16 reg_low=0x224 reg_high=0x225
[GET] RAS_SAMPLE_MASK_GEN_LANE_0_WORKING_CC_L2     group=0x7 selector=17 reg_low=0x222 reg_high=0x223
[GET] RAS_SAMPLE_MASK_GEN_LANE_1_WORKING_CC_L2     group=0x7 selector=18 reg_low=0x220 reg_high=0x221
[GET] RAS_SAMPLE_MASK_GEN_LANE_2_WORKING_CC_L2     group=0x7 selector=19 reg_low=0x21e reg_high=0x21f
[bench] command: /data/local/tmp/jerry_work/ml_primitives/ml_primitive_bench --op softmax --variant fused_lmem --spv /data/local/tmp/jerry_work/ml_primitives/spv/softmax_fused_lmem.spv --width 1024 --rows 128 --repeats 16 --csv
[bench] bursts: 3
[bench] burst_sleep_s: 0.200000
[bench] burst 1/3 start
op,variant,width,rows,elements,repeats,elapsed_ms,elements_per_s,estimated_bytes_per_element,estimated_bandwidth_GBps,verify,device
softmax,fused_lmem,1024,128,131072,16,1.4552,1441187061.731,8.000,11.529,PASS,"Adreno (TM) 830"
[bench] burst 1/3 exit_status=0
[bench] sleeping 0.200000 s before next burst
[bench] burst 2/3 start
op,variant,width,rows,elements,repeats,elapsed_ms,elements_per_s,estimated_bytes_per_element,estimated_bandwidth_GBps,verify,device
softmax,fused_lmem,1024,128,131072,16,1.3252,1582569901.204,8.000,12.661,PASS,"Adreno (TM) 830"
[bench] burst 2/3 exit_status=0
[bench] sleeping 0.200000 s before next burst
[bench] burst 3/3 start
op,variant,width,rows,elements,repeats,elapsed_ms,elements_per_s,estimated_bytes_per_element,estimated_bandwidth_GBps,verify,device
softmax,fused_lmem,1024,128,131072,16,1.1251,1864048950.626,8.000,14.912,PASS,"Adreno (TM) 830"
[bench] burst 3/3 exit_status=0
