_CYC                   group=0x4 selector=115 reg_low=0x1fc reg_high=0x1fd
[GET] HLSQ_FS_SP_HCTX_ACTIVE_CYC                   group=0x4 selector=116 reg_low=0x1fa reg_high=0x1fb
[GET] HLSQ_BV_SP_HCTX_ACTIVE_CYC                   group=0x4 selector=117 reg_low=0x1f8 reg_high=0x1f9
[GET] HLSQ_VS_SP_CCTX_ACTIVE_CNT                   group=0x4 selector=118 reg_low=0x1f6 reg_high=0x1f7
[GET] HLSQ_FS_SP_CCTX_ACTIVE_CNT                   group=0x4 selector=119 reg_low=0x1f4 reg_high=0x1f5
[bench] command: /data/local/tmp/jerry_work/ml_primitives/ml_primitive_bench --op softmax --variant fused_lmem --spv /data/local/tmp/jerry_work/ml_primitives/spv/softmax_fused_lmem.spv --width 1024 --rows 128 --repeats 16 --csv
[bench] bursts: 3
[bench] burst_sleep_s: 0.200000
[bench] burst 1/3 start
op,variant,width,rows,elements,repeats,elapsed_ms,elements_per_s,estimated_bytes_per_element,estimated_bandwidth_GBps,verify,device
softmax,fused_lmem,1024,128,131072,16,1.4033,1494462267.741,8.000,11.956,PASS,"Adreno (TM) 830"
[bench] burst 1/3 exit_status=0
[bench] sleeping 0.200000 s before next burst
[bench] burst 2/3 start
op,variant,width,rows,elements,repeats,elapsed_ms,elements_per_s,estimated_bytes_per_element,estimated_bandwidth_GBps,verify,device
softmax,fused_lmem,1024,128,131072,16,3.0821,680433330.316,8.000,5.443,PASS,"Adreno (TM) 830"
[bench] burst 2/3 exit_status=0
[bench] sleeping 0.200000 s before next burst
[bench] burst 3/3 start
op,variant,width,rows,elements,repeats,elapsed_ms,elements_per_s,estimated_bytes_per_element,estimated_bandwidth_GBps,verify,device
softmax,fused_lmem,1024,128,131072,16,3.1021,676034835.352,8.000,5.408,PASS,"Adreno (TM) 830"
[bench] burst 3/3 exit_status=0
