mitives/spv/softmax_fused_lmem.spv --width 1024 --rows 128 --repeats 16 --csv
[bench] log=/data/local/tmp/jerry_work/perfcounter_sweeps/sweep_20260625_130734/05_HLSQ/HLSQ_chunk016_benchmark.log
[chunk] saved /data/local/tmp/jerry_work/perfcounter_sweeps/sweep_20260625_130734/05_HLSQ/HLSQ_chunk016.csv (6 active counters, 1306 rows)
[chunk] HLSQ chunk 17 starting at enum-filtered index 96
[GET] HLSQ_BV_CTXT_BUF_FULL_BLOCK_CPI              group=0x4 selector=96 reg_low=0x1fe reg_high=0x1ff
[GET] HLSQ_VS_CONST_BUF_FULL_BLOCK_CPI             group=0x4 selector=97 reg_low=0x1fc reg_high=0x1fd
[GET] HLSQ_FS_CONST_BUF_FULL_BLOCK_CPI             group=0x4 selector=98 reg_low=0x1fa reg_high=0x1fb
[GET] HLSQ_BV_CONST_BUF_FULL_BLOCK_CPI             group=0x4 selector=99 reg_low=0x1f8 reg_high=0x1f9
[GET] HLSQ_VS_INS_BUF_FULL_BLOCK_CPI               group=0x4 selector=100 reg_low=0x1f6 reg_high=0x1f7
[GET] HLSQ_FS_INS_BUF_FULL_BLOCK_CPI               group=0x4 selector=101 reg_low=0x1f4 reg_high=0x1f5
[bench] command: /data/local/tmp/jerry_work/ml_primitives/ml_primitive_bench --op softmax --variant fused_lmem --spv /data/local/tmp/jerry_work/ml_primitives/spv/softmax_fused_lmem.spv --width 1024 --rows 128 --repeats 16 --csv
[bench] bursts: 3
[bench] burst_sleep_s: 0.200000
[bench] burst 1/3 start
op,variant,width,rows,elements,repeats,elapsed_ms,elements_per_s,estimated_bytes_per_element,estimated_bandwidth_GBps,verify,device
softmax,fused_lmem,1024,128,131072,16,3.1860,658231121.875,8.000,5.266,PASS,"Adreno (TM) 830"
[bench] burst 1/3 exit_status=0
[bench] sleeping 0.200000 s before next burst
[bench] burst 2/3 start
op,variant,width,rows,elements,repeats,elapsed_ms,elements_per_s,estimated_bytes_per_element,estimated_bandwidth_GBps,verify,device
softmax,fused_lmem,1024,128,131072,16,1.2793,1639267018.572,8.000,13.114,PASS,"Adreno (TM) 830"
[bench] burst 2/3 exit_status=0
[bench] sleeping 0.200000 s before next burst
[bench] burst 3/3 start
op,variant,width,rows,elements,repeats,elapsed_ms,elements_per_s,estimated_bytes_per_element,estimated_bandwidth_GBps,verify,device
softmax,fused_lmem,1024,128,131072,16,1.1264,1861806611.642,8.000,14.894,PASS,"Adreno (TM) 830"
[bench] burst 3/3 exit_status=0
