up=0x4 selector=74 reg_low=0x1fa reg_high=0x1fb
[GET] HLSQ_L2STC_BANK1_REPLACEMENT                 group=0x4 selector=75 reg_low=0x1f8 reg_high=0x1f9
[GET] HLSQ_L2STC_BANK2_REPLACEMENT                 group=0x4 selector=76 reg_low=0x1f6 reg_high=0x1f7
[GET] HLSQ_L2STC_BANK3_REPLACEMENT                 group=0x4 selector=77 reg_low=0x1f4 reg_high=0x1f5
[bench] pid=8443 bursts=3 burst_sleep=0.200000 cmd=/data/local/tmp/jerry_work/ml_primitives/ml_primitive_bench --op softmax --variant fused_lmem --spv /data/local/tmp/jerry_work/ml_primitives/spv/softmax_fused_lmem.spv --width 1024 --rows 128 --repeats 16 --csv
[bench] log=/data/local/tmp/jerry_work/perfcounter_sweeps/sweep_20260625_130734/05_HLSQ/HLSQ_chunk013_benchmark.log
[chunk] saved /data/local/tmp/jerry_work/perfcounter_sweeps/sweep_20260625_130734/05_HLSQ/HLSQ_chunk013.csv (6 active counters, 1308 rows)
[chunk] HLSQ chunk 14 starting at enum-filtered index 78
[GET] HLSQ_S2W_STALL_BY_MISS_RETURN                group=0x4 selector=78 reg_low=0x1fe reg_high=0x1ff
[GET] HLSQ_MISS_RETURN_STALL_BY_S2W                group=0x4 selector=79 reg_low=0x1fc reg_high=0x1fd
[GET] HLSQ_STPROC_L0_STALL_INS_RD                  group=0x4 selector=80 reg_low=0x1fa reg_high=0x1fb
[GET] HLSQ_STPROC_L0_INS_MISS                      group=0x4 selector=81 reg_low=0x1f8 reg_high=0x1f9
[GET] HLSQ_STPROC_L0_INS_HIT                       group=0x4 selector=82 reg_low=0x1f6 reg_high=0x1f7
[GET] HLSQ_STPROC_L0_INS_LATENCY_COUNT             group=0x4 selector=83 reg_low=0x1f4 reg_high=0x1f5
[bench] command: /data/local/tmp/jerry_work/ml_primitives/ml_primitive_bench --op softmax --variant fused_lmem --spv /data/local/tmp/jerry_work/ml_primitives/spv/softmax_fused_lmem.spv --width 1024 --rows 128 --repeats 16 --csv
[bench] bursts: 3
[bench] burst_sleep_s: 0.200000
[bench] burst 1/3 start
op,variant,width,rows,elements,repeats,elapsed_ms,elements_per_s,estimated_bytes_per_element,estimated_bandwidth_GBps,verify,device
softmax,fused_lmem,1024,128,131072,16,1.4601,1436303167.446,8.000,11.490,PASS,"Adreno (TM) 830"
[bench] burst 1/3 exit_status=0
[bench] sleeping 0.200000 s before next burst
[bench] burst 2/3 start
op,variant,width,rows,elements,repeats,elapsed_ms,elements_per_s,estimated_bytes_per_element,estimated_bandwidth_GBps,verify,device
softmax,fused_lmem,1024,128,131072,16,1.3026,1609968954.494,8.000,12.880,PASS,"Adreno (TM) 830"
[bench] burst 2/3 exit_status=0
[bench] sleeping 0.200000 s before next burst
[bench] burst 3/3 start
op,variant,width,rows,elements,repeats,elapsed_ms,elements_per_s,estimated_bytes_per_element,estimated_bandwidth_GBps,verify,device
softmax,fused_lmem,1024,128,131072,16,1.5545,1349056822.246,8.000,10.792,PASS,"Adreno (TM) 830"
[bench] burst 3/3 exit_status=0
