y_work/perfcounter_sweeps/sweep_20260625_130734/05_HLSQ/HLSQ_chunk009_benchmark.log
[chunk] saved /data/local/tmp/jerry_work/perfcounter_sweeps/sweep_20260625_130734/05_HLSQ/HLSQ_chunk009.csv (6 active counters, 1307 rows)
[chunk] HLSQ chunk 10 starting at enum-filtered index 54
[GET] HLSQ_SPTROC_STCHE_MISS_INC_VS                group=0x4 selector=54 reg_low=0x1fe reg_high=0x1ff
[GET] HLSQ_SPTROC_STCHE_MISS_INC_FS                group=0x4 selector=55 reg_low=0x1fc reg_high=0x1fd
[GET] HLSQ_SPTROC_STCHE_MISS_INC_BV                group=0x4 selector=56 reg_low=0x1fa reg_high=0x1fb
[GET] HLSQ_SPTROC_STCHE_MISS_INC_LPAC              group=0x4 selector=57 reg_low=0x1f8 reg_high=0x1f9
[GET] HLSQ_VSBR_S2W_CYCLES_SP                      group=0x4 selector=58 reg_low=0x1f6 reg_high=0x1f7
[GET] HLSQ_FS_S2W_CYCLES_SP                        group=0x4 selector=59 reg_low=0x1f4 reg_high=0x1f5
[bench] pid=8431 bursts=3 burst_sleep=0.200000 cmd=/data/local/tmp/jerry_work/ml_primitives/ml_primitive_bench --op softmax --variant fused_lmem --spv /data/local/tmp/jerry_work/ml_primitives/spv/softmax_fused_lmem.spv --width 1024 --rows 128 --repeats 16 --csv
[bench] log=/data/local/tmp/jerry_work/perfcounter_sweeps/sweep_20260625_130734/05_HLSQ/HLSQ_chunk010_benchmark.log
[chunk] saved /data/local/tmp/jerry_work/perfcounter_sweeps/sweep_20260625_130734/05_HLSQ/HLSQ_chunk010.csv (6 active counters, 1312 rows)
[chunk] HLSQ chunk 11 starting at enum-filtered index 60
[GET] HLSQ_LPAC_S2W_CYCLES_SP                      group=0x4 selector=60 reg_low=0x1fe reg_high=0x1ff
[GET] HLSQ_BV_S2W_CYCLES_SP                        group=0x4 selector=61 reg_low=0x1fc reg_high=0x1fd
[GET] HLSQ_L2STC_REQ_HLSQ                          group=0x4 selector=62 reg_low=0x1fa reg_high=0x1fb
[GET] HLSQ_L2STC_REQ_HLSQ_HIT                      group=0x4 selector=63 reg_low=0x1f8 reg_high=0x1f9
[GET] HLSQ_L2STC_REQ_SP                            group=0x4 selector=64 reg_low=0x1f6 reg_high=0x1f7
[GET] HLSQ_L2STC_REQ_SP_HIT                        group=0x4 selector=65 reg_low=0x1f4 reg_high=0x1f5
[bench] pid=8435 bursts=3 burst_sleep=0.200000 cmd=/data/local/tmp/jerry_work/ml_primitives/ml_primitive_bench --op softmax --variant fused_lmem --spv /data/local/tmp/jerry_work/ml_primitives/spv/softmax_fused_lmem.spv --width 1024 --rows 128 --repeats 16 --csv
[bench] log=/data/local/tmp/jerry_work/perfcounter_sweeps/sweep_20260625_130734/05_HLSQ/HLSQ_chunk011_benchmark.log
[chunk] saved /data/local/tmp/jerry_work/perfcounter_sweeps/sweep_20260625_130734/05_HLSQ/HLSQ_chunk011.csv (6 active counters, 1306 rows)
[chunk] HLSQ chunk 12 starting at enum-filtered index 66
[GET] HLSQ_L2STC_REQ_INS_HLSQ                      group=0x4 selector=66 reg_low=0x1fe reg_high=0x1ff
[GET] HLSQ_L2STC_REQ_INS_HLSQ_HIT                  group=0x4 selector=67 reg_low=0x1fc reg_high=0x1fd
[GET] HLSQ_L2STC_REQ_INS_SP                        group=0x4 selector=68 reg_low=0x1fa reg_high=0x1fb
[GET] HLSQ_L2STC_REQ_INS_SP_HIT                    group=0x4 selector=69 reg_low=0x1f8 reg_high=0x1f9
[GET] HLSQ_L2STC_REQ_UCHE                          group=0x4 selector=70 reg_low=0x1f6 reg_high=0x1f7
[GET] HLSQ_L2STC_LATENCY_CYCLES                    group=0x4 selector=71 reg_low=0x1f4 reg_high=0x1f5
[bench] command: /data/local/tmp/jerry_work/ml_primitives/ml_primitive_bench --op softmax --variant fused_lmem --spv /data/local/tmp/jerry_work/ml_primitives/spv/softmax_fused_lmem.spv --width 1024 --rows 128 --repeats 16 --csv
[bench] bursts: 3
[bench] burst_sleep_s: 0.200000
[bench] burst 1/3 start
op,variant,width,rows,elements,repeats,elapsed_ms,elements_per_s,estimated_bytes_per_element,estimated_bandwidth_GBps,verify,device
softmax,fused_lmem,1024,128,131072,16,1.4899,1407582811.149,8.000,11.261,PASS,"Adreno (TM) 830"
[bench] burst 1/3 exit_status=0
[bench] sleeping 0.200000 s before next burst
[bench] burst 2/3 start
op,variant,width,rows,elements,repeats,elapsed_ms,elements_per_s,estimated_bytes_per_element,estimated_bandwidth_GBps,verify,device
softmax,fused_lmem,1024,128,131072,16,1.4749,1421898221.976,8.000,11.375,PASS,"Adreno (TM) 830"
[bench] burst 2/3 exit_status=0
[bench] sleeping 0.200000 s before next burst
[bench] burst 3/3 start
op,variant,width,rows,elements,repeats,elapsed_ms,elements_per_s,estimated_bytes_per_element,estimated_bandwidth_GBps,verify,device
softmax,fused_lmem,1024,128,131072,16,1.6508,1270399119.932,8.000,10.163,PASS,"Adreno (TM) 830"
[bench] burst 3/3 exit_status=0
