x253
[GET] UCHE_STALL_CYCLES_ARBITER                    group=0x8 selector=2 reg_low=0x250 reg_high=0x251
[GET] UCHE_VBIF_STALL_WRITE_DATA                   group=0x8 selector=3 reg_low=0x24e reg_high=0x24f
[GET] UCHE_STARVED_CYCLES_VBIF_DECMP               group=0x8 selector=4 reg_low=0x24c reg_high=0x24d
[GET] UCHE_STALL_CYCLES_DECMP                      group=0x8 selector=5 reg_low=0x24a reg_high=0x24b
[GET] UCHE_ARBITER_STALL_CYCLES_VBIF               group=0x8 selector=6 reg_low=0x248 reg_high=0x249
[GET] UCHE_VBIF_LATENCY_CYCLES                     group=0x8 selector=7 reg_low=0x246 reg_high=0x247
[GET] UCHE_VBIF_LATENCY_SAMPLES                    group=0x8 selector=8 reg_low=0x244 reg_high=0x245
[GET] UCHE_DCMP_LATENCY_SAMPLES                    group=0x8 selector=9 reg_low=0x242 reg_high=0x243
[GET] UCHE_DCMP_LATENCY_CYCLES                     group=0x8 selector=10 reg_low=0x240 reg_high=0x241
[GET] UCHE_READ_REQUESTS_SP                        group=0x8 selector=11 reg_low=0x23e reg_high=0x23f
[GET] UCHE_READ_REQUESTS_TP                        group=0x8 selector=12 reg_low=0x23c reg_high=0x23d
[GET] UCHE_READ_REQUESTS_TP_UBWC                   group=0x8 selector=13 reg_low=0x23a reg_high=0x23b
[GET] UCHE_READ_REQUESTS_TP_GBIF                   group=0x8 selector=14 reg_low=0x238 reg_high=0x239
[GET] UCHE_READ_REQUESTS_TP_GMEM                   group=0x8 selector=15 reg_low=0x236 reg_high=0x237
[GET] UCHE_READ_REQUESTS_VFD                       group=0x8 selector=16 reg_low=0x234 reg_high=0x235
[GET] UCHE_READ_REQUESTS_VPC                       group=0x8 selector=17 reg_low=0x232 reg_high=0x233
[GET] UCHE_READ_REQUESTS_HLSQ                      group=0x8 selector=18 reg_low=0x230 reg_high=0x231
[GET] UCHE_READ_REQUESTS_LRZ                       group=0x8 selector=19 reg_low=0x22e reg_high=0x22f
[GET] UCHE_READ_REQUESTS_PC                        group=0x8 selector=20 reg_low=0x22c reg_high=0x22d
[GET] UCHE_WRITE_REQUESTS_SP                       group=0x8 selector=21 reg_low=0x22a reg_high=0x22b
[GET] UCHE_WRITE_REQUESTS_LRZ                      group=0x8 selector=22 reg_low=0x228 reg_high=0x229
[GET] UCHE_WRITE_REQUESTS_VPC                      group=0x8 selector=23 reg_low=0x226 reg_high=0x227
[bench] command_base: /data/local/tmp/jerry_work/ml_primitives/ml_primitive_bench --op softmax --variant fused_lmem --spv /data/local/tmp/jerry_work/ml_primitives/spv/softmax_fused_lmem.spv --rows 128 --repeats 4 --csv
[bench] bursts: 1
[bench] burst_sleep_s: 0.000000
[bench] width_count: 5
[bench] width_sleep_s: 0.100000
[bench] widths: 128 256 512 1024 2048
[bench] width_step 1/5 width=128 start
[bench] width_step_cmd: /data/local/tmp/jerry_work/ml_primitives/ml_primitive_bench --op softmax --variant fused_lmem --spv /data/local/tmp/jerry_work/ml_primitives/spv/softmax_fused_lmem.spv --rows 128 --repeats 4 --csv --width 128
op,variant,width,rows,elements,repeats,elapsed_ms,elements_per_s,estimated_bytes_per_element,estimated_bandwidth_GBps,verify,device
softmax,fused_lmem,128,128,16384,4,1.0321,63495508.344,8.000,0.508,PASS,"Adreno (TM) 830"
[bench] width_step 1/5 width=128 exit_status=0
[bench] sleeping 0.100000 s before next width
[bench] width_step 2/5 width=256 start
[bench] width_step_cmd: /data/local/tmp/jerry_work/ml_primitives/ml_primitive_bench --op softmax --variant fused_lmem --spv /data/local/tmp/jerry_work/ml_primitives/spv/softmax_fused_lmem.spv --rows 128 --repeats 4 --csv --width 256
op,variant,width,rows,elements,repeats,elapsed_ms,elements_per_s,estimated_bytes_per_element,estimated_bandwidth_GBps,verify,device
softmax,fused_lmem,256,128,32768,4,0.7552,173569434.660,8.000,1.389,PASS,"Adreno (TM) 830"
[bench] width_step 2/5 width=256 exit_status=0
[bench] sleeping 0.100000 s before next width
[bench] width_step 3/5 width=512 start
[bench] width_step_cmd: /data/local/tmp/jerry_work/ml_primitives/ml_primitive_bench --op softmax --variant fused_lmem --spv /data/local/tmp/jerry_work/ml_primitives/spv/softmax_fused_lmem.spv --rows 128 --repeats 4 --csv --width 512
op,variant,width,rows,elements,repeats,elapsed_ms,elements_per_s,estimated_bytes_per_element,estimated_bandwidth_GBps,verify,device
softmax,fused_lmem,512,128,65536,4,0.5038,520385111.663,8.000,4.163,PASS,"Adreno (TM) 830"
[bench] width_step 3/5 width=512 exit_status=0
[bench] sleeping 0.100000 s before next width
[bench] width_step 4/5 width=1024 start
[bench] width_step_cmd: /data/local/tmp/jerry_work/ml_primitives/ml_primitive_bench --op softmax --variant fused_lmem --spv /data/local/tmp/jerry_work/ml_primitives/spv/softmax_fused_lmem.spv --rows 128 --repeats 4 --csv --width 1024
op,variant,width,rows,elements,repeats,elapsed_ms,elements_per_s,estimated_bytes_per_element,estimated_bandwidth_GBps,verify,device
softmax,fused_lmem,1024,128,131072,4,0.8773,597585439.691,8.000,4.781,PASS,"Adreno (TM) 830"
[bench] width_step 4/5 width=1024 exit_status=0
[bench] sleeping 0.100000 s before next width
[bench] width_step 5/5 width=2048 start
[bench] width_step_cmd: /data/local/tmp/jerry_work/ml_primitives/ml_primitive_bench --op softmax --variant fused_lmem --spv /data/local/tmp/jerry_work/ml_primitives/spv/softmax_fused_lmem.spv --rows 128 --repeats 4 --csv --width 2048
op,variant,width,rows,elements,repeats,elapsed_ms,elements_per_s,estimated_bytes_per_element,estimated_bandwidth_GBps,verify,device
softmax,fused_lmem,2048,128,262144,4,0.9155,1145332548.352,8.000,9.163,PASS,"Adreno (TM) 830"
[bench] width_step 5/5 width=2048 exit_status=0
