STPROC_WAVE_NUM_FS                      group=0x4 selector=127 reg_low=0x1fc reg_high=0x1fd
[GET] HLSQ_STPROC_WAVE_NUM_VS                      group=0x4 selector=128 reg_low=0x1fa reg_high=0x1fb
[GET] HLSQ_STPROC_WAVE_NUM_BV                      group=0x4 selector=129 reg_low=0x1f8 reg_high=0x1f9
[GET] HLSQ_STPROC_WAVE_NUM_LPAC                    group=0x4 selector=130 reg_low=0x1f6 reg_high=0x1f7
[GET] HLSQ_VS_SP_CCTX_NUM                          group=0x4 selector=131 reg_low=0x1f4 reg_high=0x1f5
[bench] pid=8496 width_count=5 width_sleep=0.100000 cmd_base=/data/local/tmp/jerry_work/ml_primitives/ml_primitive_bench --op softmax --variant fused_lmem --spv /data/local/tmp/jerry_work/ml_primitives/spv/softmax_fused_lmem.spv --rows 128 --repeats 4 --csv
[bench] widths: 128 256 512 1024 2048
[bench] log=/data/local/tmp/jerry_work/perfcounter_sweeps/sweep_20260625_174559/05_HLSQ/HLSQ_chunk022_benchmark.log
[chunk] saved /data/local/tmp/jerry_work/perfcounter_sweeps/sweep_20260625_174559/05_HLSQ/HLSQ_chunk022.csv (6 active counters, 2551 rows)
[chunk] HLSQ chunk 23 starting at enum-filtered index 132
[GET] HLSQ_FS_SP_CCTX_NUM                          group=0x4 selector=132 reg_low=0x1fe reg_high=0x1ff
[GET] HLSQ_BV_SP_CCTX_NUM                          group=0x4 selector=133 reg_low=0x1fc reg_high=0x1fd
[GET] HLSQ_VS_SP_SCTX_NUM                          group=0x4 selector=134 reg_low=0x1fa reg_high=0x1fb
[GET] HLSQ_FS_SP_SCTX_NUM                          group=0x4 selector=135 reg_low=0x1f8 reg_high=0x1f9
[GET] HLSQ_BV_SP_SCTX_NUM                          group=0x4 selector=136 reg_low=0x1f6 reg_high=0x1f7
[bench] command_base: /data/local/tmp/jerry_work/ml_primitives/ml_primitive_bench --op softmax --variant fused_lmem --spv /data/local/tmp/jerry_work/ml_primitives/spv/softmax_fused_lmem.spv --rows 128 --repeats 4 --csv
[bench] bursts: 1
[bench] burst_sleep_s: 0.000000
[bench] width_count: 5
[bench] width_sleep_s: 0.100000
[bench] widths: 128 256 512 1024 2048
[bench] width_step 1/5 width=128 start
[bench] width_step_cmd: /data/local/tmp/jerry_work/ml_primitives/ml_primitive_bench --op softmax --variant fused_lmem --spv /data/local/tmp/jerry_work/ml_primitives/spv/softmax_fused_lmem.spv --rows 128 --repeats 4 --csv --width 128
op,variant,width,rows,elements,repeats,elapsed_ms,elements_per_s,estimated_bytes_per_element,estimated_bandwidth_GBps,verify,device
softmax,fused_lmem,128,128,16384,4,1.1087,59110776.785,8.000,0.473,PASS,"Adreno (TM) 830"
[bench] width_step 1/5 width=128 exit_status=0
[bench] sleeping 0.100000 s before next width
[bench] width_step 2/5 width=256 start
[bench] width_step_cmd: /data/local/tmp/jerry_work/ml_primitives/ml_primitive_bench --op softmax --variant fused_lmem --spv /data/local/tmp/jerry_work/ml_primitives/spv/softmax_fused_lmem.spv --rows 128 --repeats 4 --csv --width 256
op,variant,width,rows,elements,repeats,elapsed_ms,elements_per_s,estimated_bytes_per_element,estimated_bandwidth_GBps,verify,device
softmax,fused_lmem,256,128,32768,4,0.5900,222155932.203,8.000,1.777,PASS,"Adreno (TM) 830"
[bench] width_step 2/5 width=256 exit_status=0
[bench] sleeping 0.100000 s before next width
[bench] width_step 3/5 width=512 start
[bench] width_step_cmd: /data/local/tmp/jerry_work/ml_primitives/ml_primitive_bench --op softmax --variant fused_lmem --spv /data/local/tmp/jerry_work/ml_primitives/spv/softmax_fused_lmem.spv --rows 128 --repeats 4 --csv --width 512
op,variant,width,rows,elements,repeats,elapsed_ms,elements_per_s,estimated_bytes_per_element,estimated_bandwidth_GBps,verify,device
softmax,fused_lmem,512,128,65536,4,0.4955,529082546.032,8.000,4.233,PASS,"Adreno (TM) 830"
[bench] width_step 3/5 width=512 exit_status=0
[bench] sleeping 0.100000 s before next width
[bench] width_step 4/5 width=1024 start
[bench] width_step_cmd: /data/local/tmp/jerry_work/ml_primitives/ml_primitive_bench --op softmax --variant fused_lmem --spv /data/local/tmp/jerry_work/ml_primitives/spv/softmax_fused_lmem.spv --rows 128 --repeats 4 --csv --width 1024
op,variant,width,rows,elements,repeats,elapsed_ms,elements_per_s,estimated_bytes_per_element,estimated_bandwidth_GBps,verify,device
softmax,fused_lmem,1024,128,131072,4,0.9548,549112842.496,8.000,4.393,PASS,"Adreno (TM) 830"
[bench] width_step 4/5 width=1024 exit_status=0
[bench] sleeping 0.100000 s before next width
[bench] width_step 5/5 width=2048 start
[bench] width_step_cmd: /data/local/tmp/jerry_work/ml_primitives/ml_primitive_bench --op softmax --variant fused_lmem --spv /data/local/tmp/jerry_work/ml_primitives/spv/softmax_fused_lmem.spv --rows 128 --repeats 4 --csv --width 2048
op,variant,width,rows,elements,repeats,elapsed_ms,elements_per_s,estimated_bytes_per_element,estimated_bandwidth_GBps,verify,device
softmax,fused_lmem,2048,128,262144,4,0.5704,1838262183.631,8.000,14.706,PASS,"Adreno (TM) 830"
[bench] width_step 5/5 width=2048 exit_status=0
