0x4 selector=66 reg_low=0x1fe reg_high=0x1ff
[GET] HLSQ_L2STC_REQ_INS_HLSQ_HIT                  group=0x4 selector=67 reg_low=0x1fc reg_high=0x1fd
[GET] HLSQ_L2STC_REQ_INS_SP                        group=0x4 selector=68 reg_low=0x1fa reg_high=0x1fb
[GET] HLSQ_L2STC_REQ_INS_SP_HIT                    group=0x4 selector=69 reg_low=0x1f8 reg_high=0x1f9
[GET] HLSQ_L2STC_REQ_UCHE                          group=0x4 selector=70 reg_low=0x1f6 reg_high=0x1f7
[GET] HLSQ_L2STC_LATENCY_CYCLES                    group=0x4 selector=71 reg_low=0x1f4 reg_high=0x1f5
[bench] pid=8428 width_count=5 width_sleep=0.100000 cmd_base=/data/local/tmp/jerry_work/ml_primitives/ml_primitive_bench --op softmax --variant fused_lmem --spv /data/local/tmp/jerry_work/ml_primitives/spv/softmax_fused_lmem.spv --rows 128 --repeats 4 --csv
[bench] widths: 128 256 512 1024 2048
[bench] log=/data/local/tmp/jerry_work/perfcounter_sweeps/sweep_20260625_174559/05_HLSQ/HLSQ_chunk012_benchmark.log
[chunk] saved /data/local/tmp/jerry_work/perfcounter_sweeps/sweep_20260625_174559/05_HLSQ/HLSQ_chunk012.csv (6 active counters, 2522 rows)
[chunk] HLSQ chunk 13 starting at enum-filtered index 72
[GET] HLSQ_L2STC_LATENCY_COUNT                     group=0x4 selector=72 reg_low=0x1fe reg_high=0x1ff
[GET] HLSQ_L2STC_STALL_SP_MISS_REQ                 group=0x4 selector=73 reg_low=0x1fc reg_high=0x1fd
[GET] HLSQ_L2STC_BANK0_REPLACEMENT                 group=0x4 selector=74 reg_low=0x1fa reg_high=0x1fb
[GET] HLSQ_L2STC_BANK1_REPLACEMENT                 group=0x4 selector=75 reg_low=0x1f8 reg_high=0x1f9
[GET] HLSQ_L2STC_BANK2_REPLACEMENT                 group=0x4 selector=76 reg_low=0x1f6 reg_high=0x1f7
[GET] HLSQ_L2STC_BANK3_REPLACEMENT                 group=0x4 selector=77 reg_low=0x1f4 reg_high=0x1f5
[bench] pid=8435 width_count=5 width_sleep=0.100000 cmd_base=/data/local/tmp/jerry_work/ml_primitives/ml_primitive_bench --op softmax --variant fused_lmem --spv /data/local/tmp/jerry_work/ml_primitives/spv/softmax_fused_lmem.spv --rows 128 --repeats 4 --csv
[bench] widths: 128 256 512 1024 2048
[bench] log=/data/local/tmp/jerry_work/perfcounter_sweeps/sweep_20260625_174559/05_HLSQ/HLSQ_chunk013_benchmark.log
[chunk] saved /data/local/tmp/jerry_work/perfcounter_sweeps/sweep_20260625_174559/05_HLSQ/HLSQ_chunk013.csv (6 active counters, 2542 rows)
[chunk] HLSQ chunk 14 starting at enum-filtered index 78
[GET] HLSQ_S2W_STALL_BY_MISS_RETURN                group=0x4 selector=78 reg_low=0x1fe reg_high=0x1ff
[GET] HLSQ_MISS_RETURN_STALL_BY_S2W                group=0x4 selector=79 reg_low=0x1fc reg_high=0x1fd
[GET] HLSQ_STPROC_L0_STALL_INS_RD                  group=0x4 selector=80 reg_low=0x1fa reg_high=0x1fb
[GET] HLSQ_STPROC_L0_INS_MISS                      group=0x4 selector=81 reg_low=0x1f8 reg_high=0x1f9
[GET] HLSQ_STPROC_L0_INS_HIT                       group=0x4 selector=82 reg_low=0x1f6 reg_high=0x1f7
[GET] HLSQ_STPROC_L0_INS_LATENCY_COUNT             group=0x4 selector=83 reg_low=0x1f4 reg_high=0x1f5
[bench] command_base: /data/local/tmp/jerry_work/ml_primitives/ml_primitive_bench --op softmax --variant fused_lmem --spv /data/local/tmp/jerry_work/ml_primitives/spv/softmax_fused_lmem.spv --rows 128 --repeats 4 --csv
[bench] bursts: 1
[bench] burst_sleep_s: 0.000000
[bench] width_count: 5
[bench] width_sleep_s: 0.100000
[bench] widths: 128 256 512 1024 2048
[bench] width_step 1/5 width=128 start
[bench] width_step_cmd: /data/local/tmp/jerry_work/ml_primitives/ml_primitive_bench --op softmax --variant fused_lmem --spv /data/local/tmp/jerry_work/ml_primitives/spv/softmax_fused_lmem.spv --rows 128 --repeats 4 --csv --width 128
op,variant,width,rows,elements,repeats,elapsed_ms,elements_per_s,estimated_bytes_per_element,estimated_bandwidth_GBps,verify,device
softmax,fused_lmem,128,128,16384,4,1.2446,52656952.042,8.000,0.421,PASS,"Adreno (TM) 830"
[bench] width_step 1/5 width=128 exit_status=0
[bench] sleeping 0.100000 s before next width
[bench] width_step 2/5 width=256 start
[bench] width_step_cmd: /data/local/tmp/jerry_work/ml_primitives/ml_primitive_bench --op softmax --variant fused_lmem --spv /data/local/tmp/jerry_work/ml_primitives/spv/softmax_fused_lmem.spv --rows 128 --repeats 4 --csv --width 256
op,variant,width,rows,elements,repeats,elapsed_ms,elements_per_s,estimated_bytes_per_element,estimated_bandwidth_GBps,verify,device
softmax,fused_lmem,256,128,32768,4,0.5768,227230883.651,8.000,1.818,PASS,"Adreno (TM) 830"
[bench] width_step 2/5 width=256 exit_status=0
[bench] sleeping 0.100000 s before next width
[bench] width_step 3/5 width=512 start
[bench] width_step_cmd: /data/local/tmp/jerry_work/ml_primitives/ml_primitive_bench --op softmax --variant fused_lmem --spv /data/local/tmp/jerry_work/ml_primitives/spv/softmax_fused_lmem.spv --rows 128 --repeats 4 --csv --width 512
op,variant,width,rows,elements,repeats,elapsed_ms,elements_per_s,estimated_bytes_per_element,estimated_bandwidth_GBps,verify,device
softmax,fused_lmem,512,128,65536,4,0.6998,374575440.492,8.000,2.997,PASS,"Adreno (TM) 830"
[bench] width_step 3/5 width=512 exit_status=0
[bench] sleeping 0.100000 s before next width
[bench] width_step 4/5 width=1024 start
[bench] width_step_cmd: /data/local/tmp/jerry_work/ml_primitives/ml_primitive_bench --op softmax --variant fused_lmem --spv /data/local/tmp/jerry_work/ml_primitives/spv/softmax_fused_lmem.spv --rows 128 --repeats 4 --csv --width 1024
op,variant,width,rows,elements,repeats,elapsed_ms,elements_per_s,estimated_bytes_per_element,estimated_bandwidth_GBps,verify,device
softmax,fused_lmem,1024,128,131072,4,0.7559,693608154.680,8.000,5.549,PASS,"Adreno (TM) 830"
[bench] width_step 4/5 width=1024 exit_status=0
[bench] sleeping 0.100000 s before next width
[bench] width_step 5/5 width=2048 start
[bench] width_step_cmd: /data/local/tmp/jerry_work/ml_primitives/ml_primitive_bench --op softmax --variant fused_lmem --spv /data/local/tmp/jerry_work/ml_primitives/spv/softmax_fused_lmem.spv --rows 128 --repeats 4 --csv --width 2048
op,variant,width,rows,elements,repeats,elapsed_ms,elements_per_s,estimated_bytes_per_element,estimated_bandwidth_GBps,verify,device
softmax,fused_lmem,2048,128,262144,4,0.7744,1354093301.049,8.000,10.833,PASS,"Adreno (TM) 830"
[bench] width_step 5/5 width=2048 exit_status=0
