p=0x9 selector=47 reg_low=0x256 reg_high=0x257
[bench] pid=8925 width_count=5 width_sleep=0.100000 cmd_base=/data/local/tmp/jerry_work/ml_primitives/ml_primitive_bench --op softmax --variant fused_lmem --spv /data/local/tmp/jerry_work/ml_primitives/spv/softmax_fused_lmem.spv --rows 128 --repeats 4 --csv
[bench] widths: 128 256 512 1024 2048
[bench] log=/data/local/tmp/jerry_work/perfcounter_sweeps/sweep_20260625_152944/10_TP/TP_chunk004_benchmark.log
[chunk] saved /data/local/tmp/jerry_work/perfcounter_sweeps/sweep_20260625_152944/10_TP/TP_chunk004.csv (12 active counters, 2483 rows)
[chunk] TP chunk 5 starting at enum-filtered index 48
[GET] TP_QUADS_CONSTANT_MULTIPLIED                 group=0x9 selector=48 reg_low=0x26c reg_high=0x26d
[GET] TP_FRONTEND_WORKING_CYCLES                   group=0x9 selector=49 reg_low=0x26a reg_high=0x26b
[GET] TP_L1_TAG_WORKING_CYCLES                     group=0x9 selector=50 reg_low=0x268 reg_high=0x269
[GET] TP_L1_DATA_WRITE_WORKING_CYCLES              group=0x9 selector=51 reg_low=0x266 reg_high=0x267
[GET] TP_PRE_L1_DECOM_WORKING_CYCLES               group=0x9 selector=52 reg_low=0x264 reg_high=0x265
[GET] TP_BACKEND_WORKING_CYCLES                    group=0x9 selector=53 reg_low=0x262 reg_high=0x263
[GET] TP_L1_5_CACHE_WORKING_CYCLES                 group=0x9 selector=54 reg_low=0x260 reg_high=0x261
[GET] TP_STARVE_CYCLES_SP                          group=0x9 selector=55 reg_low=0x25e reg_high=0x25f
[GET] TP_STARVE_CYCLES_UCHE                        group=0x9 selector=56 reg_low=0x25c reg_high=0x25d
[GET] TP_STALL_CYCLES_UFC                          group=0x9 selector=57 reg_low=0x25a reg_high=0x25b
[GET] TP_FORMAT_DECOMP_POINT                       group=0x9 selector=58 reg_low=0x258 reg_high=0x259
[GET] TP_FILTER_POINT_FP16                         group=0x9 selector=59 reg_low=0x256 reg_high=0x257
[bench] command_base: /data/local/tmp/jerry_work/ml_primitives/ml_primitive_bench --op softmax --variant fused_lmem --spv /data/local/tmp/jerry_work/ml_primitives/spv/softmax_fused_lmem.spv --rows 128 --repeats 4 --csv
[bench] bursts: 1
[bench] burst_sleep_s: 0.000000
[bench] width_count: 5
[bench] width_sleep_s: 0.100000
[bench] widths: 128 256 512 1024 2048
[bench] width_step 1/5 width=128 start
[bench] width_step_cmd: /data/local/tmp/jerry_work/ml_primitives/ml_primitive_bench --op softmax --variant fused_lmem --spv /data/local/tmp/jerry_work/ml_primitives/spv/softmax_fused_lmem.spv --rows 128 --repeats 4 --csv --width 128
op,variant,width,rows,elements,repeats,elapsed_ms,elements_per_s,estimated_bytes_per_element,estimated_bandwidth_GBps,verify,device
softmax,fused_lmem,128,128,16384,4,3.2818,19969388.965,8.000,0.160,PASS,"Adreno (TM) 830"
[bench] width_step 1/5 width=128 exit_status=0
[bench] sleeping 0.100000 s before next width
[bench] width_step 2/5 width=256 start
[bench] width_step_cmd: /data/local/tmp/jerry_work/ml_primitives/ml_primitive_bench --op softmax --variant fused_lmem --spv /data/local/tmp/jerry_work/ml_primitives/spv/softmax_fused_lmem.spv --rows 128 --repeats 4 --csv --width 256
op,variant,width,rows,elements,repeats,elapsed_ms,elements_per_s,estimated_bytes_per_element,estimated_bandwidth_GBps,verify,device
softmax,fused_lmem,256,128,32768,4,2.9418,44554685.989,8.000,0.356,PASS,"Adreno (TM) 830"
[bench] width_step 2/5 width=256 exit_status=0
[bench] sleeping 0.100000 s before next width
[bench] width_step 3/5 width=512 start
[bench] width_step_cmd: /data/local/tmp/jerry_work/ml_primitives/ml_primitive_bench --op softmax --variant fused_lmem --spv /data/local/tmp/jerry_work/ml_primitives/spv/softmax_fused_lmem.spv --rows 128 --repeats 4 --csv --width 512
op,variant,width,rows,elements,repeats,elapsed_ms,elements_per_s,estimated_bytes_per_element,estimated_bandwidth_GBps,verify,device
softmax,fused_lmem,512,128,65536,4,0.7683,341208490.123,8.000,2.730,PASS,"Adreno (TM) 830"
[bench] width_step 3/5 width=512 exit_status=0
[bench] sleeping 0.100000 s before next width
[bench] width_step 4/5 width=1024 start
[bench] width_step_cmd: /data/local/tmp/jerry_work/ml_primitives/ml_primitive_bench --op softmax --variant fused_lmem --spv /data/local/tmp/jerry_work/ml_primitives/spv/softmax_fused_lmem.spv --rows 128 --repeats 4 --csv --width 1024
op,variant,width,rows,elements,repeats,elapsed_ms,elements_per_s,estimated_bytes_per_element,estimated_bandwidth_GBps,verify,device
softmax,fused_lmem,1024,128,131072,4,0.6740,777862675.832,8.000,6.223,PASS,"Adreno (TM) 830"
[bench] width_step 4/5 width=1024 exit_status=0
[bench] sleeping 0.100000 s before next width
[bench] width_step 5/5 width=2048 start
[bench] width_step_cmd: /data/local/tmp/jerry_work/ml_primitives/ml_primitive_bench --op softmax --variant fused_lmem --spv /data/local/tmp/jerry_work/ml_primitives/spv/softmax_fused_lmem.spv --rows 128 --repeats 4 --csv --width 2048
op,variant,width,rows,elements,repeats,elapsed_ms,elements_per_s,estimated_bytes_per_element,estimated_bandwidth_GBps,verify,device
softmax,fused_lmem,2048,128,262144,4,1.0794,971465894.615,8.000,7.772,PASS,"Adreno (TM) 830"
[bench] width_step 5/5 width=2048 exit_status=0
