=126 reg_low=0x260 reg_high=0x261
[GET] TP_RESERVED_127                              group=0x9 selector=127 reg_low=0x25e reg_high=0x25f
[GET] TP_FORMAT_DECOMP_BILINEAR                    group=0x9 selector=128 reg_low=0x25c reg_high=0x25d
[GET] TP_PACKED_POINT_BOTH_VALID_FP16              group=0x9 selector=129 reg_low=0x25a reg_high=0x25b
[GET] TP_PACKED_POINT_SINGLE_VALID_FP16            group=0x9 selector=130 reg_low=0x258 reg_high=0x259
[GET] TP_PACKED_POINT_BOTH_VALID_FP32              group=0x9 selector=131 reg_low=0x256 reg_high=0x257
[bench] pid=8968 width_count=5 width_sleep=0.100000 cmd_base=/data/local/tmp/jerry_work/ml_primitives/ml_primitive_bench --op softmax --variant fused_lmem --spv /data/local/tmp/jerry_work/ml_primitives/spv/softmax_fused_lmem.spv --rows 128 --repeats 4 --csv
[bench] widths: 128 256 512 1024 2048
[bench] log=/data/local/tmp/jerry_work/perfcounter_sweeps/sweep_20260625_152944/10_TP/TP_chunk011_benchmark.log
[chunk] saved /data/local/tmp/jerry_work/perfcounter_sweeps/sweep_20260625_152944/10_TP/TP_chunk011.csv (12 active counters, 2474 rows)
[chunk] TP chunk 12 starting at enum-filtered index 132
[GET] TP_PACKED_POINT_SINGLE_VALID_FP32            group=0x9 selector=132 reg_low=0x26c reg_high=0x26d
[GET] TP_TOTAL_DECOMP_L1_RESP_CH0                  group=0x9 selector=133 reg_low=0x26a reg_high=0x26b
[GET] TP_TOTAL_DECOMP_L1_RESP_CH1                  group=0x9 selector=134 reg_low=0x268 reg_high=0x269
[GET] TP_L1POINT5_PRE_L1_DECOMP_0_WORKLOAD_R       group=0x9 selector=135 reg_low=0x266 reg_high=0x267
[GET] TP_L1POINT5_PRE_L1_DECOMP_1_WORKLOAD_R       group=0x9 selector=136 reg_low=0x264 reg_high=0x265
[GET] TP_L1POINT5_ASTC_DECODER_0_WORKLOAD_R        group=0x9 selector=137 reg_low=0x262 reg_high=0x263
[GET] TP_L1POINT5_ASTC_DECODER_1_WORKLOAD_R        group=0x9 selector=138 reg_low=0x260 reg_high=0x261
[GET] TP_PARTIAL_SURFACE_PGMEM_PIXELS              group=0x9 selector=139 reg_low=0x25e reg_high=0x25f
[GET] TP_PARTIAL_SURFACE_SYSMEM_PIXELS             group=0x9 selector=140 reg_low=0x25c reg_high=0x25d
[GET] TP_PARTIAL_SURFACE_PGMEM_MISS_REQ            group=0x9 selector=141 reg_low=0x25a reg_high=0x25b
[GET] TP_PARTIAL_SURFACE_SYSMEM_MISS_REQ           group=0x9 selector=142 reg_low=0x258 reg_high=0x259
[bench] command_base: /data/local/tmp/jerry_work/ml_primitives/ml_primitive_bench --op softmax --variant fused_lmem --spv /data/local/tmp/jerry_work/ml_primitives/spv/softmax_fused_lmem.spv --rows 128 --repeats 4 --csv
[bench] bursts: 1
[bench] burst_sleep_s: 0.000000
[bench] width_count: 5
[bench] width_sleep_s: 0.100000
[bench] widths: 128 256 512 1024 2048
[bench] width_step 1/5 width=128 start
[bench] width_step_cmd: /data/local/tmp/jerry_work/ml_primitives/ml_primitive_bench --op softmax --variant fused_lmem --spv /data/local/tmp/jerry_work/ml_primitives/spv/softmax_fused_lmem.spv --rows 128 --repeats 4 --csv --width 128
op,variant,width,rows,elements,repeats,elapsed_ms,elements_per_s,estimated_bytes_per_element,estimated_bandwidth_GBps,verify,device
softmax,fused_lmem,128,128,16384,4,1.1698,56021192.587,8.000,0.448,PASS,"Adreno (TM) 830"
[bench] width_step 1/5 width=128 exit_status=0
[bench] sleeping 0.100000 s before next width
[bench] width_step 2/5 width=256 start
[bench] width_step_cmd: /data/local/tmp/jerry_work/ml_primitives/ml_primitive_bench --op softmax --variant fused_lmem --spv /data/local/tmp/jerry_work/ml_primitives/spv/softmax_fused_lmem.spv --rows 128 --repeats 4 --csv --width 256
op,variant,width,rows,elements,repeats,elapsed_ms,elements_per_s,estimated_bytes_per_element,estimated_bandwidth_GBps,verify,device
softmax,fused_lmem,256,128,32768,4,1.0651,123066291.599,8.000,0.985,PASS,"Adreno (TM) 830"
[bench] width_step 2/5 width=256 exit_status=0
[bench] sleeping 0.100000 s before next width
[bench] width_step 3/5 width=512 start
[bench] width_step_cmd: /data/local/tmp/jerry_work/ml_primitives/ml_primitive_bench --op softmax --variant fused_lmem --spv /data/local/tmp/jerry_work/ml_primitives/spv/softmax_fused_lmem.spv --rows 128 --repeats 4 --csv --width 512
op,variant,width,rows,elements,repeats,elapsed_ms,elements_per_s,estimated_bytes_per_element,estimated_bandwidth_GBps,verify,device
softmax,fused_lmem,512,128,65536,4,0.6761,387703247.523,8.000,3.102,PASS,"Adreno (TM) 830"
[bench] width_step 3/5 width=512 exit_status=0
[bench] sleeping 0.100000 s before next width
[bench] width_step 4/5 width=1024 start
[bench] width_step_cmd: /data/local/tmp/jerry_work/ml_primitives/ml_primitive_bench --op softmax --variant fused_lmem --spv /data/local/tmp/jerry_work/ml_primitives/spv/softmax_fused_lmem.spv --rows 128 --repeats 4 --csv --width 1024
op,variant,width,rows,elements,repeats,elapsed_ms,elements_per_s,estimated_bytes_per_element,estimated_bandwidth_GBps,verify,device
softmax,fused_lmem,1024,128,131072,4,0.5478,957058260.863,8.000,7.656,PASS,"Adreno (TM) 830"
[bench] width_step 4/5 width=1024 exit_status=0
[bench] sleeping 0.100000 s before next width
[bench] width_step 5/5 width=2048 start
[bench] width_step_cmd: /data/local/tmp/jerry_work/ml_primitives/ml_primitive_bench --op softmax --variant fused_lmem --spv /data/local/tmp/jerry_work/ml_primitives/spv/softmax_fused_lmem.spv --rows 128 --repeats 4 --csv --width 2048
op,variant,width,rows,elements,repeats,elapsed_ms,elements_per_s,estimated_bytes_per_element,estimated_bandwidth_GBps,verify,device
softmax,fused_lmem,2048,128,262144,4,0.8908,1177073592.918,8.000,9.417,PASS,"Adreno (TM) 830"
[bench] width_step 5/5 width=2048 exit_status=0
