                  group=0x8 selector=194 reg_low=0x250 reg_high=0x251
[GET] CCHE_GMEM1_LOCAL_WR_REQUEST                  group=0x8 selector=195 reg_low=0x24e reg_high=0x24f
[GET] CCHE_GMEM0_REMOTE_RD_REQUEST                 group=0x8 selector=196 reg_low=0x24c reg_high=0x24d
[GET] CCHE_GMEM0_REMOTE_WR_REQUEST                 group=0x8 selector=197 reg_low=0x24a reg_high=0x24b
[GET] CCHE_GMEM1_REMOTE_RD_REQUEST                 group=0x8 selector=198 reg_low=0x248 reg_high=0x249
[GET] CCHE_GMEM1_REMOTE_WR_REQUEST                 group=0x8 selector=199 reg_low=0x246 reg_high=0x247
[GET] CCHE_STALL_CYCLES_TP                         group=0x8 selector=200 reg_low=0x244 reg_high=0x245
[GET] CCHE_ATOMIC_REQUESTS_SP_TOTAL                group=0x8 selector=201 reg_low=0x242 reg_high=0x243
[GET] CCHE_ATOMIC_PACKING_BEAT_SP_TOTAL            group=0x8 selector=202 reg_low=0x240 reg_high=0x241
[bench] pid=8901 width_count=5 width_sleep=0.100000 cmd_base=/data/local/tmp/jerry_work/ml_primitives/ml_primitive_bench --op softmax --variant fused_lmem --spv /data/local/tmp/jerry_work/ml_primitives/spv/softmax_fused_lmem.spv --rows 128 --repeats 4 --csv
[bench] widths: 128 256 512 1024 2048
[bench] log=/data/local/tmp/jerry_work/perfcounter_sweeps/sweep_20260625_152944/09_UCHE/UCHE_chunk009_benchmark.log
[chunk] saved /data/local/tmp/jerry_work/perfcounter_sweeps/sweep_20260625_152944/09_UCHE/UCHE_chunk009.csv (11 active counters, 2491 rows)

[group] TP: total selected counters=143, physical slots=12
[chunk] TP chunk 1 starting at enum-filtered index 0
[GET] TP_NEVER_COUNT                               group=0x9 selector=0 reg_low=0x26c reg_high=0x26d
[GET] TP_BUSY_CYCLES                               group=0x9 selector=1 reg_low=0x26a reg_high=0x26b
[GET] TP_STALL_CYCLES_UCHE                         group=0x9 selector=2 reg_low=0x268 reg_high=0x269
[GET] TP_LATENCY_CYCLES                            group=0x9 selector=3 reg_low=0x266 reg_high=0x267
[GET] TP_LATENCY_TRANS                             group=0x9 selector=4 reg_low=0x264 reg_high=0x265
[GET] TP_FLAG_FIFO_DELAY_SAMPLES                   group=0x9 selector=5 reg_low=0x262 reg_high=0x263
[GET] TP_FLAG_FIFO_DELAY_CYCLES                    group=0x9 selector=6 reg_low=0x260 reg_high=0x261
[GET] TP_L1_CACHELINE_REQUESTS                     group=0x9 selector=7 reg_low=0x25e reg_high=0x25f
[GET] TP_L1_CACHELINE_MISSES                       group=0x9 selector=8 reg_low=0x25c reg_high=0x25d
[GET] TP_SP_TP_TRANS                               group=0x9 selector=9 reg_low=0x25a reg_high=0x25b
[GET] TP_TP_SP_TRANS                               group=0x9 selector=10 reg_low=0x258 reg_high=0x259
[GET] TP_OUTPUT_PIXELS                             group=0x9 selector=11 reg_low=0x256 reg_high=0x257
[bench] command_base: /data/local/tmp/jerry_work/ml_primitives/ml_primitive_bench --op softmax --variant fused_lmem --spv /data/local/tmp/jerry_work/ml_primitives/spv/softmax_fused_lmem.spv --rows 128 --repeats 4 --csv
[bench] bursts: 1
[bench] burst_sleep_s: 0.000000
[bench] width_count: 5
[bench] width_sleep_s: 0.100000
[bench] widths: 128 256 512 1024 2048
[bench] width_step 1/5 width=128 start
[bench] width_step_cmd: /data/local/tmp/jerry_work/ml_primitives/ml_primitive_bench --op softmax --variant fused_lmem --spv /data/local/tmp/jerry_work/ml_primitives/spv/softmax_fused_lmem.spv --rows 128 --repeats 4 --csv --width 128
op,variant,width,rows,elements,repeats,elapsed_ms,elements_per_s,estimated_bytes_per_element,estimated_bandwidth_GBps,verify,device
softmax,fused_lmem,128,128,16384,4,1.0258,63888880.765,8.000,0.511,PASS,"Adreno (TM) 830"
[bench] width_step 1/5 width=128 exit_status=0
[bench] sleeping 0.100000 s before next width
[bench] width_step 2/5 width=256 start
[bench] width_step_cmd: /data/local/tmp/jerry_work/ml_primitives/ml_primitive_bench --op softmax --variant fused_lmem --spv /data/local/tmp/jerry_work/ml_primitives/spv/softmax_fused_lmem.spv --rows 128 --repeats 4 --csv --width 256
op,variant,width,rows,elements,repeats,elapsed_ms,elements_per_s,estimated_bytes_per_element,estimated_bandwidth_GBps,verify,device
softmax,fused_lmem,256,128,32768,4,0.5650,231985840.708,8.000,1.856,PASS,"Adreno (TM) 830"
[bench] width_step 2/5 width=256 exit_status=0
[bench] sleeping 0.100000 s before next width
[bench] width_step 3/5 width=512 start
[bench] width_step_cmd: /data/local/tmp/jerry_work/ml_primitives/ml_primitive_bench --op softmax --variant fused_lmem --spv /data/local/tmp/jerry_work/ml_primitives/spv/softmax_fused_lmem.spv --rows 128 --repeats 4 --csv --width 512
op,variant,width,rows,elements,repeats,elapsed_ms,elements_per_s,estimated_bytes_per_element,estimated_bandwidth_GBps,verify,device
softmax,fused_lmem,512,128,65536,4,0.7501,349501101.257,8.000,2.796,PASS,"Adreno (TM) 830"
[bench] width_step 3/5 width=512 exit_status=0
[bench] sleeping 0.100000 s before next width
[bench] width_step 4/5 width=1024 start
[bench] width_step_cmd: /data/local/tmp/jerry_work/ml_primitives/ml_primitive_bench --op softmax --variant fused_lmem --spv /data/local/tmp/jerry_work/ml_primitives/spv/softmax_fused_lmem.spv --rows 128 --repeats 4 --csv --width 1024
op,variant,width,rows,elements,repeats,elapsed_ms,elements_per_s,estimated_bytes_per_element,estimated_bandwidth_GBps,verify,device
softmax,fused_lmem,1024,128,131072,4,0.8804,595535483.050,8.000,4.764,PASS,"Adreno (TM) 830"
[bench] width_step 4/5 width=1024 exit_status=0
[bench] sleeping 0.100000 s before next width
[bench] width_step 5/5 width=2048 start
[bench] width_step_cmd: /data/local/tmp/jerry_work/ml_primitives/ml_primitive_bench --op softmax --variant fused_lmem --spv /data/local/tmp/jerry_work/ml_primitives/spv/softmax_fused_lmem.spv --rows 128 --repeats 4 --csv --width 2048
op,variant,width,rows,elements,repeats,elapsed_ms,elements_per_s,estimated_bytes_per_element,estimated_bandwidth_GBps,verify,device
softmax,fused_lmem,2048,128,262144,4,2.8617,366414731.845,8.000,2.931,PASS,"Adreno (TM) 830"
[bench] width_step 5/5 width=2048 exit_status=0
