      group=0xa selector=11 reg_low=0x286 reg_high=0x287
[GET] SP_VS_STAGE_WAVE_CYCLES                      group=0xa selector=12 reg_low=0x284 reg_high=0x285
[GET] SP_VS_STAGE_WAVE_SAMPLES                     group=0xa selector=13 reg_low=0x282 reg_high=0x283
[GET] SP_FS_STAGE_DURATION_CYCLES                  group=0xa selector=14 reg_low=0x280 reg_high=0x281
[GET] SP_VS_STAGE_DURATION_CYCLES                  group=0xa selector=15 reg_low=0x27e reg_high=0x27f
[GET] SP_WAVE_CTRL_CYCLES                          group=0xa selector=16 reg_low=0x27c reg_high=0x27d
[GET] SP_WAVE_LOAD_CYCLES                          group=0xa selector=17 reg_low=0x27a reg_high=0x27b
[GET] SP_WAVE_EMIT_CYCLES                          group=0xa selector=18 reg_low=0x278 reg_high=0x279
[GET] SP_WAVE_NOP_CYCLES                           group=0xa selector=19 reg_low=0x276 reg_high=0x277
[GET] SP_WAVE_WAIT_CYCLES                          group=0xa selector=20 reg_low=0x274 reg_high=0x275
[GET] SP_WAVE_FETCH_CYCLES                         group=0xa selector=21 reg_low=0x272 reg_high=0x273
[GET] SP_WAVE_IDLE_CYCLES                          group=0xa selector=22 reg_low=0x270 reg_high=0x271
[GET] SP_WAVE_END_CYCLES                           group=0xa selector=23 reg_low=0x26e reg_high=0x26f
[bench] command_base: /data/local/tmp/jerry_work/ml_primitives/ml_primitive_bench --op softmax --variant fused_lmem --spv /data/local/tmp/jerry_work/ml_primitives/spv/softmax_fused_lmem.spv --rows 128 --repeats 4 --csv
[bench] bursts: 1
[bench] burst_sleep_s: 0.000000
[bench] width_count: 5
[bench] width_sleep_s: 0.100000
[bench] widths: 128 256 512 1024 2048
[bench] width_step 1/5 width=128 start
[bench] width_step_cmd: /data/local/tmp/jerry_work/ml_primitives/ml_primitive_bench --op softmax --variant fused_lmem --spv /data/local/tmp/jerry_work/ml_primitives/spv/softmax_fused_lmem.spv --rows 128 --repeats 4 --csv --width 128
op,variant,width,rows,elements,repeats,elapsed_ms,elements_per_s,estimated_bytes_per_element,estimated_bandwidth_GBps,verify,device
softmax,fused_lmem,128,128,16384,4,1.0369,63202134.769,8.000,0.506,PASS,"Adreno (TM) 830"
[bench] width_step 1/5 width=128 exit_status=0
[bench] sleeping 0.100000 s before next width
[bench] width_step 2/5 width=256 start
[bench] width_step_cmd: /data/local/tmp/jerry_work/ml_primitives/ml_primitive_bench --op softmax --variant fused_lmem --spv /data/local/tmp/jerry_work/ml_primitives/spv/softmax_fused_lmem.spv --rows 128 --repeats 4 --csv --width 256
op,variant,width,rows,elements,repeats,elapsed_ms,elements_per_s,estimated_bytes_per_element,estimated_bandwidth_GBps,verify,device
softmax,fused_lmem,256,128,32768,4,0.7417,176714061.139,8.000,1.414,PASS,"Adreno (TM) 830"
[bench] width_step 2/5 width=256 exit_status=0
[bench] sleeping 0.100000 s before next width
[bench] width_step 3/5 width=512 start
[bench] width_step_cmd: /data/local/tmp/jerry_work/ml_primitives/ml_primitive_bench --op softmax --variant fused_lmem --spv /data/local/tmp/jerry_work/ml_primitives/spv/softmax_fused_lmem.spv --rows 128 --repeats 4 --csv --width 512
op,variant,width,rows,elements,repeats,elapsed_ms,elements_per_s,estimated_bytes_per_element,estimated_bandwidth_GBps,verify,device
softmax,fused_lmem,512,128,65536,4,0.9039,290029141.875,8.000,2.320,PASS,"Adreno (TM) 830"
[bench] width_step 3/5 width=512 exit_status=0
[bench] sleeping 0.100000 s before next width
[bench] width_step 4/5 width=1024 start
[bench] width_step_cmd: /data/local/tmp/jerry_work/ml_primitives/ml_primitive_bench --op softmax --variant fused_lmem --spv /data/local/tmp/jerry_work/ml_primitives/spv/softmax_fused_lmem.spv --rows 128 --repeats 4 --csv --width 1024
op,variant,width,rows,elements,repeats,elapsed_ms,elements_per_s,estimated_bytes_per_element,estimated_bandwidth_GBps,verify,device
softmax,fused_lmem,1024,128,131072,4,0.8824,594164071.460,8.000,4.753,PASS,"Adreno (TM) 830"
[bench] width_step 4/5 width=1024 exit_status=0
[bench] sleeping 0.100000 s before next width
[bench] width_step 5/5 width=2048 start
[bench] width_step_cmd: /data/local/tmp/jerry_work/ml_primitives/ml_primitive_bench --op softmax --variant fused_lmem --spv /data/local/tmp/jerry_work/ml_primitives/spv/softmax_fused_lmem.spv --rows 128 --repeats 4 --csv --width 2048
op,variant,width,rows,elements,repeats,elapsed_ms,elements_per_s,estimated_bytes_per_element,estimated_bandwidth_GBps,verify,device
softmax,fused_lmem,2048,128,262144,4,0.8489,1235208609.669,8.000,9.882,PASS,"Adreno (TM) 830"
[bench] width_step 5/5 width=2048 exit_status=0
