ORKING_FS_STAGE                   group=0xa selector=74 reg_low=0x298 reg_high=0x299
[GET] SP_WORKING_EU_VS_STAGE                       group=0xa selector=75 reg_low=0x296 reg_high=0x297
[GET] SP_ANY_EU_WORKING_VS_STAGE                   group=0xa selector=76 reg_low=0x294 reg_high=0x295
[GET] SP_WORKING_EU_CS_STAGE                       group=0xa selector=77 reg_low=0x292 reg_high=0x293
[GET] SP_ANY_EU_WORKING_CS_STAGE                   group=0xa selector=78 reg_low=0x290 reg_high=0x291
[GET] SP_GPR_READ_PREFETCH                         group=0xa selector=79 reg_low=0x28e reg_high=0x28f
[GET] SP_GPR_READ_CONFLICT                         group=0xa selector=80 reg_low=0x28c reg_high=0x28d
[GET] SP_GPR_WRITE_CONFLICT                        group=0xa selector=81 reg_low=0x28a reg_high=0x28b
[GET] SP_GM_LOAD_LATENCY_CYCLES                    group=0xa selector=82 reg_low=0x288 reg_high=0x289
[GET] SP_GM_LOAD_LATENCY_SAMPLES                   group=0xa selector=83 reg_low=0x286 reg_high=0x287
[GET] SP_EXECUTABLE_WAVES                          group=0xa selector=84 reg_low=0x284 reg_high=0x285
[GET] SP_ICL1_MISS_FETCH_CYCLES                    group=0xa selector=85 reg_low=0x282 reg_high=0x283
[GET] SP_RESERVED_86                               group=0xa selector=86 reg_low=0x280 reg_high=0x281
[GET] SP_BYPASS_BUSY_CYCLES                        group=0xa selector=87 reg_low=0x27e reg_high=0x27f
[GET] SP_ANY_EU_WORKING_LPAC                       group=0xa selector=88 reg_low=0x27c reg_high=0x27d
[GET] SP_WAVE_ALU_CYCLES                           group=0xa selector=89 reg_low=0x27a reg_high=0x27b
[GET] SP_WAVE_EFU_CYCLES                           group=0xa selector=90 reg_low=0x278 reg_high=0x279
[GET] SP_WAVE_INT_CYCLES                           group=0xa selector=91 reg_low=0x276 reg_high=0x277
[GET] SP_WAVE_CSP_CYCLES                           group=0xa selector=92 reg_low=0x274 reg_high=0x275
[GET] SP_EWAVE_CONTEXTS                            group=0xa selector=93 reg_low=0x272 reg_high=0x273
[GET] SP_EWAVE_CONTEXT_CYCLES                      group=0xa selector=94 reg_low=0x270 reg_high=0x271
[GET] SP_LPAC_BUSY_CYCLES                          group=0xa selector=95 reg_low=0x26e reg_high=0x26f
[bench] command_base: /data/local/tmp/jerry_work/ml_primitives/ml_primitive_bench --op softmax --variant fused_lmem --spv /data/local/tmp/jerry_work/ml_primitives/spv/softmax_fused_lmem.spv --rows 128 --repeats 4 --csv
[bench] bursts: 1
[bench] burst_sleep_s: 0.000000
[bench] width_count: 5
[bench] width_sleep_s: 0.100000
[bench] widths: 128 256 512 1024 2048
[bench] width_step 1/5 width=128 start
[bench] width_step_cmd: /data/local/tmp/jerry_work/ml_primitives/ml_primitive_bench --op softmax --variant fused_lmem --spv /data/local/tmp/jerry_work/ml_primitives/spv/softmax_fused_lmem.spv --rows 128 --repeats 4 --csv --width 128
op,variant,width,rows,elements,repeats,elapsed_ms,elements_per_s,estimated_bytes_per_element,estimated_bandwidth_GBps,verify,device
softmax,fused_lmem,128,128,16384,4,1.4388,45549005.353,8.000,0.364,PASS,"Adreno (TM) 830"
[bench] width_step 1/5 width=128 exit_status=0
[bench] sleeping 0.100000 s before next width
[bench] width_step 2/5 width=256 start
[bench] width_step_cmd: /data/local/tmp/jerry_work/ml_primitives/ml_primitive_bench --op softmax --variant fused_lmem --spv /data/local/tmp/jerry_work/ml_primitives/spv/softmax_fused_lmem.spv --rows 128 --repeats 4 --csv --width 256
op,variant,width,rows,elements,repeats,elapsed_ms,elements_per_s,estimated_bytes_per_element,estimated_bandwidth_GBps,verify,device
softmax,fused_lmem,256,128,32768,4,0.7370,177837838.571,8.000,1.423,PASS,"Adreno (TM) 830"
[bench] width_step 2/5 width=256 exit_status=0
[bench] sleeping 0.100000 s before next width
[bench] width_step 3/5 width=512 start
[bench] width_step_cmd: /data/local/tmp/jerry_work/ml_primitives/ml_primitive_bench --op softmax --variant fused_lmem --spv /data/local/tmp/jerry_work/ml_primitives/spv/softmax_fused_lmem.spv --rows 128 --repeats 4 --csv --width 512
op,variant,width,rows,elements,repeats,elapsed_ms,elements_per_s,estimated_bytes_per_element,estimated_bandwidth_GBps,verify,device
softmax,fused_lmem,512,128,65536,4,0.6861,382081755.561,8.000,3.057,PASS,"Adreno (TM) 830"
[bench] width_step 3/5 width=512 exit_status=0
[bench] sleeping 0.100000 s before next width
[bench] width_step 4/5 width=1024 start
[bench] width_step_cmd: /data/local/tmp/jerry_work/ml_primitives/ml_primitive_bench --op softmax --variant fused_lmem --spv /data/local/tmp/jerry_work/ml_primitives/spv/softmax_fused_lmem.spv --rows 128 --repeats 4 --csv --width 1024
op,variant,width,rows,elements,repeats,elapsed_ms,elements_per_s,estimated_bytes_per_element,estimated_bandwidth_GBps,verify,device
softmax,fused_lmem,1024,128,131072,4,0.7609,689003163.205,8.000,5.512,PASS,"Adreno (TM) 830"
[bench] width_step 4/5 width=1024 exit_status=0
[bench] sleeping 0.100000 s before next width
[bench] width_step 5/5 width=2048 start
[bench] width_step_cmd: /data/local/tmp/jerry_work/ml_primitives/ml_primitive_bench --op softmax --variant fused_lmem --spv /data/local/tmp/jerry_work/ml_primitives/spv/softmax_fused_lmem.spv --rows 128 --repeats 4 --csv --width 2048
op,variant,width,rows,elements,repeats,elapsed_ms,elements_per_s,estimated_bytes_per_element,estimated_bandwidth_GBps,verify,device
softmax,fused_lmem,2048,128,262144,4,0.8669,1209604614.275,8.000,9.677,PASS,"Adreno (TM) 830"
[bench] width_step 5/5 width=2048 exit_status=0
