ADS_1D                                  group=0x9 selector=19 reg_low=0x25e reg_high=0x25f
[GET] TP_QUADS_2D                                  group=0x9 selector=20 reg_low=0x25c reg_high=0x25d
[GET] TP_QUADS_BUFFER                              group=0x9 selector=21 reg_low=0x25a reg_high=0x25b
[GET] TP_QUADS_3D                                  group=0x9 selector=22 reg_low=0x258 reg_high=0x259
[GET] TP_QUADS_CUBE                                group=0x9 selector=23 reg_low=0x256 reg_high=0x257
[bench] pid=8919 width_count=5 width_sleep=0.100000 cmd_base=/data/local/tmp/jerry_work/ml_primitives/ml_primitive_bench --op softmax --variant fused_lmem --spv /data/local/tmp/jerry_work/ml_primitives/spv/softmax_fused_lmem.spv --rows 128 --repeats 4 --csv
[bench] widths: 128 256 512 1024 2048
[bench] log=/data/local/tmp/jerry_work/perfcounter_sweeps/sweep_20260625_174559/10_TP/TP_chunk002_benchmark.log
[chunk] saved /data/local/tmp/jerry_work/perfcounter_sweeps/sweep_20260625_174559/10_TP/TP_chunk002.csv (12 active counters, 2479 rows)
[chunk] TP chunk 3 starting at enum-filtered index 24
[GET] TP_DIVERGENT_QUADS_RECEIVED                  group=0x9 selector=24 reg_low=0x26c reg_high=0x26d
[GET] TP_PRT_NON_RESIDENT_EVENTS                   group=0x9 selector=25 reg_low=0x26a reg_high=0x26b
[GET] TP_OUTPUT_PIXELS_POINT                       group=0x9 selector=26 reg_low=0x268 reg_high=0x269
[GET] TP_OUTPUT_PIXELS_BILINEAR                    group=0x9 selector=27 reg_low=0x266 reg_high=0x267
[GET] TP_OUTPUT_PIXELS_MIP                         group=0x9 selector=28 reg_low=0x264 reg_high=0x265
[GET] TP_OUTPUT_PIXELS_ANISO                       group=0x9 selector=29 reg_low=0x262 reg_high=0x263
[GET] TP_OUTPUT_PIXELS_ZERO_LOD                    group=0x9 selector=30 reg_low=0x260 reg_high=0x261
[GET] TP_FLAG_CACHE_REQUESTS                       group=0x9 selector=31 reg_low=0x25e reg_high=0x25f
[GET] TP_FLAG_CACHE_MISSES                         group=0x9 selector=32 reg_low=0x25c reg_high=0x25d
[GET] TP_L1_5_L2_REQUESTS                          group=0x9 selector=33 reg_low=0x25a reg_high=0x25b
[GET] TP_2D_OUTPUT_PIXELS                          group=0x9 selector=34 reg_low=0x258 reg_high=0x259
[GET] TP_2D_OUTPUT_PIXELS_POINT                    group=0x9 selector=35 reg_low=0x256 reg_high=0x257
[bench] command_base: /data/local/tmp/jerry_work/ml_primitives/ml_primitive_bench --op softmax --variant fused_lmem --spv /data/local/tmp/jerry_work/ml_primitives/spv/softmax_fused_lmem.spv --rows 128 --repeats 4 --csv
[bench] bursts: 1
[bench] burst_sleep_s: 0.000000
[bench] width_count: 5
[bench] width_sleep_s: 0.100000
[bench] widths: 128 256 512 1024 2048
[bench] width_step 1/5 width=128 start
[bench] width_step_cmd: /data/local/tmp/jerry_work/ml_primitives/ml_primitive_bench --op softmax --variant fused_lmem --spv /data/local/tmp/jerry_work/ml_primitives/spv/softmax_fused_lmem.spv --rows 128 --repeats 4 --csv --width 128
op,variant,width,rows,elements,repeats,elapsed_ms,elements_per_s,estimated_bytes_per_element,estimated_bandwidth_GBps,verify,device
softmax,fused_lmem,128,128,16384,4,1.0206,64211635.028,8.000,0.514,PASS,"Adreno (TM) 830"
[bench] width_step 1/5 width=128 exit_status=0
[bench] sleeping 0.100000 s before next width
[bench] width_step 2/5 width=256 start
[bench] width_step_cmd: /data/local/tmp/jerry_work/ml_primitives/ml_primitive_bench --op softmax --variant fused_lmem --spv /data/local/tmp/jerry_work/ml_primitives/spv/softmax_fused_lmem.spv --rows 128 --repeats 4 --csv --width 256
op,variant,width,rows,elements,repeats,elapsed_ms,elements_per_s,estimated_bytes_per_element,estimated_bandwidth_GBps,verify,device
softmax,fused_lmem,256,128,32768,4,0.6719,195068519.246,8.000,1.561,PASS,"Adreno (TM) 830"
[bench] width_step 2/5 width=256 exit_status=0
[bench] sleeping 0.100000 s before next width
[bench] width_step 3/5 width=512 start
[bench] width_step_cmd: /data/local/tmp/jerry_work/ml_primitives/ml_primitive_bench --op softmax --variant fused_lmem --spv /data/local/tmp/jerry_work/ml_primitives/spv/softmax_fused_lmem.spv --rows 128 --repeats 4 --csv --width 512
op,variant,width,rows,elements,repeats,elapsed_ms,elements_per_s,estimated_bytes_per_element,estimated_bandwidth_GBps,verify,device
softmax,fused_lmem,512,128,65536,4,0.6015,435809153.947,8.000,3.486,PASS,"Adreno (TM) 830"
[bench] width_step 3/5 width=512 exit_status=0
[bench] sleeping 0.100000 s before next width
[bench] width_step 4/5 width=1024 start
[bench] width_step_cmd: /data/local/tmp/jerry_work/ml_primitives/ml_primitive_bench --op softmax --variant fused_lmem --spv /data/local/tmp/jerry_work/ml_primitives/spv/softmax_fused_lmem.spv --rows 128 --repeats 4 --csv --width 1024
op,variant,width,rows,elements,repeats,elapsed_ms,elements_per_s,estimated_bytes_per_element,estimated_bandwidth_GBps,verify,device
softmax,fused_lmem,1024,128,131072,4,0.5519,950012231.031,8.000,7.600,PASS,"Adreno (TM) 830"
[bench] width_step 4/5 width=1024 exit_status=0
[bench] sleeping 0.100000 s before next width
[bench] width_step 5/5 width=2048 start
[bench] width_step_cmd: /data/local/tmp/jerry_work/ml_primitives/ml_primitive_bench --op softmax --variant fused_lmem --spv /data/local/tmp/jerry_work/ml_primitives/spv/softmax_fused_lmem.spv --rows 128 --repeats 4 --csv --width 2048
op,variant,width,rows,elements,repeats,elapsed_ms,elements_per_s,estimated_bytes_per_element,estimated_bandwidth_GBps,verify,device
softmax,fused_lmem,2048,128,262144,4,0.6625,1582756226.415,8.000,12.662,PASS,"Adreno (TM) 830"
[bench] width_step 5/5 width=2048 exit_status=0
