ow=0x25e reg_high=0x25f
[GET] TP_FORMAT_DECOMP_BILINEAR                    group=0x9 selector=128 reg_low=0x25c reg_high=0x25d
[GET] TP_PACKED_POINT_BOTH_VALID_FP16              group=0x9 selector=129 reg_low=0x25a reg_high=0x25b
[GET] TP_PACKED_POINT_SINGLE_VALID_FP16            group=0x9 selector=130 reg_low=0x258 reg_high=0x259
[GET] TP_PACKED_POINT_BOTH_VALID_FP32              group=0x9 selector=131 reg_low=0x256 reg_high=0x257
[bench] command: /data/local/tmp/jerry_work/ml_primitives/ml_primitive_bench --op softmax --variant fused_lmem --spv /data/local/tmp/jerry_work/ml_primitives/spv/softmax_fused_lmem.spv --width 1024 --rows 128 --repeats 16 --csv
[bench] bursts: 3
[bench] burst_sleep_s: 0.200000
[bench] burst 1/3 start
op,variant,width,rows,elements,repeats,elapsed_ms,elements_per_s,estimated_bytes_per_element,estimated_bandwidth_GBps,verify,device
softmax,fused_lmem,1024,128,131072,16,1.5025,1395775041.597,8.000,11.166,PASS,"Adreno (TM) 830"
[bench] burst 1/3 exit_status=0
[bench] sleeping 0.200000 s before next burst
[bench] burst 2/3 start
op,variant,width,rows,elements,repeats,elapsed_ms,elements_per_s,estimated_bytes_per_element,estimated_bandwidth_GBps,verify,device
softmax,fused_lmem,1024,128,131072,16,1.3195,1589316204.015,8.000,12.715,PASS,"Adreno (TM) 830"
[bench] burst 2/3 exit_status=0
[bench] sleeping 0.200000 s before next burst
[bench] burst 3/3 start
op,variant,width,rows,elements,repeats,elapsed_ms,elements_per_s,estimated_bytes_per_element,estimated_bandwidth_GBps,verify,device
softmax,fused_lmem,1024,128,131072,16,1.2729,1647517982.333,8.000,13.180,PASS,"Adreno (TM) 830"
[bench] burst 3/3 exit_status=0
