TP_chunk006_benchmark.log
[chunk] saved /data/local/tmp/jerry_work/perfcounter_sweeps/sweep_20260625_130734/10_TP/TP_chunk006.csv (12 active counters, 1278 rows)
[chunk] TP chunk 7 starting at enum-filtered index 72
[GET] TP_RESERVED_72                               group=0x9 selector=72 reg_low=0x26c reg_high=0x26d
[GET] TP_RESERVED_73                               group=0x9 selector=73 reg_low=0x26a reg_high=0x26b
[GET] TP_RESERVED_74                               group=0x9 selector=74 reg_low=0x268 reg_high=0x269
[GET] TP_RESERVED_75                               group=0x9 selector=75 reg_low=0x266 reg_high=0x267
[GET] TP_RESERVED_76                               group=0x9 selector=76 reg_low=0x264 reg_high=0x265
[GET] TP_RESERVED_77                               group=0x9 selector=77 reg_low=0x262 reg_high=0x263
[GET] TP_RESERVED_78                               group=0x9 selector=78 reg_low=0x260 reg_high=0x261
[GET] TP_RESERVED_79                               group=0x9 selector=79 reg_low=0x25e reg_high=0x25f
[GET] TP_RESERVED_80                               group=0x9 selector=80 reg_low=0x25c reg_high=0x25d
[GET] TP_RESERVED_81                               group=0x9 selector=81 reg_low=0x25a reg_high=0x25b
[GET] TP_RESERVED_82                               group=0x9 selector=82 reg_low=0x258 reg_high=0x259
[GET] TP_RESERVED_83                               group=0x9 selector=83 reg_low=0x256 reg_high=0x257
[bench] command: /data/local/tmp/jerry_work/ml_primitives/ml_primitive_bench --op softmax --variant fused_lmem --spv /data/local/tmp/jerry_work/ml_primitives/spv/softmax_fused_lmem.spv --width 1024 --rows 128 --repeats 16 --csv
[bench] bursts: 3
[bench] burst_sleep_s: 0.200000
[bench] burst 1/3 start
op,variant,width,rows,elements,repeats,elapsed_ms,elements_per_s,estimated_bytes_per_element,estimated_bandwidth_GBps,verify,device
softmax,fused_lmem,1024,128,131072,16,1.4727,1424061016.286,8.000,11.392,PASS,"Adreno (TM) 830"
[bench] burst 1/3 exit_status=0
[bench] sleeping 0.200000 s before next burst
[bench] burst 2/3 start
op,variant,width,rows,elements,repeats,elapsed_ms,elements_per_s,estimated_bytes_per_element,estimated_bandwidth_GBps,verify,device
softmax,fused_lmem,1024,128,131072,16,1.3266,1580891371.160,8.000,12.647,PASS,"Adreno (TM) 830"
[bench] burst 2/3 exit_status=0
[bench] sleeping 0.200000 s before next burst
[bench] burst 3/3 start
op,variant,width,rows,elements,repeats,elapsed_ms,elements_per_s,estimated_bytes_per_element,estimated_bandwidth_GBps,verify,device
softmax,fused_lmem,1024,128,131072,16,2.9954,700132371.180,8.000,5.601,PASS,"Adreno (TM) 830"
[bench] burst 3/3 exit_status=0
