ow=0x25e reg_high=0x25f
[GET] TP_FORMAT_DECOMP_BILINEAR                    group=0x9 selector=128 reg_low=0x25c reg_high=0x25d
[GET] TP_PACKED_POINT_BOTH_VALID_FP16              group=0x9 selector=129 reg_low=0x25a reg_high=0x25b
[GET] TP_PACKED_POINT_SINGLE_VALID_FP16            group=0x9 selector=130 reg_low=0x258 reg_high=0x259
[GET] TP_PACKED_POINT_BOTH_VALID_FP32              group=0x9 selector=131 reg_low=0x256 reg_high=0x257
[bench] pid=8796 bursts=3 burst_sleep=0.200000 cmd=/data/local/tmp/jerry_work/ml_primitives/ml_primitive_bench --op softmax --variant fused_lmem --spv /data/local/tmp/jerry_work/ml_primitives/spv/softmax_fused_lmem.spv --width 1024 --rows 128 --repeats 16 --csv
[bench] log=/data/local/tmp/jerry_work/perfcounter_sweeps/sweep_20260625_130734/10_TP/TP_chunk011_benchmark.log
[chunk] saved /data/local/tmp/jerry_work/perfcounter_sweeps/sweep_20260625_130734/10_TP/TP_chunk011.csv (12 active counters, 1271 rows)
[chunk] TP chunk 12 starting at enum-filtered index 132
[GET] TP_PACKED_POINT_SINGLE_VALID_FP32            group=0x9 selector=132 reg_low=0x26c reg_high=0x26d
[GET] TP_TOTAL_DECOMP_L1_RESP_CH0                  group=0x9 selector=133 reg_low=0x26a reg_high=0x26b
[GET] TP_TOTAL_DECOMP_L1_RESP_CH1                  group=0x9 selector=134 reg_low=0x268 reg_high=0x269
[GET] TP_L1POINT5_PRE_L1_DECOMP_0_WORKLOAD_R       group=0x9 selector=135 reg_low=0x266 reg_high=0x267
[GET] TP_L1POINT5_PRE_L1_DECOMP_1_WORKLOAD_R       group=0x9 selector=136 reg_low=0x264 reg_high=0x265
[GET] TP_L1POINT5_ASTC_DECODER_0_WORKLOAD_R        group=0x9 selector=137 reg_low=0x262 reg_high=0x263
[GET] TP_L1POINT5_ASTC_DECODER_1_WORKLOAD_R        group=0x9 selector=138 reg_low=0x260 reg_high=0x261
[GET] TP_PARTIAL_SURFACE_PGMEM_PIXELS              group=0x9 selector=139 reg_low=0x25e reg_high=0x25f
[GET] TP_PARTIAL_SURFACE_SYSMEM_PIXELS             group=0x9 selector=140 reg_low=0x25c reg_high=0x25d
[GET] TP_PARTIAL_SURFACE_PGMEM_MISS_REQ            group=0x9 selector=141 reg_low=0x25a reg_high=0x25b
[GET] TP_PARTIAL_SURFACE_SYSMEM_MISS_REQ           group=0x9 selector=142 reg_low=0x258 reg_high=0x259
[bench] command: /data/local/tmp/jerry_work/ml_primitives/ml_primitive_bench --op softmax --variant fused_lmem --spv /data/local/tmp/jerry_work/ml_primitives/spv/softmax_fused_lmem.spv --width 1024 --rows 128 --repeats 16 --csv
[bench] bursts: 3
[bench] burst_sleep_s: 0.200000
[bench] burst 1/3 start
op,variant,width,rows,elements,repeats,elapsed_ms,elements_per_s,estimated_bytes_per_element,estimated_bandwidth_GBps,verify,device
softmax,fused_lmem,1024,128,131072,16,1.4094,1488001419.069,8.000,11.904,PASS,"Adreno (TM) 830"
[bench] burst 1/3 exit_status=0
[bench] sleeping 0.200000 s before next burst
[bench] burst 2/3 start
op,variant,width,rows,elements,repeats,elapsed_ms,elements_per_s,estimated_bytes_per_element,estimated_bandwidth_GBps,verify,device
softmax,fused_lmem,1024,128,131072,16,1.1292,1857170309.745,8.000,14.857,PASS,"Adreno (TM) 830"
[bench] burst 2/3 exit_status=0
[bench] sleeping 0.200000 s before next burst
[bench] burst 3/3 start
op,variant,width,rows,elements,repeats,elapsed_ms,elements_per_s,estimated_bytes_per_element,estimated_bandwidth_GBps,verify,device
softmax,fused_lmem,1024,128,131072,16,1.2133,1728496531.306,8.000,13.828,PASS,"Adreno (TM) 830"
[bench] burst 3/3 exit_status=0
