                             group=0x9 selector=17 reg_low=0x262 reg_high=0x263
[GET] TP_QUADS_GRADIENT                            group=0x9 selector=18 reg_low=0x260 reg_high=0x261
[GET] TP_QUADS_1D                                  group=0x9 selector=19 reg_low=0x25e reg_high=0x25f
[GET] TP_QUADS_2D                                  group=0x9 selector=20 reg_low=0x25c reg_high=0x25d
[GET] TP_QUADS_BUFFER                              group=0x9 selector=21 reg_low=0x25a reg_high=0x25b
[GET] TP_QUADS_3D                                  group=0x9 selector=22 reg_low=0x258 reg_high=0x259
[GET] TP_QUADS_CUBE                                group=0x9 selector=23 reg_low=0x256 reg_high=0x257
[bench] command: /data/local/tmp/jerry_work/ml_primitives/ml_primitive_bench --op softmax --variant fused_lmem --spv /data/local/tmp/jerry_work/ml_primitives/spv/softmax_fused_lmem.spv --width 1024 --rows 128 --repeats 16 --csv
[bench] bursts: 3
[bench] burst_sleep_s: 0.200000
[bench] burst 1/3 start
op,variant,width,rows,elements,repeats,elapsed_ms,elements_per_s,estimated_bytes_per_element,estimated_bandwidth_GBps,verify,device
softmax,fused_lmem,1024,128,131072,16,1.4400,1456355555.556,8.000,11.651,PASS,"Adreno (TM) 830"
[bench] burst 1/3 exit_status=0
[bench] sleeping 0.200000 s before next burst
[bench] burst 2/3 start
op,variant,width,rows,elements,repeats,elapsed_ms,elements_per_s,estimated_bytes_per_element,estimated_bandwidth_GBps,verify,device
softmax,fused_lmem,1024,128,131072,16,3.3449,626961017.032,8.000,5.016,PASS,"Adreno (TM) 830"
[bench] burst 2/3 exit_status=0
[bench] sleeping 0.200000 s before next burst
[bench] burst 3/3 start
op,variant,width,rows,elements,repeats,elapsed_ms,elements_per_s,estimated_bytes_per_element,estimated_bandwidth_GBps,verify,device
softmax,fused_lmem,1024,128,131072,16,1.3186,1590382862.421,8.000,12.723,PASS,"Adreno (TM) 830"
[bench] burst 3/3 exit_status=0
