9
[GET] TP_RESERVED_99                               group=0x9 selector=99 reg_low=0x266 reg_high=0x267
[GET] TP_RESERVED_100                              group=0x9 selector=100 reg_low=0x264 reg_high=0x265
[GET] TP_RESERVED_101                              group=0x9 selector=101 reg_low=0x262 reg_high=0x263
[GET] TP_RESERVED_102                              group=0x9 selector=102 reg_low=0x260 reg_high=0x261
[GET] TP_RESERVED_103                              group=0x9 selector=103 reg_low=0x25e reg_high=0x25f
[GET] TP_RESERVED_104                              group=0x9 selector=104 reg_low=0x25c reg_high=0x25d
[GET] TP_RESERVED_105                              group=0x9 selector=105 reg_low=0x25a reg_high=0x25b
[GET] TP_RESERVED_106                              group=0x9 selector=106 reg_low=0x258 reg_high=0x259
[GET] TP_RESERVED_107                              group=0x9 selector=107 reg_low=0x256 reg_high=0x257
[bench] command: /data/local/tmp/jerry_work/ml_primitives/ml_primitive_bench --op softmax --variant fused_lmem --spv /data/local/tmp/jerry_work/ml_primitives/spv/softmax_fused_lmem.spv --width 1024 --rows 128 --repeats 16 --csv
[bench] bursts: 3
[bench] burst_sleep_s: 0.200000
[bench] burst 1/3 start
op,variant,width,rows,elements,repeats,elapsed_ms,elements_per_s,estimated_bytes_per_element,estimated_bandwidth_GBps,verify,device
softmax,fused_lmem,1024,128,131072,16,1.5873,1321170458.325,8.000,10.569,PASS,"Adreno (TM) 830"
[bench] burst 1/3 exit_status=0
[bench] sleeping 0.200000 s before next burst
[bench] burst 2/3 start
op,variant,width,rows,elements,repeats,elapsed_ms,elements_per_s,estimated_bytes_per_element,estimated_bandwidth_GBps,verify,device
softmax,fused_lmem,1024,128,131072,16,1.3242,1583753094.401,8.000,12.670,PASS,"Adreno (TM) 830"
[bench] burst 2/3 exit_status=0
[bench] sleeping 0.200000 s before next burst
[bench] burst 3/3 start
op,variant,width,rows,elements,repeats,elapsed_ms,elements_per_s,estimated_bytes_per_element,estimated_bandwidth_GBps,verify,device
softmax,fused_lmem,1024,128,131072,16,1.3171,1592207328.786,8.000,12.738,PASS,"Adreno (TM) 830"
[bench] burst 3/3 exit_status=0
