um-filtered index 192
[GET] CCHE_GMEM0_LOCAL_RD_REQUEST                  group=0x8 selector=192 reg_low=0x254 reg_high=0x255
[GET] CCHE_GMEM0_LOCAL_WR_REQUEST                  group=0x8 selector=193 reg_low=0x252 reg_high=0x253
[GET] CCHE_GMEM1_LOCAL_RD_REQUEST                  group=0x8 selector=194 reg_low=0x250 reg_high=0x251
[GET] CCHE_GMEM1_LOCAL_WR_REQUEST                  group=0x8 selector=195 reg_low=0x24e reg_high=0x24f
[GET] CCHE_GMEM0_REMOTE_RD_REQUEST                 group=0x8 selector=196 reg_low=0x24c reg_high=0x24d
[GET] CCHE_GMEM0_REMOTE_WR_REQUEST                 group=0x8 selector=197 reg_low=0x24a reg_high=0x24b
[GET] CCHE_GMEM1_REMOTE_RD_REQUEST                 group=0x8 selector=198 reg_low=0x248 reg_high=0x249
[GET] CCHE_GMEM1_REMOTE_WR_REQUEST                 group=0x8 selector=199 reg_low=0x246 reg_high=0x247
[GET] CCHE_STALL_CYCLES_TP                         group=0x8 selector=200 reg_low=0x244 reg_high=0x245
[GET] CCHE_ATOMIC_REQUESTS_SP_TOTAL                group=0x8 selector=201 reg_low=0x242 reg_high=0x243
[GET] CCHE_ATOMIC_PACKING_BEAT_SP_TOTAL            group=0x8 selector=202 reg_low=0x240 reg_high=0x241
[bench] pid=8751 bursts=3 burst_sleep=0.200000 cmd=/data/local/tmp/jerry_work/ml_primitives/ml_primitive_bench --op softmax --variant fused_lmem --spv /data/local/tmp/jerry_work/ml_primitives/spv/softmax_fused_lmem.spv --width 1024 --rows 128 --repeats 16 --csv
[bench] log=/data/local/tmp/jerry_work/perfcounter_sweeps/sweep_20260625_130734/09_UCHE/UCHE_chunk009_benchmark.log
[chunk] saved /data/local/tmp/jerry_work/perfcounter_sweeps/sweep_20260625_130734/09_UCHE/UCHE_chunk009.csv (11 active counters, 1285 rows)

[group] TP: total selected counters=143, physical slots=12
[chunk] TP chunk 1 starting at enum-filtered index 0
[GET] TP_NEVER_COUNT                               group=0x9 selector=0 reg_low=0x26c reg_high=0x26d
[GET] TP_BUSY_CYCLES                               group=0x9 selector=1 reg_low=0x26a reg_high=0x26b
[GET] TP_STALL_CYCLES_UCHE                         group=0x9 selector=2 reg_low=0x268 reg_high=0x269
[GET] TP_LATENCY_CYCLES                            group=0x9 selector=3 reg_low=0x266 reg_high=0x267
[GET] TP_LATENCY_TRANS                             group=0x9 selector=4 reg_low=0x264 reg_high=0x265
[GET] TP_FLAG_FIFO_DELAY_SAMPLES                   group=0x9 selector=5 reg_low=0x262 reg_high=0x263
[GET] TP_FLAG_FIFO_DELAY_CYCLES                    group=0x9 selector=6 reg_low=0x260 reg_high=0x261
[GET] TP_L1_CACHELINE_REQUESTS                     group=0x9 selector=7 reg_low=0x25e reg_high=0x25f
[GET] TP_L1_CACHELINE_MISSES                       group=0x9 selector=8 reg_low=0x25c reg_high=0x25d
[GET] TP_SP_TP_TRANS                               group=0x9 selector=9 reg_low=0x25a reg_high=0x25b
[GET] TP_TP_SP_TRANS                               group=0x9 selector=10 reg_low=0x258 reg_high=0x259
[GET] TP_OUTPUT_PIXELS                             group=0x9 selector=11 reg_low=0x256 reg_high=0x257
[bench] command: /data/local/tmp/jerry_work/ml_primitives/ml_primitive_bench --op softmax --variant fused_lmem --spv /data/local/tmp/jerry_work/ml_primitives/spv/softmax_fused_lmem.spv --width 1024 --rows 128 --repeats 16 --csv
[bench] bursts: 3
[bench] burst_sleep_s: 0.200000
[bench] burst 1/3 start
op,variant,width,rows,elements,repeats,elapsed_ms,elements_per_s,estimated_bytes_per_element,estimated_bandwidth_GBps,verify,device
softmax,fused_lmem,1024,128,131072,16,1.6818,1246990226.374,8.000,9.976,PASS,"Adreno (TM) 830"
[bench] burst 1/3 exit_status=0
[bench] sleeping 0.200000 s before next burst
[bench] burst 2/3 start
op,variant,width,rows,elements,repeats,elapsed_ms,elements_per_s,estimated_bytes_per_element,estimated_bandwidth_GBps,verify,device
softmax,fused_lmem,1024,128,131072,16,3.1016,676159947.794,8.000,5.409,PASS,"Adreno (TM) 830"
[bench] burst 2/3 exit_status=0
[bench] sleeping 0.200000 s before next burst
[bench] burst 3/3 start
op,variant,width,rows,elements,repeats,elapsed_ms,elements_per_s,estimated_bytes_per_element,estimated_bandwidth_GBps,verify,device
softmax,fused_lmem,1024,128,131072,16,1.3650,1536375091.575,8.000,12.291,PASS,"Adreno (TM) 830"
[bench] burst 3/3 exit_status=0
