S                  group=0x9 selector=46 reg_low=0x258 reg_high=0x259
[GET] TP_L1_5_MISS_LATENCY_TRANS                   group=0x9 selector=47 reg_low=0x256 reg_high=0x257
[bench] pid=8767 bursts=3 burst_sleep=0.200000 cmd=/data/local/tmp/jerry_work/ml_primitives/ml_primitive_bench --op softmax --variant fused_lmem --spv /data/local/tmp/jerry_work/ml_primitives/spv/softmax_fused_lmem.spv --width 1024 --rows 128 --repeats 16 --csv
[bench] log=/data/local/tmp/jerry_work/perfcounter_sweeps/sweep_20260625_130734/10_TP/TP_chunk004_benchmark.log
[chunk] saved /data/local/tmp/jerry_work/perfcounter_sweeps/sweep_20260625_130734/10_TP/TP_chunk004.csv (12 active counters, 1276 rows)
[chunk] TP chunk 5 starting at enum-filtered index 48
[GET] TP_QUADS_CONSTANT_MULTIPLIED                 group=0x9 selector=48 reg_low=0x26c reg_high=0x26d
[GET] TP_FRONTEND_WORKING_CYCLES                   group=0x9 selector=49 reg_low=0x26a reg_high=0x26b
[GET] TP_L1_TAG_WORKING_CYCLES                     group=0x9 selector=50 reg_low=0x268 reg_high=0x269
[GET] TP_L1_DATA_WRITE_WORKING_CYCLES              group=0x9 selector=51 reg_low=0x266 reg_high=0x267
[GET] TP_PRE_L1_DECOM_WORKING_CYCLES               group=0x9 selector=52 reg_low=0x264 reg_high=0x265
[GET] TP_BACKEND_WORKING_CYCLES                    group=0x9 selector=53 reg_low=0x262 reg_high=0x263
[GET] TP_L1_5_CACHE_WORKING_CYCLES                 group=0x9 selector=54 reg_low=0x260 reg_high=0x261
[GET] TP_STARVE_CYCLES_SP                          group=0x9 selector=55 reg_low=0x25e reg_high=0x25f
[GET] TP_STARVE_CYCLES_UCHE                        group=0x9 selector=56 reg_low=0x25c reg_high=0x25d
[GET] TP_STALL_CYCLES_UFC                          group=0x9 selector=57 reg_low=0x25a reg_high=0x25b
[GET] TP_FORMAT_DECOMP_POINT                       group=0x9 selector=58 reg_low=0x258 reg_high=0x259
[GET] TP_FILTER_POINT_FP16                         group=0x9 selector=59 reg_low=0x256 reg_high=0x257
[bench] command: /data/local/tmp/jerry_work/ml_primitives/ml_primitive_bench --op softmax --variant fused_lmem --spv /data/local/tmp/jerry_work/ml_primitives/spv/softmax_fused_lmem.spv --width 1024 --rows 128 --repeats 16 --csv
[bench] bursts: 3
[bench] burst_sleep_s: 0.200000
[bench] burst 1/3 start
op,variant,width,rows,elements,repeats,elapsed_ms,elements_per_s,estimated_bytes_per_element,estimated_bandwidth_GBps,verify,device
softmax,fused_lmem,1024,128,131072,16,1.5562,1347567550.201,8.000,10.781,PASS,"Adreno (TM) 830"
[bench] burst 1/3 exit_status=0
[bench] sleeping 0.200000 s before next burst
[bench] burst 2/3 start
op,variant,width,rows,elements,repeats,elapsed_ms,elements_per_s,estimated_bytes_per_element,estimated_bandwidth_GBps,verify,device
softmax,fused_lmem,1024,128,131072,16,1.3479,1555846539.512,8.000,12.447,PASS,"Adreno (TM) 830"
[bench] burst 2/3 exit_status=0
[bench] sleeping 0.200000 s before next burst
[bench] burst 3/3 start
op,variant,width,rows,elements,repeats,elapsed_ms,elements_per_s,estimated_bytes_per_element,estimated_bandwidth_GBps,verify,device
softmax,fused_lmem,1024,128,131072,16,1.3272,1580148087.647,8.000,12.641,PASS,"Adreno (TM) 830"
[bench] burst 3/3 exit_status=0
