ench] widths: 128 256 512 1024 2048
[bench] log=/data/local/tmp/jerry_work/perfcounter_sweeps/sweep_20260625_174559/03_PC/PC_chunk010_benchmark.log
[chunk] saved /data/local/tmp/jerry_work/perfcounter_sweeps/sweep_20260625_174559/03_PC/PC_chunk010.csv (8 active counters, 2525 rows)
[chunk] PC chunk 11 starting at enum-filtered index 80
[GET] PC_S_TESS_SETUP_ACTIVE                       group=0x2 selector=80 reg_low=0x1e2 reg_high=0x1e3
[GET] PC_S_TESS_PID_ACTIVE                         group=0x2 selector=81 reg_low=0x1e0 reg_high=0x1e1
[GET] PC_S_TESS_PRIM_GEN_ACTIVE                    group=0x2 selector=82 reg_low=0x1de reg_high=0x1df
[GET] PC_S_TESS_FACTOR_TRANS                       group=0x2 selector=83 reg_low=0x1dc reg_high=0x1dd
[GET] PC_S_TESS_PC_UV_TRANS                        group=0x2 selector=84 reg_low=0x1da reg_high=0x1db
[GET] PC_S_TESS_PC_UV_PATCHES                      group=0x2 selector=85 reg_low=0x1d8 reg_high=0x1d9
[GET] PC_S_MESH_VS_WAVES                           group=0x2 selector=86 reg_low=0x1d6 reg_high=0x1d7
[bench] pid=8319 width_count=5 width_sleep=0.100000 cmd_base=/data/local/tmp/jerry_work/ml_primitives/ml_primitive_bench --op softmax --variant fused_lmem --spv /data/local/tmp/jerry_work/ml_primitives/spv/softmax_fused_lmem.spv --rows 128 --repeats 4 --csv
[bench] widths: 128 256 512 1024 2048
[bench] log=/data/local/tmp/jerry_work/perfcounter_sweeps/sweep_20260625_174559/03_PC/PC_chunk011_benchmark.log
[chunk] saved /data/local/tmp/jerry_work/perfcounter_sweeps/sweep_20260625_174559/03_PC/PC_chunk011.csv (7 active counters, 2533 rows)

[group] VFD: total selected counters=28, physical slots=8
[chunk] VFD chunk 1 starting at enum-filtered index 0
[GET] VFD_NEVER_COUNT                              group=0x3 selector=0 reg_low=0x1f2 reg_high=0x1f3
[GET] VFD_BUSY_CYCLES                              group=0x3 selector=1 reg_low=0x1f0 reg_high=0x1f1
[GET] VFD_STALL_CYCLES_UCHE                        group=0x3 selector=2 reg_low=0x1ee reg_high=0x1ef
[GET] VFD_STALL_CYCLES_VPC_ALLOC                   group=0x3 selector=3 reg_low=0x1ec reg_high=0x1ed
[GET] VFD_STALL_CYCLES_SP_INFO                     group=0x3 selector=4 reg_low=0x1ea reg_high=0x1eb
[GET] VFD_STALL_CYCLES_SP_ATTR                     group=0x3 selector=5 reg_low=0x1e8 reg_high=0x1e9
[GET] VFD_STARVE_CYCLES_UCHE                       group=0x3 selector=6 reg_low=0x1e6 reg_high=0x1e7
[GET] VFD_RBUFFER_FULL                             group=0x3 selector=7 reg_low=0x1e4 reg_high=0x1e5
[bench] pid=8325 width_count=5 width_sleep=0.100000 cmd_base=/data/local/tmp/jerry_work/ml_primitives/ml_primitive_bench --op softmax --variant fused_lmem --spv /data/local/tmp/jerry_work/ml_primitives/spv/softmax_fused_lmem.spv --rows 128 --repeats 4 --csv
[bench] widths: 128 256 512 1024 2048
[bench] log=/data/local/tmp/jerry_work/perfcounter_sweeps/sweep_20260625_174559/04_VFD/VFD_chunk001_benchmark.log
[chunk] saved /data/local/tmp/jerry_work/perfcounter_sweeps/sweep_20260625_174559/04_VFD/VFD_chunk001.csv (8 active counters, 2533 rows)
[chunk] VFD chunk 2 starting at enum-filtered index 8
[GET] VFD_ATTR_INFO_FIFO_FULL                      group=0x3 selector=8 reg_low=0x1f2 reg_high=0x1f3
[GET] VFD_DECODED_ATTRIBUTE_BYTES                  group=0x3 selector=9 reg_low=0x1f0 reg_high=0x1f1
[GET] VFD_NUM_ATTRIBUTES                           group=0x3 selector=10 reg_low=0x1ee reg_high=0x1ef
[GET] VFD_UPPER_SHADER_FIBERS                      group=0x3 selector=11 reg_low=0x1ec reg_high=0x1ed
[GET] VFD_LOWER_SHADER_FIBERS                      group=0x3 selector=12 reg_low=0x1ea reg_high=0x1eb
[GET] VFD_MODE_0_FIBERS                            group=0x3 selector=13 reg_low=0x1e8 reg_high=0x1e9
[GET] VFD_MODE_1_FIBERS                            group=0x3 selector=14 reg_low=0x1e6 reg_high=0x1e7
[GET] VFD_MODE_2_FIBERS                            group=0x3 selector=15 reg_low=0x1e4 reg_high=0x1e5
[bench] command_base: /data/local/tmp/jerry_work/ml_primitives/ml_primitive_bench --op softmax --variant fused_lmem --spv /data/local/tmp/jerry_work/ml_primitives/spv/softmax_fused_lmem.spv --rows 128 --repeats 4 --csv
[bench] bursts: 1
[bench] burst_sleep_s: 0.000000
[bench] width_count: 5
[bench] width_sleep_s: 0.100000
[bench] widths: 128 256 512 1024 2048
[bench] width_step 1/5 width=128 start
[bench] width_step_cmd: /data/local/tmp/jerry_work/ml_primitives/ml_primitive_bench --op softmax --variant fused_lmem --spv /data/local/tmp/jerry_work/ml_primitives/spv/softmax_fused_lmem.spv --rows 128 --repeats 4 --csv --width 128
op,variant,width,rows,elements,repeats,elapsed_ms,elements_per_s,estimated_bytes_per_element,estimated_bandwidth_GBps,verify,device
softmax,fused_lmem,128,128,16384,4,1.0416,62920821.880,8.000,0.503,PASS,"Adreno (TM) 830"
[bench] width_step 1/5 width=128 exit_status=0
[bench] sleeping 0.100000 s before next width
[bench] width_step 2/5 width=256 start
[bench] width_step_cmd: /data/local/tmp/jerry_work/ml_primitives/ml_primitive_bench --op softmax --variant fused_lmem --spv /data/local/tmp/jerry_work/ml_primitives/spv/softmax_fused_lmem.spv --rows 128 --repeats 4 --csv --width 256
op,variant,width,rows,elements,repeats,elapsed_ms,elements_per_s,estimated_bytes_per_element,estimated_bandwidth_GBps,verify,device
softmax,fused_lmem,256,128,32768,4,0.7770,168694391.998,8.000,1.350,PASS,"Adreno (TM) 830"
[bench] width_step 2/5 width=256 exit_status=0
[bench] sleeping 0.100000 s before next width
[bench] width_step 3/5 width=512 start
[bench] width_step_cmd: /data/local/tmp/jerry_work/ml_primitives/ml_primitive_bench --op softmax --variant fused_lmem --spv /data/local/tmp/jerry_work/ml_primitives/spv/softmax_fused_lmem.spv --rows 128 --repeats 4 --csv --width 512
op,variant,width,rows,elements,repeats,elapsed_ms,elements_per_s,estimated_bytes_per_element,estimated_bandwidth_GBps,verify,device
softmax,fused_lmem,512,128,65536,4,0.8727,300379622.532,8.000,2.403,PASS,"Adreno (TM) 830"
[bench] width_step 3/5 width=512 exit_status=0
[bench] sleeping 0.100000 s before next width
[bench] width_step 4/5 width=1024 start
[bench] width_step_cmd: /data/local/tmp/jerry_work/ml_primitives/ml_primitive_bench --op softmax --variant fused_lmem --spv /data/local/tmp/jerry_work/ml_primitives/spv/softmax_fused_lmem.spv --rows 128 --repeats 4 --csv --width 1024
op,variant,width,rows,elements,repeats,elapsed_ms,elements_per_s,estimated_bytes_per_element,estimated_bandwidth_GBps,verify,device
softmax,fused_lmem,1024,128,131072,4,0.8411,623302018.912,8.000,4.986,PASS,"Adreno (TM) 830"
[bench] width_step 4/5 width=1024 exit_status=0
[bench] sleeping 0.100000 s before next width
[bench] width_step 5/5 width=2048 start
[bench] width_step_cmd: /data/local/tmp/jerry_work/ml_primitives/ml_primitive_bench --op softmax --variant fused_lmem --spv /data/local/tmp/jerry_work/ml_primitives/spv/softmax_fused_lmem.spv --rows 128 --repeats 4 --csv --width 2048
op,variant,width,rows,elements,repeats,elapsed_ms,elements_per_s,estimated_bytes_per_element,estimated_bandwidth_GBps,verify,device
softmax,fused_lmem,2048,128,262144,4,1.0172,1030858632.680,8.000,8.247,PASS,"Adreno (TM) 830"
[bench] width_step 5/5 width=2048 exit_status=0
