w=0x1d8 reg_high=0x1d9
[GET] PC_US_VPC_PRIM_COUNT_STALLS_BR               group=0x2 selector=38 reg_low=0x1d6 reg_high=0x1d7
[GET] PC_US_VPC_PRIM_COUNT_STALLS_BV               group=0x2 selector=39 reg_low=0x1d4 reg_high=0x1d5
[bench] pid=8342 bursts=3 burst_sleep=0.200000 cmd=/data/local/tmp/jerry_work/ml_primitives/ml_primitive_bench --op softmax --variant fused_lmem --spv /data/local/tmp/jerry_work/ml_primitives/spv/softmax_fused_lmem.spv --width 1024 --rows 128 --repeats 16 --csv
[bench] log=/data/local/tmp/jerry_work/perfcounter_sweeps/sweep_20260625_130734/03_PC/PC_chunk005_benchmark.log
[chunk] saved /data/local/tmp/jerry_work/perfcounter_sweeps/sweep_20260625_130734/03_PC/PC_chunk005.csv (8 active counters, 1293 rows)
[chunk] PC chunk 6 starting at enum-filtered index 40
[GET] PC_US_BV_STALLED_BY_UCHE_FEEDBACK            group=0x2 selector=40 reg_low=0x1e2 reg_high=0x1e3
[GET] PC_US_VSD_RARB_DVIZ_FULL                     group=0x2 selector=41 reg_low=0x1e0 reg_high=0x1e1
[GET] PC_US_VSD_RARB_PVIZ_FULL                     group=0x2 selector=42 reg_low=0x1de reg_high=0x1df
[GET] PC_US_VSD_RARB_TVIZ_FULL                     group=0x2 selector=43 reg_low=0x1dc reg_high=0x1dd
[GET] PC_US_DP0_RARB_FULL                          group=0x2 selector=44 reg_low=0x1da reg_high=0x1db
[GET] PC_US_DP1_RARB_FULL                          group=0x2 selector=45 reg_low=0x1d8 reg_high=0x1d9
[GET] PC_US_DP0_LIVE_PRIM                          group=0x2 selector=46 reg_low=0x1d6 reg_high=0x1d7
[GET] PC_US_DP1_LIVE_PRIM                          group=0x2 selector=47 reg_low=0x1d4 reg_high=0x1d5
[bench] pid=8346 bursts=3 burst_sleep=0.200000 cmd=/data/local/tmp/jerry_work/ml_primitives/ml_primitive_bench --op softmax --variant fused_lmem --spv /data/local/tmp/jerry_work/ml_primitives/spv/softmax_fused_lmem.spv --width 1024 --rows 128 --repeats 16 --csv
[bench] log=/data/local/tmp/jerry_work/perfcounter_sweeps/sweep_20260625_130734/03_PC/PC_chunk006_benchmark.log
[chunk] saved /data/local/tmp/jerry_work/perfcounter_sweeps/sweep_20260625_130734/03_PC/PC_chunk006.csv (8 active counters, 1300 rows)
[chunk] PC chunk 7 starting at enum-filtered index 48
[GET] PC_US_BV2BR_SWITCH                           group=0x2 selector=48 reg_low=0x1e2 reg_high=0x1e3
[GET] PC_US_BR2BV_SWITCH                           group=0x2 selector=49 reg_low=0x1e0 reg_high=0x1e1
[GET] PC_US_STALL_CYCLES_PC_S                      group=0x2 selector=50 reg_low=0x1de reg_high=0x1df
[GET] PC_RESERVED_51                               group=0x2 selector=51 reg_low=0x1dc reg_high=0x1dd
[GET] PC_RESERVED_52                               group=0x2 selector=52 reg_low=0x1da reg_high=0x1db
[GET] PC_RESERVED_53                               group=0x2 selector=53 reg_low=0x1d8 reg_high=0x1d9
[GET] PC_RESERVED_54                               group=0x2 selector=54 reg_low=0x1d6 reg_high=0x1d7
[GET] PC_RESERVED_55                               group=0x2 selector=55 reg_low=0x1d4 reg_high=0x1d5
[bench] command: /data/local/tmp/jerry_work/ml_primitives/ml_primitive_bench --op softmax --variant fused_lmem --spv /data/local/tmp/jerry_work/ml_primitives/spv/softmax_fused_lmem.spv --width 1024 --rows 128 --repeats 16 --csv
[bench] bursts: 3
[bench] burst_sleep_s: 0.200000
[bench] burst 1/3 start
op,variant,width,rows,elements,repeats,elapsed_ms,elements_per_s,estimated_bytes_per_element,estimated_bandwidth_GBps,verify,device
softmax,fused_lmem,1024,128,131072,16,3.3325,629302925.731,8.000,5.034,PASS,"Adreno (TM) 830"
[bench] burst 1/3 exit_status=0
[bench] sleeping 0.200000 s before next burst
[bench] burst 2/3 start
op,variant,width,rows,elements,repeats,elapsed_ms,elements_per_s,estimated_bytes_per_element,estimated_bandwidth_GBps,verify,device
softmax,fused_lmem,1024,128,131072,16,1.3195,1589378838.163,8.000,12.715,PASS,"Adreno (TM) 830"
[bench] burst 2/3 exit_status=0
[bench] sleeping 0.200000 s before next burst
[bench] burst 3/3 start
op,variant,width,rows,elements,repeats,elapsed_ms,elements_per_s,estimated_bytes_per_element,estimated_bandwidth_GBps,verify,device
softmax,fused_lmem,1024,128,131072,16,1.3050,1607013026.820,8.000,12.856,PASS,"Adreno (TM) 830"
[bench] burst 3/3 exit_status=0
