WCALLS                           group=0x2 selector=14 reg_low=0x1d6 reg_high=0x1d7
[GET] PC_US_NON_DRAWCALL_GLOBAL_EVENTS             group=0x2 selector=15 reg_low=0x1d4 reg_high=0x1d5
[bench] pid=8330 bursts=3 burst_sleep=0.200000 cmd=/data/local/tmp/jerry_work/ml_primitives/ml_primitive_bench --op softmax --variant fused_lmem --spv /data/local/tmp/jerry_work/ml_primitives/spv/softmax_fused_lmem.spv --width 1024 --rows 128 --repeats 16 --csv
[bench] log=/data/local/tmp/jerry_work/perfcounter_sweeps/sweep_20260625_130734/03_PC/PC_chunk002_benchmark.log
[chunk] saved /data/local/tmp/jerry_work/perfcounter_sweeps/sweep_20260625_130734/03_PC/PC_chunk002.csv (8 active counters, 1297 rows)
[chunk] PC chunk 3 starting at enum-filtered index 16
[GET] PC_US_MESH_DRAWS                             group=0x2 selector=16 reg_low=0x1e2 reg_high=0x1e3
[GET] PC_US_MESH_DEAD_DRAWS                        group=0x2 selector=17 reg_low=0x1e0 reg_high=0x1e1
[GET] PC_US_MESH_MVIS_EN_DRAWS                     group=0x2 selector=18 reg_low=0x1de reg_high=0x1df
[GET] PC_US_MESH_DEAD_PRIM                         group=0x2 selector=19 reg_low=0x1dc reg_high=0x1dd
[GET] PC_US_MESH_LIVE_PRIM                         group=0x2 selector=20 reg_low=0x1da reg_high=0x1db
[GET] PC_US_MESH_PA_EN_PRIM                        group=0x2 selector=21 reg_low=0x1d8 reg_high=0x1d9
[GET] PC_US_STARVE_CYCLES_FOR_MVIS_STREAM          group=0x2 selector=22 reg_low=0x1d6 reg_high=0x1d7
[GET] PC_US_STARVE_CYCLES_PREDRAW                  group=0x2 selector=23 reg_low=0x1d4 reg_high=0x1d5
[bench] command: /data/local/tmp/jerry_work/ml_primitives/ml_primitive_bench --op softmax --variant fused_lmem --spv /data/local/tmp/jerry_work/ml_primitives/spv/softmax_fused_lmem.spv --width 1024 --rows 128 --repeats 16 --csv
[bench] bursts: 3
[bench] burst_sleep_s: 0.200000
[bench] burst 1/3 start
op,variant,width,rows,elements,repeats,elapsed_ms,elements_per_s,estimated_bytes_per_element,estimated_bandwidth_GBps,verify,device
softmax,fused_lmem,1024,128,131072,16,3.2006,655242670.609,8.000,5.242,PASS,"Adreno (TM) 830"
[bench] burst 1/3 exit_status=0
[bench] sleeping 0.200000 s before next burst
[bench] burst 2/3 start
op,variant,width,rows,elements,repeats,elapsed_ms,elements_per_s,estimated_bytes_per_element,estimated_bandwidth_GBps,verify,device
softmax,fused_lmem,1024,128,131072,16,3.1532,665080779.100,8.000,5.321,PASS,"Adreno (TM) 830"
[bench] burst 2/3 exit_status=0
[bench] sleeping 0.200000 s before next burst
[bench] burst 3/3 start
op,variant,width,rows,elements,repeats,elapsed_ms,elements_per_s,estimated_bytes_per_element,estimated_bandwidth_GBps,verify,device
softmax,fused_lmem,1024,128,131072,16,3.1412,667617031.437,8.000,5.341,PASS,"Adreno (TM) 830"
[bench] burst 3/3 exit_status=0
