16 bursts=3 burst_sleep=0.200000 cmd=/data/local/tmp/jerry_work/ml_primitives/ml_primitive_bench --op softmax --variant fused_lmem --spv /data/local/tmp/jerry_work/ml_primitives/spv/softmax_fused_lmem.spv --width 1024 --rows 128 --repeats 16 --csv
[bench] log=/data/local/tmp/jerry_work/perfcounter_sweeps/sweep_20260625_130734/06_VPC/VPC_chunk007_benchmark.log
[chunk] saved /data/local/tmp/jerry_work/perfcounter_sweeps/sweep_20260625_130734/06_VPC/VPC_chunk007.csv (6 active counters, 1315 rows)
[chunk] VPC chunk 8 starting at enum-filtered index 42
[GET] VPC_RESERVED_42                              group=0x5 selector=42 reg_low=0x20a reg_high=0x20b
[GET] VPC_RESERVED_43                              group=0x5 selector=43 reg_low=0x208 reg_high=0x209
[GET] VPC_RESERVED_44                              group=0x5 selector=44 reg_low=0x206 reg_high=0x207
[GET] VPC_BE_BUSY_CYCLES                           group=0x5 selector=45 reg_low=0x204 reg_high=0x205
[GET] VPC_BE_WORKING_CYCLES                        group=0x5 selector=46 reg_low=0x202 reg_high=0x203
[GET] VPC_BE_STALL_CYCLES_TSE_BE                   group=0x5 selector=47 reg_low=0x200 reg_high=0x201
[bench] pid=8520 bursts=3 burst_sleep=0.200000 cmd=/data/local/tmp/jerry_work/ml_primitives/ml_primitive_bench --op softmax --variant fused_lmem --spv /data/local/tmp/jerry_work/ml_primitives/spv/softmax_fused_lmem.spv --width 1024 --rows 128 --repeats 16 --csv
[bench] log=/data/local/tmp/jerry_work/perfcounter_sweeps/sweep_20260625_130734/06_VPC/VPC_chunk008_benchmark.log
[chunk] saved /data/local/tmp/jerry_work/perfcounter_sweeps/sweep_20260625_130734/06_VPC/VPC_chunk008.csv (6 active counters, 1304 rows)
[chunk] VPC chunk 9 starting at enum-filtered index 48
[GET] VPC_BE_TSE_BE_PRIMITIVES                     group=0x5 selector=48 reg_low=0x20a reg_high=0x20b
[GET] VPC_BE_TSE_BE_TRANSACTIONS                   group=0x5 selector=49 reg_low=0x208 reg_high=0x209
[GET] VPC_BE_STARVE_CYCLES_LRZ                     group=0x5 selector=50 reg_low=0x206 reg_high=0x207
[GET] VPC_BE_LRZ_ASSIGN_PRIMITIVES                 group=0x5 selector=51 reg_low=0x204 reg_high=0x205
[GET] VPC_BE_RB_VISIBLE_PRIMITIVES                 group=0x5 selector=52 reg_low=0x202 reg_high=0x203
[GET] VPC_BE_STARVE_CYCLES_RB                      group=0x5 selector=53 reg_low=0x200 reg_high=0x201
[bench] pid=8524 bursts=3 burst_sleep=0.200000 cmd=/data/local/tmp/jerry_work/ml_primitives/ml_primitive_bench --op softmax --variant fused_lmem --spv /data/local/tmp/jerry_work/ml_primitives/spv/softmax_fused_lmem.spv --width 1024 --rows 128 --repeats 16 --csv
[bench] log=/data/local/tmp/jerry_work/perfcounter_sweeps/sweep_20260625_130734/06_VPC/VPC_chunk009_benchmark.log
[chunk] saved /data/local/tmp/jerry_work/perfcounter_sweeps/sweep_20260625_130734/06_VPC/VPC_chunk009.csv (6 active counters, 1308 rows)
[chunk] VPC chunk 10 starting at enum-filtered index 54
[GET] VPC_BE_STALL_CYCLES_HLSQ_PRIM_ALLOC          group=0x5 selector=54 reg_low=0x20a reg_high=0x20b
[GET] VPC_BE_STALL_CYCLES_SP_LM                    group=0x5 selector=55 reg_low=0x208 reg_high=0x209
[GET] VPC_BE_NUM_PA_REQ                            group=0x5 selector=56 reg_low=0x206 reg_high=0x207
[GET] VPC_BE_NUM_LM_REQ_HIT                        group=0x5 selector=57 reg_low=0x204 reg_high=0x205
[GET] VPC_BE_NUM_ATTR_REQ_LM                       group=0x5 selector=58 reg_low=0x202 reg_high=0x203
[GET] VPC_BE_LM_TRANSACTION                        group=0x5 selector=59 reg_low=0x200 reg_high=0x201
[bench] command: /data/local/tmp/jerry_work/ml_primitives/ml_primitive_bench --op softmax --variant fused_lmem --spv /data/local/tmp/jerry_work/ml_primitives/spv/softmax_fused_lmem.spv --width 1024 --rows 128 --repeats 16 --csv
[bench] bursts: 3
[bench] burst_sleep_s: 0.200000
[bench] burst 1/3 start
op,variant,width,rows,elements,repeats,elapsed_ms,elements_per_s,estimated_bytes_per_element,estimated_bandwidth_GBps,verify,device
softmax,fused_lmem,1024,128,131072,16,1.4282,1468358365.500,8.000,11.747,PASS,"Adreno (TM) 830"
[bench] burst 1/3 exit_status=0
[bench] sleeping 0.200000 s before next burst
[bench] burst 2/3 start
op,variant,width,rows,elements,repeats,elapsed_ms,elements_per_s,estimated_bytes_per_element,estimated_bandwidth_GBps,verify,device
softmax,fused_lmem,1024,128,131072,16,1.3404,1564551926.751,8.000,12.516,PASS,"Adreno (TM) 830"
[bench] burst 2/3 exit_status=0
[bench] sleeping 0.200000 s before next burst
[bench] burst 3/3 start
op,variant,width,rows,elements,repeats,elapsed_ms,elements_per_s,estimated_bytes_per_element,estimated_bandwidth_GBps,verify,device
softmax,fused_lmem,1024,128,131072,16,1.3297,1577177185.308,8.000,12.617,PASS,"Adreno (TM) 830"
[bench] burst 3/3 exit_status=0
