 fused_lmem --spv /data/local/tmp/jerry_work/ml_primitives/spv/softmax_fused_lmem.spv --width 1024 --rows 128 --repeats 16 --csv
[bench] log=/data/local/tmp/jerry_work/perfcounter_sweeps/sweep_20260625_130734/05_HLSQ/HLSQ_chunk023_benchmark.log
[chunk] saved /data/local/tmp/jerry_work/perfcounter_sweeps/sweep_20260625_130734/05_HLSQ/HLSQ_chunk023.csv (5 active counters, 1309 rows)

[group] VPC: total selected counters=71, physical slots=6
[chunk] VPC chunk 1 starting at enum-filtered index 0
[GET] VPC_NEVER_COUNT                              group=0x5 selector=0 reg_low=0x20a reg_high=0x20b
[GET] VPC_FE_BUSY_CYCLES                           group=0x5 selector=1 reg_low=0x208 reg_high=0x209
[GET] VPC_FE_WORKING_CYCLES                        group=0x5 selector=2 reg_low=0x206 reg_high=0x207
[GET] VPC_FE_STALL_CYCLES_VFD_WACK                 group=0x5 selector=3 reg_low=0x204 reg_high=0x205
[GET] VPC_FE_STARVE_CYCLES_SP                      group=0x5 selector=4 reg_low=0x202 reg_high=0x203
[GET] VPC_FE_PC_PRIMITIVES                         group=0x5 selector=5 reg_low=0x200 reg_high=0x201
[bench] command: /data/local/tmp/jerry_work/ml_primitives/ml_primitive_bench --op softmax --variant fused_lmem --spv /data/local/tmp/jerry_work/ml_primitives/spv/softmax_fused_lmem.spv --width 1024 --rows 128 --repeats 16 --csv
[bench] bursts: 3
[bench] burst_sleep_s: 0.200000
[bench] burst 1/3 start
op,variant,width,rows,elements,repeats,elapsed_ms,elements_per_s,estimated_bytes_per_element,estimated_bandwidth_GBps,verify,device
softmax,fused_lmem,1024,128,131072,16,1.4697,1426936873.677,8.000,11.415,PASS,"Adreno (TM) 830"
[bench] burst 1/3 exit_status=0
[bench] sleeping 0.200000 s before next burst
[bench] burst 2/3 start
op,variant,width,rows,elements,repeats,elapsed_ms,elements_per_s,estimated_bytes_per_element,estimated_bandwidth_GBps,verify,device
softmax,fused_lmem,1024,128,131072,16,1.2064,1738420282.587,8.000,13.907,PASS,"Adreno (TM) 830"
[bench] burst 2/3 exit_status=0
[bench] sleeping 0.200000 s before next burst
[bench] burst 3/3 start
op,variant,width,rows,elements,repeats,elapsed_ms,elements_per_s,estimated_bytes_per_element,estimated_bandwidth_GBps,verify,device
softmax,fused_lmem,1024,128,131072,16,1.3094,1601643532.220,8.000,12.813,PASS,"Adreno (TM) 830"
[bench] burst 3/3 exit_status=0
