log
[chunk] saved /data/local/tmp/jerry_work/perfcounter_sweeps/sweep_20260625_152944/07_TSE/TSE_chunk016.csv (4 active counters, 2560 rows)
[chunk] TSE chunk 17 starting at enum-filtered index 64
[GET] TSE_REG_PROGRAMMING_ONLY_CYCLE_L0            group=0x6 selector=64 reg_low=0x21c reg_high=0x21d
[GET] TSE_COMMON_RAM_WORKING_CYCLE_L2              group=0x6 selector=65 reg_low=0x21a reg_high=0x21b
[GET] TSE_COMMON_RAM_RD_WORKING_CYCLE_L3           group=0x6 selector=66 reg_low=0x218 reg_high=0x219
[GET] TSE_COMMON_RAM_WR_WORKING_CYCLE_L3           group=0x6 selector=67 reg_low=0x216 reg_high=0x217
[bench] pid=8700 width_count=5 width_sleep=0.100000 cmd_base=/data/local/tmp/jerry_work/ml_primitives/ml_primitive_bench --op softmax --variant fused_lmem --spv /data/local/tmp/jerry_work/ml_primitives/spv/softmax_fused_lmem.spv --rows 128 --repeats 4 --csv
[bench] widths: 128 256 512 1024 2048
[bench] log=/data/local/tmp/jerry_work/perfcounter_sweeps/sweep_20260625_152944/07_TSE/TSE_chunk017_benchmark.log
[chunk] saved /data/local/tmp/jerry_work/perfcounter_sweeps/sweep_20260625_152944/07_TSE/TSE_chunk017.csv (4 active counters, 2559 rows)
[chunk] TSE chunk 18 starting at enum-filtered index 68
[GET] TSE_CLIP_CODE_WORKING_CYCLE_L1               group=0x6 selector=68 reg_low=0x21c reg_high=0x21d
[GET] TSE_CLIP_WORKING_CYCLE_L1                    group=0x6 selector=69 reg_low=0x21a reg_high=0x21b
[GET] TSE_CLIP_CTRL_WORKING_CYCLE_L2               group=0x6 selector=70 reg_low=0x218 reg_high=0x219
[GET] TSE_CLIP_VP_FMUL_WORKING_CYCLE_L2            group=0x6 selector=71 reg_low=0x216 reg_high=0x217
[bench] pid=8706 width_count=5 width_sleep=0.100000 cmd_base=/data/local/tmp/jerry_work/ml_primitives/ml_primitive_bench --op softmax --variant fused_lmem --spv /data/local/tmp/jerry_work/ml_primitives/spv/softmax_fused_lmem.spv --rows 128 --repeats 4 --csv
[bench] widths: 128 256 512 1024 2048
[bench] log=/data/local/tmp/jerry_work/perfcounter_sweeps/sweep_20260625_152944/07_TSE/TSE_chunk018_benchmark.log
[chunk] saved /data/local/tmp/jerry_work/perfcounter_sweeps/sweep_20260625_152944/07_TSE/TSE_chunk018.csv (4 active counters, 2557 rows)
[chunk] TSE chunk 19 starting at enum-filtered index 72
[GET] TSE_CLIP_VP_FMUL_0_WORKING_CYCLE_L3          group=0x6 selector=72 reg_low=0x21c reg_high=0x21d
[GET] TSE_CLIP_VP_FMUL_1_WORKING_CYCLE_L3          group=0x6 selector=73 reg_low=0x21a reg_high=0x21b
[GET] TSE_CLIP_VP_FMUL_2_WORKING_CYCLE_L3          group=0x6 selector=74 reg_low=0x218 reg_high=0x219
[GET] TSE_CLIP_VP_FMUL_3_WORKING_CYCLE_L3          group=0x6 selector=75 reg_low=0x216 reg_high=0x217
[bench] command_base: /data/local/tmp/jerry_work/ml_primitives/ml_primitive_bench --op softmax --variant fused_lmem --spv /data/local/tmp/jerry_work/ml_primitives/spv/softmax_fused_lmem.spv --rows 128 --repeats 4 --csv
[bench] bursts: 1
[bench] burst_sleep_s: 0.000000
[bench] width_count: 5
[bench] width_sleep_s: 0.100000
[bench] widths: 128 256 512 1024 2048
[bench] width_step 1/5 width=128 start
[bench] width_step_cmd: /data/local/tmp/jerry_work/ml_primitives/ml_primitive_bench --op softmax --variant fused_lmem --spv /data/local/tmp/jerry_work/ml_primitives/spv/softmax_fused_lmem.spv --rows 128 --repeats 4 --csv --width 128
op,variant,width,rows,elements,repeats,elapsed_ms,elements_per_s,estimated_bytes_per_element,estimated_bandwidth_GBps,verify,device
softmax,fused_lmem,128,128,16384,4,1.1963,54784535.005,8.000,0.438,PASS,"Adreno (TM) 830"
[bench] width_step 1/5 width=128 exit_status=0
[bench] sleeping 0.100000 s before next width
[bench] width_step 2/5 width=256 start
[bench] width_step_cmd: /data/local/tmp/jerry_work/ml_primitives/ml_primitive_bench --op softmax --variant fused_lmem --spv /data/local/tmp/jerry_work/ml_primitives/spv/softmax_fused_lmem.spv --rows 128 --repeats 4 --csv --width 256
op,variant,width,rows,elements,repeats,elapsed_ms,elements_per_s,estimated_bytes_per_element,estimated_bandwidth_GBps,verify,device
softmax,fused_lmem,256,128,32768,4,0.6100,214872131.148,8.000,1.719,PASS,"Adreno (TM) 830"
[bench] width_step 2/5 width=256 exit_status=0
[bench] sleeping 0.100000 s before next width
[bench] width_step 3/5 width=512 start
[bench] width_step_cmd: /data/local/tmp/jerry_work/ml_primitives/ml_primitive_bench --op softmax --variant fused_lmem --spv /data/local/tmp/jerry_work/ml_primitives/spv/softmax_fused_lmem.spv --rows 128 --repeats 4 --csv --width 512
op,variant,width,rows,elements,repeats,elapsed_ms,elements_per_s,estimated_bytes_per_element,estimated_bandwidth_GBps,verify,device
softmax,fused_lmem,512,128,65536,4,0.4628,566479384.562,8.000,4.532,PASS,"Adreno (TM) 830"
[bench] width_step 3/5 width=512 exit_status=0
[bench] sleeping 0.100000 s before next width
[bench] width_step 4/5 width=1024 start
[bench] width_step_cmd: /data/local/tmp/jerry_work/ml_primitives/ml_primitive_bench --op softmax --variant fused_lmem --spv /data/local/tmp/jerry_work/ml_primitives/spv/softmax_fused_lmem.spv --rows 128 --repeats 4 --csv --width 1024
op,variant,width,rows,elements,repeats,elapsed_ms,elements_per_s,estimated_bytes_per_element,estimated_bandwidth_GBps,verify,device
softmax,fused_lmem,1024,128,131072,4,3.0122,174055537.038,8.000,1.392,PASS,"Adreno (TM) 830"
[bench] width_step 4/5 width=1024 exit_status=0
[bench] sleeping 0.100000 s before next width
[bench] width_step 5/5 width=2048 start
[bench] width_step_cmd: /data/local/tmp/jerry_work/ml_primitives/ml_primitive_bench --op softmax --variant fused_lmem --spv /data/local/tmp/jerry_work/ml_primitives/spv/softmax_fused_lmem.spv --rows 128 --repeats 4 --csv --width 2048
op,variant,width,rows,elements,repeats,elapsed_ms,elements_per_s,estimated_bytes_per_element,estimated_bandwidth_GBps,verify,device
softmax,fused_lmem,2048,128,262144,4,0.7022,1493300217.748,8.000,11.946,PASS,"Adreno (TM) 830"
[bench] width_step 5/5 width=2048 exit_status=0
