 128 --repeats 16 --csv
[bench] log=/data/local/tmp/jerry_work/perfcounter_sweeps/sweep_20260625_130734/01_CP/CP_chunk004_benchmark.log
[chunk] saved /data/local/tmp/jerry_work/perfcounter_sweeps/sweep_20260625_130734/01_CP/CP_chunk004.csv (14 active counters, 1273 rows)
[chunk] CP chunk 5 starting at enum-filtered index 56
[GET] CP_PM4_DATA                                  group=0x0 selector=56 reg_low=0x1ca reg_high=0x1cb
[GET] CP_PM4_HEADERS                               group=0x0 selector=57 reg_low=0x1c8 reg_high=0x1c9
[GET] CP_VBIF_READ_BEATS                           group=0x0 selector=58 reg_low=0x1c6 reg_high=0x1c7
[GET] CP_VBIF_WRITE_BEATS                          group=0x0 selector=59 reg_low=0x1c4 reg_high=0x1c5
[GET] CP_SQE_INSTR_COUNTER                         group=0x0 selector=60 reg_low=0x1c2 reg_high=0x1c3
[GET] CP_CLUSTER_FE_US_FULL                        group=0x0 selector=61 reg_low=0x1c0 reg_high=0x1c1
[GET] CP_CLUSTER_FE_S_FULL                         group=0x0 selector=62 reg_low=0x1be reg_high=0x1bf
[GET] CP_CLUSTER_SP_VS_FULL                        group=0x0 selector=63 reg_low=0x1bc reg_high=0x1bd
[GET] CP_CLUSTER_VPC_US_FULL                       group=0x0 selector=64 reg_low=0x1ba reg_high=0x1bb
[GET] CP_CLUSTER_VPC_VS_FULL                       group=0x0 selector=65 reg_low=0x1b8 reg_high=0x1b9
[GET] CP_CLUSTER_GRAS_FULL                         group=0x0 selector=66 reg_low=0x1b6 reg_high=0x1b7
[GET] CP_CLUSTER_SP_PS_FULL                        group=0x0 selector=67 reg_low=0x1b4 reg_high=0x1b5
[GET] CP_CLUSTER_VPC_PS_FULL                       group=0x0 selector=68 reg_low=0x1b2 reg_high=0x1b3
[GET] CP_CLUSTER_PS_FULL                           group=0x0 selector=69 reg_low=0x1b0 reg_high=0x1b1
[bench] pid=8286 bursts=3 burst_sleep=0.200000 cmd=/data/local/tmp/jerry_work/ml_primitives/ml_primitive_bench --op softmax --variant fused_lmem --spv /data/local/tmp/jerry_work/ml_primitives/spv/softmax_fused_lmem.spv --width 1024 --rows 128 --repeats 16 --csv
[bench] log=/data/local/tmp/jerry_work/perfcounter_sweeps/sweep_20260625_130734/01_CP/CP_chunk005_benchmark.log
[chunk] saved /data/local/tmp/jerry_work/perfcounter_sweeps/sweep_20260625_130734/01_CP/CP_chunk005.csv (14 active counters, 1269 rows)
[chunk] CP chunk 6 starting at enum-filtered index 70
[GET] CP_ICACHE_MISSES                             group=0x0 selector=70 reg_low=0x1ca reg_high=0x1cb
[GET] CP_ICACHE_HITS                               group=0x0 selector=71 reg_low=0x1c8 reg_high=0x1c9
[GET] CP_ICACHE_STALL                              group=0x0 selector=72 reg_low=0x1c6 reg_high=0x1c7
[GET] CP_DCACHE_MISSES                             group=0x0 selector=73 reg_low=0x1c4 reg_high=0x1c5
[GET] CP_DCACHE_HITS                               group=0x0 selector=74 reg_low=0x1c2 reg_high=0x1c3
[GET] CP_DCACHE_STALLS                             group=0x0 selector=75 reg_low=0x1c0 reg_high=0x1c1
[GET] CP_AQE_SQE_STALL                             group=0x0 selector=76 reg_low=0x1be reg_high=0x1bf
[GET] CP_SQE_AQE_STARVE                            group=0x0 selector=77 reg_low=0x1bc reg_high=0x1bd
[GET] CP_ISR_CYCLES                                group=0x0 selector=78 reg_low=0x1ba reg_high=0x1bb
[GET] CP_SQE_MD8_STALL_CYCLES                      group=0x0 selector=79 reg_low=0x1b8 reg_high=0x1b9
[GET] CP_SQE_MESH_EXEC_CYCLES                      group=0x0 selector=80 reg_low=0x1b6 reg_high=0x1b7
[GET] CP_AQE_NUM_AS_CHUNKS                         group=0x0 selector=81 reg_low=0x1b4 reg_high=0x1b5
[GET] CP_AQE_NUM_MS_CHUNKS                         group=0x0 selector=82 reg_low=0x1b2 reg_high=0x1b3
[GET] CP_S_SKEW_BUFFER_FULL                        group=0x0 selector=83 reg_low=0x1b0 reg_high=0x1b1
[bench] command: /data/local/tmp/jerry_work/ml_primitives/ml_primitive_bench --op softmax --variant fused_lmem --spv /data/local/tmp/jerry_work/ml_primitives/spv/softmax_fused_lmem.spv --width 1024 --rows 128 --repeats 16 --csv
[bench] bursts: 3
[bench] burst_sleep_s: 0.200000
[bench] burst 1/3 start
op,variant,width,rows,elements,repeats,elapsed_ms,elements_per_s,estimated_bytes_per_element,estimated_bandwidth_GBps,verify,device
softmax,fused_lmem,1024,128,131072,16,3.2105,653222940.324,8.000,5.226,PASS,"Adreno (TM) 830"
[bench] burst 1/3 exit_status=0
[bench] sleeping 0.200000 s before next burst
[bench] burst 2/3 start
op,variant,width,rows,elements,repeats,elapsed_ms,elements_per_s,estimated_bytes_per_element,estimated_bandwidth_GBps,verify,device
softmax,fused_lmem,1024,128,131072,16,1.8738,1119196158.399,8.000,8.954,PASS,"Adreno (TM) 830"
[bench] burst 2/3 exit_status=0
[bench] sleeping 0.200000 s before next burst
[bench] burst 3/3 start
op,variant,width,rows,elements,repeats,elapsed_ms,elements_per_s,estimated_bytes_per_element,estimated_bandwidth_GBps,verify,device
softmax,fused_lmem,1024,128,131072,16,3.0942,677775957.148,8.000,5.422,PASS,"Adreno (TM) 830"
[bench] burst 3/3 exit_status=0
