_chunk006_benchmark.log
[chunk] saved /data/local/tmp/jerry_work/perfcounter_sweeps/sweep_20260625_130734/01_CP/CP_chunk006.csv (14 active counters, 1272 rows)
[chunk] CP chunk 7 starting at enum-filtered index 84
[GET] CP_S_SKEW_BUFFER_ABOVE_THRESH                group=0x0 selector=84 reg_low=0x1ca reg_high=0x1cb
[GET] CP_ECACHE_HITS                               group=0x0 selector=85 reg_low=0x1c8 reg_high=0x1c9
[GET] CP_ECACHE_KILLS                              group=0x0 selector=86 reg_low=0x1c6 reg_high=0x1c7
[GET] CP_ECACHE_REQS                               group=0x0 selector=87 reg_low=0x1c4 reg_high=0x1c5
[GET] CP_ECACHE_EVEN_REQS                          group=0x0 selector=88 reg_low=0x1c2 reg_high=0x1c3
[GET] CP_ECACHE_STALLS_RAP                         group=0x0 selector=89 reg_low=0x1c0 reg_high=0x1c1
[GET] CP_ECACHE_BUSY                               group=0x0 selector=90 reg_low=0x1be reg_high=0x1bf
[bench] command: /data/local/tmp/jerry_work/ml_primitives/ml_primitive_bench --op softmax --variant fused_lmem --spv /data/local/tmp/jerry_work/ml_primitives/spv/softmax_fused_lmem.spv --width 1024 --rows 128 --repeats 16 --csv
[bench] bursts: 3
[bench] burst_sleep_s: 0.200000
[bench] burst 1/3 start
op,variant,width,rows,elements,repeats,elapsed_ms,elements_per_s,estimated_bytes_per_element,estimated_bandwidth_GBps,verify,device
softmax,fused_lmem,1024,128,131072,16,3.0578,685833960.415,8.000,5.487,PASS,"Adreno (TM) 830"
[bench] burst 1/3 exit_status=0
[bench] sleeping 0.200000 s before next burst
[bench] burst 2/3 start
op,variant,width,rows,elements,repeats,elapsed_ms,elements_per_s,estimated_bytes_per_element,estimated_bandwidth_GBps,verify,device
softmax,fused_lmem,1024,128,131072,16,3.0984,676853263.878,8.000,5.415,PASS,"Adreno (TM) 830"
[bench] burst 2/3 exit_status=0
[bench] sleeping 0.200000 s before next burst
[bench] burst 3/3 start
op,variant,width,rows,elements,repeats,elapsed_ms,elements_per_s,estimated_bytes_per_element,estimated_bandwidth_GBps,verify,device
softmax,fused_lmem,1024,128,131072,16,2.9578,709033623.744,8.000,5.672,PASS,"Adreno (TM) 830"
[bench] burst 3/3 exit_status=0
