high=0x201
[bench] pid=8520 width_count=5 width_sleep=0.100000 cmd_base=/data/local/tmp/jerry_work/ml_primitives/ml_primitive_bench --op softmax --variant fused_lmem --spv /data/local/tmp/jerry_work/ml_primitives/spv/softmax_fused_lmem.spv --rows 128 --repeats 4 --csv
[bench] widths: 128 256 512 1024 2048
[bench] log=/data/local/tmp/jerry_work/perfcounter_sweeps/sweep_20260625_152944/06_VPC/VPC_chunk002_benchmark.log
[chunk] saved /data/local/tmp/jerry_work/perfcounter_sweeps/sweep_20260625_152944/06_VPC/VPC_chunk002.csv (6 active counters, 2534 rows)
[chunk] VPC chunk 3 starting at enum-filtered index 12
[GET] VPC_FE_VPCRAM_FULL_CYCLES                    group=0x5 selector=12 reg_low=0x20a reg_high=0x20b
[GET] VPC_FE_NUM_VPCRAM_WRITE                      group=0x5 selector=13 reg_low=0x208 reg_high=0x209
[GET] VPC_FE_STALL_CYCLES_TSE_FE                   group=0x5 selector=14 reg_low=0x206 reg_high=0x207
[GET] VPC_FE_STALL_CYCLES_VPC_US                   group=0x5 selector=15 reg_low=0x204 reg_high=0x205
[GET] VPC_FE_TSE_FE_PRIMITIVES                     group=0x5 selector=16 reg_low=0x202 reg_high=0x203
[GET] VPC_FE_GS_PRIMITIVES                         group=0x5 selector=17 reg_low=0x200 reg_high=0x201
[bench] pid=8527 width_count=5 width_sleep=0.100000 cmd_base=/data/local/tmp/jerry_work/ml_primitives/ml_primitive_bench --op softmax --variant fused_lmem --spv /data/local/tmp/jerry_work/ml_primitives/spv/softmax_fused_lmem.spv --rows 128 --repeats 4 --csv
[bench] widths: 128 256 512 1024 2048
[bench] log=/data/local/tmp/jerry_work/perfcounter_sweeps/sweep_20260625_152944/06_VPC/VPC_chunk003_benchmark.log
[chunk] saved /data/local/tmp/jerry_work/perfcounter_sweeps/sweep_20260625_152944/06_VPC/VPC_chunk003.csv (6 active counters, 2555 rows)
[chunk] VPC chunk 4 starting at enum-filtered index 18
[GET] VPC_FE_TSE_FE_TRANSACTIONS                   group=0x5 selector=18 reg_low=0x20a reg_high=0x20b
[GET] VPC_FE_STALL_CYCLES_CCU                      group=0x5 selector=19 reg_low=0x208 reg_high=0x209
[GET] VPC_FE_NUM_WM_HIT                            group=0x5 selector=20 reg_low=0x206 reg_high=0x207
[GET] VPC_FE_STALL_DQ_WACK                         group=0x5 selector=21 reg_low=0x204 reg_high=0x205
[GET] VPC_FE_STALL_CYCLES_PRG_END_FE               group=0x5 selector=22 reg_low=0x202 reg_high=0x203
[GET] VPC_FE_STALL_CYCLES_PRG_END_VPCVS            group=0x5 selector=23 reg_low=0x200 reg_high=0x201
[bench] command_base: /data/local/tmp/jerry_work/ml_primitives/ml_primitive_bench --op softmax --variant fused_lmem --spv /data/local/tmp/jerry_work/ml_primitives/spv/softmax_fused_lmem.spv --rows 128 --repeats 4 --csv
[bench] bursts: 1
[bench] burst_sleep_s: 0.000000
[bench] width_count: 5
[bench] width_sleep_s: 0.100000
[bench] widths: 128 256 512 1024 2048
[bench] width_step 1/5 width=128 start
[bench] width_step_cmd: /data/local/tmp/jerry_work/ml_primitives/ml_primitive_bench --op softmax --variant fused_lmem --spv /data/local/tmp/jerry_work/ml_primitives/spv/softmax_fused_lmem.spv --rows 128 --repeats 4 --csv --width 128
op,variant,width,rows,elements,repeats,elapsed_ms,elements_per_s,estimated_bytes_per_element,estimated_bandwidth_GBps,verify,device
softmax,fused_lmem,128,128,16384,4,1.1774,55659358.205,8.000,0.445,PASS,"Adreno (TM) 830"
[bench] width_step 1/5 width=128 exit_status=0
[bench] sleeping 0.100000 s before next width
[bench] width_step 2/5 width=256 start
[bench] width_step_cmd: /data/local/tmp/jerry_work/ml_primitives/ml_primitive_bench --op softmax --variant fused_lmem --spv /data/local/tmp/jerry_work/ml_primitives/spv/softmax_fused_lmem.spv --rows 128 --repeats 4 --csv --width 256
op,variant,width,rows,elements,repeats,elapsed_ms,elements_per_s,estimated_bytes_per_element,estimated_bandwidth_GBps,verify,device
softmax,fused_lmem,256,128,32768,4,0.4677,280274389.722,8.000,2.242,PASS,"Adreno (TM) 830"
[bench] width_step 2/5 width=256 exit_status=0
[bench] sleeping 0.100000 s before next width
[bench] width_step 3/5 width=512 start
[bench] width_step_cmd: /data/local/tmp/jerry_work/ml_primitives/ml_primitive_bench --op softmax --variant fused_lmem --spv /data/local/tmp/jerry_work/ml_primitives/spv/softmax_fused_lmem.spv --rows 128 --repeats 4 --csv --width 512
op,variant,width,rows,elements,repeats,elapsed_ms,elements_per_s,estimated_bytes_per_element,estimated_bandwidth_GBps,verify,device
softmax,fused_lmem,512,128,65536,4,0.4036,649524026.621,8.000,5.196,PASS,"Adreno (TM) 830"
[bench] width_step 3/5 width=512 exit_status=0
[bench] sleeping 0.100000 s before next width
[bench] width_step 4/5 width=1024 start
[bench] width_step_cmd: /data/local/tmp/jerry_work/ml_primitives/ml_primitive_bench --op softmax --variant fused_lmem --spv /data/local/tmp/jerry_work/ml_primitives/spv/softmax_fused_lmem.spv --rows 128 --repeats 4 --csv --width 1024
op,variant,width,rows,elements,repeats,elapsed_ms,elements_per_s,estimated_bytes_per_element,estimated_bandwidth_GBps,verify,device
softmax,fused_lmem,1024,128,131072,4,0.6273,835726491.367,8.000,6.686,PASS,"Adreno (TM) 830"
[bench] width_step 4/5 width=1024 exit_status=0
[bench] sleeping 0.100000 s before next width
[bench] width_step 5/5 width=2048 start
[bench] width_step_cmd: /data/local/tmp/jerry_work/ml_primitives/ml_primitive_bench --op softmax --variant fused_lmem --spv /data/local/tmp/jerry_work/ml_primitives/spv/softmax_fused_lmem.spv --rows 128 --repeats 4 --csv --width 2048
op,variant,width,rows,elements,repeats,elapsed_ms,elements_per_s,estimated_bytes_per_element,estimated_bandwidth_GBps,verify,device
softmax,fused_lmem,2048,128,262144,4,0.7630,1374242648.630,8.000,10.994,PASS,"Adreno (TM) 830"
[bench] width_step 5/5 width=2048 exit_status=0
