rk/ml_primitives/ml_primitive_bench --op softmax --variant fused_lmem --spv /data/local/tmp/jerry_work/ml_primitives/spv/softmax_fused_lmem.spv --rows 128 --repeats 4 --csv
[bench] widths: 128 256 512 1024 2048
[bench] log=/data/local/tmp/jerry_work/perfcounter_sweeps/sweep_20260625_174559/01_CP/CP_chunk006_benchmark.log
[chunk] saved /data/local/tmp/jerry_work/perfcounter_sweeps/sweep_20260625_174559/01_CP/CP_chunk006.csv (14 active counters, 2461 rows)
[chunk] CP chunk 7 starting at enum-filtered index 84
[GET] CP_S_SKEW_BUFFER_ABOVE_THRESH                group=0x0 selector=84 reg_low=0x1ca reg_high=0x1cb
[GET] CP_ECACHE_HITS                               group=0x0 selector=85 reg_low=0x1c8 reg_high=0x1c9
[GET] CP_ECACHE_KILLS                              group=0x0 selector=86 reg_low=0x1c6 reg_high=0x1c7
[GET] CP_ECACHE_REQS                               group=0x0 selector=87 reg_low=0x1c4 reg_high=0x1c5
[GET] CP_ECACHE_EVEN_REQS                          group=0x0 selector=88 reg_low=0x1c2 reg_high=0x1c3
[GET] CP_ECACHE_STALLS_RAP                         group=0x0 selector=89 reg_low=0x1c0 reg_high=0x1c1
[GET] CP_ECACHE_BUSY                               group=0x0 selector=90 reg_low=0x1be reg_high=0x1bf
[bench] pid=8209 width_count=5 width_sleep=0.100000 cmd_base=/data/local/tmp/jerry_work/ml_primitives/ml_primitive_bench --op softmax --variant fused_lmem --spv /data/local/tmp/jerry_work/ml_primitives/spv/softmax_fused_lmem.spv --rows 128 --repeats 4 --csv
[bench] widths: 128 256 512 1024 2048
[bench] log=/data/local/tmp/jerry_work/perfcounter_sweeps/sweep_20260625_174559/01_CP/CP_chunk007_benchmark.log
[chunk] saved /data/local/tmp/jerry_work/perfcounter_sweeps/sweep_20260625_174559/01_CP/CP_chunk007.csv (7 active counters, 2538 rows)

[group] RBBM: total selected counters=17, physical slots=4
[chunk] RBBM chunk 1 starting at enum-filtered index 0
[GET] RBBM_NEVER_COUNT                             group=0x1 selector=0 reg_low=0x1d2 reg_high=0x1d3
[GET] RBBM_US_ALWAYS_COUNT                         group=0x1 selector=1 reg_low=0x1d0 reg_high=0x1d1
[GET] RBBM_US_ALWAYS_ON                            group=0x1 selector=2 reg_low=0x1ce reg_high=0x1cf
[GET] RBBM_US_STATUS_MASKED                        group=0x1 selector=3 reg_low=0x1cc reg_high=0x1cd
[bench] command_base: /data/local/tmp/jerry_work/ml_primitives/ml_primitive_bench --op softmax --variant fused_lmem --spv /data/local/tmp/jerry_work/ml_primitives/spv/softmax_fused_lmem.spv --rows 128 --repeats 4 --csv
[bench] bursts: 1
[bench] burst_sleep_s: 0.000000
[bench] width_count: 5
[bench] width_sleep_s: 0.100000
[bench] widths: 128 256 512 1024 2048
[bench] width_step 1/5 width=128 start
[bench] width_step_cmd: /data/local/tmp/jerry_work/ml_primitives/ml_primitive_bench --op softmax --variant fused_lmem --spv /data/local/tmp/jerry_work/ml_primitives/spv/softmax_fused_lmem.spv --rows 128 --repeats 4 --csv --width 128
op,variant,width,rows,elements,repeats,elapsed_ms,elements_per_s,estimated_bytes_per_element,estimated_bandwidth_GBps,verify,device
softmax,fused_lmem,128,128,16384,4,3.3820,19377705.290,8.000,0.155,PASS,"Adreno (TM) 830"
[bench] width_step 1/5 width=128 exit_status=0
[bench] sleeping 0.100000 s before next width
[bench] width_step 2/5 width=256 start
[bench] width_step_cmd: /data/local/tmp/jerry_work/ml_primitives/ml_primitive_bench --op softmax --variant fused_lmem --spv /data/local/tmp/jerry_work/ml_primitives/spv/softmax_fused_lmem.spv --rows 128 --repeats 4 --csv --width 256
op,variant,width,rows,elements,repeats,elapsed_ms,elements_per_s,estimated_bytes_per_element,estimated_bandwidth_GBps,verify,device
softmax,fused_lmem,256,128,32768,4,0.8053,162759278.391,8.000,1.302,PASS,"Adreno (TM) 830"
[bench] width_step 2/5 width=256 exit_status=0
[bench] sleeping 0.100000 s before next width
[bench] width_step 3/5 width=512 start
[bench] width_step_cmd: /data/local/tmp/jerry_work/ml_primitives/ml_primitive_bench --op softmax --variant fused_lmem --spv /data/local/tmp/jerry_work/ml_primitives/spv/softmax_fused_lmem.spv --rows 128 --repeats 4 --csv --width 512
op,variant,width,rows,elements,repeats,elapsed_ms,elements_per_s,estimated_bytes_per_element,estimated_bandwidth_GBps,verify,device
softmax,fused_lmem,512,128,65536,4,0.3811,687872283.479,8.000,5.503,PASS,"Adreno (TM) 830"
[bench] width_step 3/5 width=512 exit_status=0
[bench] sleeping 0.100000 s before next width
[bench] width_step 4/5 width=1024 start
[bench] width_step_cmd: /data/local/tmp/jerry_work/ml_primitives/ml_primitive_bench --op softmax --variant fused_lmem --spv /data/local/tmp/jerry_work/ml_primitives/spv/softmax_fused_lmem.spv --rows 128 --repeats 4 --csv --width 1024
op,variant,width,rows,elements,repeats,elapsed_ms,elements_per_s,estimated_bytes_per_element,estimated_bandwidth_GBps,verify,device
softmax,fused_lmem,1024,128,131072,4,0.7538,695572802.653,8.000,5.565,PASS,"Adreno (TM) 830"
[bench] width_step 4/5 width=1024 exit_status=0
[bench] sleeping 0.100000 s before next width
[bench] width_step 5/5 width=2048 start
[bench] width_step_cmd: /data/local/tmp/jerry_work/ml_primitives/ml_primitive_bench --op softmax --variant fused_lmem --spv /data/local/tmp/jerry_work/ml_primitives/spv/softmax_fused_lmem.spv --rows 128 --repeats 4 --csv --width 2048
op,variant,width,rows,elements,repeats,elapsed_ms,elements_per_s,estimated_bytes_per_element,estimated_bandwidth_GBps,verify,device
softmax,fused_lmem,2048,128,262144,4,0.9114,1150503727.208,8.000,9.204,PASS,"Adreno (TM) 830"
[bench] width_step 5/5 width=2048 exit_status=0
