128 --repeats 4 --csv
[bench] widths: 128 256 512 1024 2048
[bench] log=/data/local/tmp/jerry_work/perfcounter_sweeps/sweep_20260625_152944/06_VPC/VPC_chunk012_benchmark.log
[chunk] saved /data/local/tmp/jerry_work/perfcounter_sweeps/sweep_20260625_152944/06_VPC/VPC_chunk012.csv (5 active counters, 2563 rows)

[group] TSE: total selected counters=119, physical slots=4
[chunk] TSE chunk 1 starting at enum-filtered index 0
[GET] TSE_NEVER_COUNT                              group=0x6 selector=0 reg_low=0x21c reg_high=0x21d
[GET] TSE_BE_BUSY_CYCLES                           group=0x6 selector=1 reg_low=0x21a reg_high=0x21b
[GET] TSE_BE_CLIPPING_CYCLES                       group=0x6 selector=2 reg_low=0x218 reg_high=0x219
[GET] TSE_BE_STALL_CYCLES_RAS                      group=0x6 selector=3 reg_low=0x216 reg_high=0x217
[bench] pid=8595 width_count=5 width_sleep=0.100000 cmd_base=/data/local/tmp/jerry_work/ml_primitives/ml_primitive_bench --op softmax --variant fused_lmem --spv /data/local/tmp/jerry_work/ml_primitives/spv/softmax_fused_lmem.spv --rows 128 --repeats 4 --csv
[bench] widths: 128 256 512 1024 2048
[bench] log=/data/local/tmp/jerry_work/perfcounter_sweeps/sweep_20260625_152944/07_TSE/TSE_chunk001_benchmark.log
[chunk] saved /data/local/tmp/jerry_work/perfcounter_sweeps/sweep_20260625_152944/07_TSE/TSE_chunk001.csv (4 active counters, 2558 rows)
[chunk] TSE chunk 2 starting at enum-filtered index 4
[GET] TSE_BE_STALL_CYCLES_LRZ_BARYPLANE            group=0x6 selector=4 reg_low=0x21c reg_high=0x21d
[GET] TSE_BE_STALL_CYCLES_LRZ_ZPLANE               group=0x6 selector=5 reg_low=0x21a reg_high=0x21b
[GET] TSE_BE_STARVE_CYCLES_PC                      group=0x6 selector=6 reg_low=0x218 reg_high=0x219
[GET] TSE_BE_INPUT_PRIM                            group=0x6 selector=7 reg_low=0x216 reg_high=0x217
[bench] pid=8602 width_count=5 width_sleep=0.100000 cmd_base=/data/local/tmp/jerry_work/ml_primitives/ml_primitive_bench --op softmax --variant fused_lmem --spv /data/local/tmp/jerry_work/ml_primitives/spv/softmax_fused_lmem.spv --rows 128 --repeats 4 --csv
[bench] widths: 128 256 512 1024 2048
[bench] log=/data/local/tmp/jerry_work/perfcounter_sweeps/sweep_20260625_152944/07_TSE/TSE_chunk002_benchmark.log
[chunk] saved /data/local/tmp/jerry_work/perfcounter_sweeps/sweep_20260625_152944/07_TSE/TSE_chunk002.csv (4 active counters, 2574 rows)
[chunk] TSE chunk 3 starting at enum-filtered index 8
[GET] TSE_BE_INPUT_NULL_PRIM                       group=0x6 selector=8 reg_low=0x21c reg_high=0x21d
[GET] TSE_BE_TRIVAL_REJ_PRIM                       group=0x6 selector=9 reg_low=0x21a reg_high=0x21b
[GET] TSE_BE_CLIPPED_PRIM                          group=0x6 selector=10 reg_low=0x218 reg_high=0x219
[GET] TSE_BE_ZERO_AREA_PRIM                        group=0x6 selector=11 reg_low=0x216 reg_high=0x217
[bench] pid=8608 width_count=5 width_sleep=0.100000 cmd_base=/data/local/tmp/jerry_work/ml_primitives/ml_primitive_bench --op softmax --variant fused_lmem --spv /data/local/tmp/jerry_work/ml_primitives/spv/softmax_fused_lmem.spv --rows 128 --repeats 4 --csv
[bench] widths: 128 256 512 1024 2048
[bench] log=/data/local/tmp/jerry_work/perfcounter_sweeps/sweep_20260625_152944/07_TSE/TSE_chunk003_benchmark.log
[chunk] saved /data/local/tmp/jerry_work/perfcounter_sweeps/sweep_20260625_152944/07_TSE/TSE_chunk003.csv (4 active counters, 2569 rows)
[chunk] TSE chunk 4 starting at enum-filtered index 12
[GET] TSE_BE_FACENESS_CULLED_PRIM                  group=0x6 selector=12 reg_low=0x21c reg_high=0x21d
[GET] TSE_BE_ZERO_PIXEL_PRIM                       group=0x6 selector=13 reg_low=0x21a reg_high=0x21b
[GET] TSE_BE_OUTPUT_NULL_PRIM                      group=0x6 selector=14 reg_low=0x218 reg_high=0x219
[GET] TSE_BE_OUTPUT_VISIBLE_PRIM                   group=0x6 selector=15 reg_low=0x216 reg_high=0x217
[bench] command_base: /data/local/tmp/jerry_work/ml_primitives/ml_primitive_bench --op softmax --variant fused_lmem --spv /data/local/tmp/jerry_work/ml_primitives/spv/softmax_fused_lmem.spv --rows 128 --repeats 4 --csv
[bench] bursts: 1
[bench] burst_sleep_s: 0.000000
[bench] width_count: 5
[bench] width_sleep_s: 0.100000
[bench] widths: 128 256 512 1024 2048
[bench] width_step 1/5 width=128 start
[bench] width_step_cmd: /data/local/tmp/jerry_work/ml_primitives/ml_primitive_bench --op softmax --variant fused_lmem --spv /data/local/tmp/jerry_work/ml_primitives/spv/softmax_fused_lmem.spv --rows 128 --repeats 4 --csv --width 128
op,variant,width,rows,elements,repeats,elapsed_ms,elements_per_s,estimated_bytes_per_element,estimated_bandwidth_GBps,verify,device
softmax,fused_lmem,128,128,16384,4,1.0222,64113450.755,8.000,0.513,PASS,"Adreno (TM) 830"
[bench] width_step 1/5 width=128 exit_status=0
[bench] sleeping 0.100000 s before next width
[bench] width_step 2/5 width=256 start
[bench] width_step_cmd: /data/local/tmp/jerry_work/ml_primitives/ml_primitive_bench --op softmax --variant fused_lmem --spv /data/local/tmp/jerry_work/ml_primitives/spv/softmax_fused_lmem.spv --rows 128 --repeats 4 --csv --width 256
op,variant,width,rows,elements,repeats,elapsed_ms,elements_per_s,estimated_bytes_per_element,estimated_bandwidth_GBps,verify,device
softmax,fused_lmem,256,128,32768,4,0.5389,243218217.615,8.000,1.946,PASS,"Adreno (TM) 830"
[bench] width_step 2/5 width=256 exit_status=0
[bench] sleeping 0.100000 s before next width
[bench] width_step 3/5 width=512 start
[bench] width_step_cmd: /data/local/tmp/jerry_work/ml_primitives/ml_primitive_bench --op softmax --variant fused_lmem --spv /data/local/tmp/jerry_work/ml_primitives/spv/softmax_fused_lmem.spv --rows 128 --repeats 4 --csv --width 512
op,variant,width,rows,elements,repeats,elapsed_ms,elements_per_s,estimated_bytes_per_element,estimated_bandwidth_GBps,verify,device
softmax,fused_lmem,512,128,65536,4,0.7525,348364119.601,8.000,2.787,PASS,"Adreno (TM) 830"
[bench] width_step 3/5 width=512 exit_status=0
[bench] sleeping 0.100000 s before next width
[bench] width_step 4/5 width=1024 start
[bench] width_step_cmd: /data/local/tmp/jerry_work/ml_primitives/ml_primitive_bench --op softmax --variant fused_lmem --spv /data/local/tmp/jerry_work/ml_primitives/spv/softmax_fused_lmem.spv --rows 128 --repeats 4 --csv --width 1024
op,variant,width,rows,elements,repeats,elapsed_ms,elements_per_s,estimated_bytes_per_element,estimated_bandwidth_GBps,verify,device
softmax,fused_lmem,1024,128,131072,4,0.7478,701143814.668,8.000,5.609,PASS,"Adreno (TM) 830"
[bench] width_step 4/5 width=1024 exit_status=0
[bench] sleeping 0.100000 s before next width
[bench] width_step 5/5 width=2048 start
[bench] width_step_cmd: /data/local/tmp/jerry_work/ml_primitives/ml_primitive_bench --op softmax --variant fused_lmem --spv /data/local/tmp/jerry_work/ml_primitives/spv/softmax_fused_lmem.spv --rows 128 --repeats 4 --csv --width 2048
op,variant,width,rows,elements,repeats,elapsed_ms,elements_per_s,estimated_bytes_per_element,estimated_bandwidth_GBps,verify,device
softmax,fused_lmem,2048,128,262144,4,2.6818,390993738.215,8.000,3.128,PASS,"Adreno (TM) 830"
[bench] width_step 5/5 width=2048 exit_status=0
