b
[GET] VFDP_STALL_CYCLES_VFD_PROG                   group=0x3 selector=21 reg_low=0x1e8 reg_high=0x1e9
[GET] VFDP_STARVE_CYCLES_PC                        group=0x3 selector=22 reg_low=0x1e6 reg_high=0x1e7
[GET] VFDP_VS_STAGE_WAVES                          group=0x3 selector=23 reg_low=0x1e4 reg_high=0x1e5
[bench] command: /data/local/tmp/jerry_work/ml_primitives/ml_primitive_bench --op softmax --variant fused_lmem --spv /data/local/tmp/jerry_work/ml_primitives/spv/softmax_fused_lmem.spv --width 1024 --rows 128 --repeats 16 --csv
[bench] bursts: 3
[bench] burst_sleep_s: 0.200000
[bench] burst 1/3 start
op,variant,width,rows,elements,repeats,elapsed_ms,elements_per_s,estimated_bytes_per_element,estimated_bandwidth_GBps,verify,device
softmax,fused_lmem,1024,128,131072,16,3.0884,679033220.029,8.000,5.432,PASS,"Adreno (TM) 830"
[bench] burst 1/3 exit_status=0
[bench] sleeping 0.200000 s before next burst
[bench] burst 2/3 start
op,variant,width,rows,elements,repeats,elapsed_ms,elements_per_s,estimated_bytes_per_element,estimated_bandwidth_GBps,verify,device
softmax,fused_lmem,1024,128,131072,16,1.1192,1873763758.478,8.000,14.990,PASS,"Adreno (TM) 830"
[bench] burst 2/3 exit_status=0
[bench] sleeping 0.200000 s before next burst
[bench] burst 3/3 start
op,variant,width,rows,elements,repeats,elapsed_ms,elements_per_s,estimated_bytes_per_element,estimated_bandwidth_GBps,verify,device
softmax,fused_lmem,1024,128,131072,16,1.7039,1230828463.002,8.000,9.847,PASS,"Adreno (TM) 830"
[bench] burst 3/3 exit_status=0
