tered index 108
[GET] TSE_EDGE_SETUP_IMUL_WORKING_CYCLE_L2         group=0x6 selector=108 reg_low=0x21c reg_high=0x21d
[GET] TSE_RAS_INTF_WORKING_CYCLE_L1                group=0x6 selector=109 reg_low=0x21a reg_high=0x21b
[GET] TSE_LRZ_Z_INTF_WORKING_CYCLE_L1              group=0x6 selector=110 reg_low=0x218 reg_high=0x219
[GET] TSE_LRZ_BARY_INTF_WORKING_CYCLE_L1           group=0x6 selector=111 reg_low=0x216 reg_high=0x217
[bench] command: /data/local/tmp/jerry_work/ml_primitives/ml_primitive_bench --op softmax --variant fused_lmem --spv /data/local/tmp/jerry_work/ml_primitives/spv/softmax_fused_lmem.spv --width 1024 --rows 128 --repeats 16 --csv
[bench] bursts: 3
[bench] burst_sleep_s: 0.200000
[bench] burst 1/3 start
op,variant,width,rows,elements,repeats,elapsed_ms,elements_per_s,estimated_bytes_per_element,estimated_bandwidth_GBps,verify,device
softmax,fused_lmem,1024,128,131072,16,1.4428,1453517159.547,8.000,11.628,PASS,"Adreno (TM) 830"
[bench] burst 1/3 exit_status=0
[bench] sleeping 0.200000 s before next burst
[bench] burst 2/3 start
op,variant,width,rows,elements,repeats,elapsed_ms,elements_per_s,estimated_bytes_per_element,estimated_bandwidth_GBps,verify,device
softmax,fused_lmem,1024,128,131072,16,1.2919,1623339719.400,8.000,12.987,PASS,"Adreno (TM) 830"
[bench] burst 2/3 exit_status=0
[bench] sleeping 0.200000 s before next burst
[bench] burst 3/3 start
op,variant,width,rows,elements,repeats,elapsed_ms,elements_per_s,estimated_bytes_per_element,estimated_bandwidth_GBps,verify,device
softmax,fused_lmem,1024,128,131072,16,1.1115,1886847726.140,8.000,15.095,PASS,"Adreno (TM) 830"
[bench] burst 3/3 exit_status=0
