mp/jerry_work/perfcounter_sweeps/sweep_20260625_130734/07_TSE/TSE_chunk002.csv (4 active counters, 1310 rows)
[chunk] TSE chunk 3 starting at enum-filtered index 8
[GET] TSE_BE_INPUT_NULL_PRIM                       group=0x6 selector=8 reg_low=0x21c reg_high=0x21d
[GET] TSE_BE_TRIVAL_REJ_PRIM                       group=0x6 selector=9 reg_low=0x21a reg_high=0x21b
[GET] TSE_BE_CLIPPED_PRIM                          group=0x6 selector=10 reg_low=0x218 reg_high=0x219
[GET] TSE_BE_ZERO_AREA_PRIM                        group=0x6 selector=11 reg_low=0x216 reg_high=0x217
[bench] command: /data/local/tmp/jerry_work/ml_primitives/ml_primitive_bench --op softmax --variant fused_lmem --spv /data/local/tmp/jerry_work/ml_primitives/spv/softmax_fused_lmem.spv --width 1024 --rows 128 --repeats 16 --csv
[bench] bursts: 3
[bench] burst_sleep_s: 0.200000
[bench] burst 1/3 start
op,variant,width,rows,elements,repeats,elapsed_ms,elements_per_s,estimated_bytes_per_element,estimated_bandwidth_GBps,verify,device
softmax,fused_lmem,1024,128,131072,16,1.4640,1432521971.259,8.000,11.460,PASS,"Adreno (TM) 830"
[bench] burst 1/3 exit_status=0
[bench] sleeping 0.200000 s before next burst
[bench] burst 2/3 start
op,variant,width,rows,elements,repeats,elapsed_ms,elements_per_s,estimated_bytes_per_element,estimated_bandwidth_GBps,verify,device
softmax,fused_lmem,1024,128,131072,16,1.3176,1591640583.969,8.000,12.733,PASS,"Adreno (TM) 830"
[bench] burst 2/3 exit_status=0
[bench] sleeping 0.200000 s before next burst
[bench] burst 3/3 start
op,variant,width,rows,elements,repeats,elapsed_ms,elements_per_s,estimated_bytes_per_element,estimated_bandwidth_GBps,verify,device
softmax,fused_lmem,1024,128,131072,16,1.1808,1775993726.463,8.000,14.208,PASS,"Adreno (TM) 830"
[bench] burst 3/3 exit_status=0
