ves/spv/softmax_fused_lmem.spv --width 1024 --rows 128 --repeats 16 --csv
[bench] log=/data/local/tmp/jerry_work/perfcounter_sweeps/sweep_20260625_130734/07_TSE/TSE_chunk019_benchmark.log
[chunk] saved /data/local/tmp/jerry_work/perfcounter_sweeps/sweep_20260625_130734/07_TSE/TSE_chunk019.csv (4 active counters, 1312 rows)
[chunk] TSE chunk 20 starting at enum-filtered index 76
[GET] TSE_CLIP_VP_FMUL_4_WORKING_CYCLE_L3          group=0x6 selector=76 reg_low=0x21c reg_high=0x21d
[GET] TSE_CLIP_VP_FMUL_5_WORKING_CYCLE_L3          group=0x6 selector=77 reg_low=0x21a reg_high=0x21b
[GET] TSE_CLIP_VP_FADD_WORKING_CYCLE_L2            group=0x6 selector=78 reg_low=0x218 reg_high=0x219
[GET] TSE_CLIP_VP_FADD_0_WORKING_CYCLE_L3          group=0x6 selector=79 reg_low=0x216 reg_high=0x217
[bench] pid=8622 bursts=3 burst_sleep=0.200000 cmd=/data/local/tmp/jerry_work/ml_primitives/ml_primitive_bench --op softmax --variant fused_lmem --spv /data/local/tmp/jerry_work/ml_primitives/spv/softmax_fused_lmem.spv --width 1024 --rows 128 --repeats 16 --csv
[bench] log=/data/local/tmp/jerry_work/perfcounter_sweeps/sweep_20260625_130734/07_TSE/TSE_chunk020_benchmark.log
[chunk] saved /data/local/tmp/jerry_work/perfcounter_sweeps/sweep_20260625_130734/07_TSE/TSE_chunk020.csv (4 active counters, 1314 rows)
[chunk] TSE chunk 21 starting at enum-filtered index 80
[GET] TSE_CLIP_VP_FADD_1_WORKING_CYCLE_L3          group=0x6 selector=80 reg_low=0x21c reg_high=0x21d
[GET] TSE_CLIP_VP_FADD_2_WORKING_CYCLE_L3          group=0x6 selector=81 reg_low=0x21a reg_high=0x21b
[GET] TSE_CLIP_VP_RCP_WORKING_CYCLE_L2             group=0x6 selector=82 reg_low=0x218 reg_high=0x219
[GET] TSE_VP_TRANSFORM_WORKING_CYCLE_L1            group=0x6 selector=83 reg_low=0x216 reg_high=0x217
[bench] pid=8626 bursts=3 burst_sleep=0.200000 cmd=/data/local/tmp/jerry_work/ml_primitives/ml_primitive_bench --op softmax --variant fused_lmem --spv /data/local/tmp/jerry_work/ml_primitives/spv/softmax_fused_lmem.spv --width 1024 --rows 128 --repeats 16 --csv
[bench] log=/data/local/tmp/jerry_work/perfcounter_sweeps/sweep_20260625_130734/07_TSE/TSE_chunk021_benchmark.log
[chunk] saved /data/local/tmp/jerry_work/perfcounter_sweeps/sweep_20260625_130734/07_TSE/TSE_chunk021.csv (4 active counters, 1321 rows)
[chunk] TSE chunk 22 starting at enum-filtered index 84
[GET] TSE_VP0_TRANSFORM_WORKING_CYCLE_L2           group=0x6 selector=84 reg_low=0x21c reg_high=0x21d
[GET] TSE_VP1_TRANSFORM_WORKING_CYCLE_L2           group=0x6 selector=85 reg_low=0x21a reg_high=0x21b
[GET] TSE_VP2_TRANSFORM_WORKING_CYCLE_L2           group=0x6 selector=86 reg_low=0x218 reg_high=0x219
[GET] TSE_VERTEX_GEN_WORKING_CYCLE_L1              group=0x6 selector=87 reg_low=0x216 reg_high=0x217
[bench] command: /data/local/tmp/jerry_work/ml_primitives/ml_primitive_bench --op softmax --variant fused_lmem --spv /data/local/tmp/jerry_work/ml_primitives/spv/softmax_fused_lmem.spv --width 1024 --rows 128 --repeats 16 --csv
[bench] bursts: 3
[bench] burst_sleep_s: 0.200000
[bench] burst 1/3 start
op,variant,width,rows,elements,repeats,elapsed_ms,elements_per_s,estimated_bytes_per_element,estimated_bandwidth_GBps,verify,device
softmax,fused_lmem,1024,128,131072,16,3.2800,639375609.756,8.000,5.115,PASS,"Adreno (TM) 830"
[bench] burst 1/3 exit_status=0
[bench] sleeping 0.200000 s before next burst
[bench] burst 2/3 start
op,variant,width,rows,elements,repeats,elapsed_ms,elements_per_s,estimated_bytes_per_element,estimated_bandwidth_GBps,verify,device
softmax,fused_lmem,1024,128,131072,16,1.3334,1572741719.331,8.000,12.582,PASS,"Adreno (TM) 830"
[bench] burst 2/3 exit_status=0
[bench] sleeping 0.200000 s before next burst
[bench] burst 3/3 start
op,variant,width,rows,elements,repeats,elapsed_ms,elements_per_s,estimated_bytes_per_element,estimated_bandwidth_GBps,verify,device
softmax,fused_lmem,1024,128,131072,16,1.1302,1855630550.119,8.000,14.845,PASS,"Adreno (TM) 830"
[bench] burst 3/3 exit_status=0
