g_low=0x272 reg_high=0x273
[GET] SP_UCHE_READ_TRANS                           group=0xa selector=46 reg_low=0x270 reg_high=0x271
[GET] SP_UCHE_WRITE_TRANS                          group=0xa selector=47 reg_low=0x26e reg_high=0x26f
[bench] pid=8987 width_count=5 width_sleep=0.100000 cmd_base=/data/local/tmp/jerry_work/ml_primitives/ml_primitive_bench --op softmax --variant fused_lmem --spv /data/local/tmp/jerry_work/ml_primitives/spv/softmax_fused_lmem.spv --rows 128 --repeats 4 --csv
[bench] widths: 128 256 512 1024 2048
[bench] log=/data/local/tmp/jerry_work/perfcounter_sweeps/sweep_20260625_152944/11_SP/SP_chunk002_benchmark.log
[chunk] saved /data/local/tmp/jerry_work/perfcounter_sweeps/sweep_20260625_152944/11_SP/SP_chunk002.csv (24 active counters, 2391 rows)
[chunk] SP chunk 3 starting at enum-filtered index 48
[GET] SP_EXPORT_VPC_TRANS                          group=0xa selector=48 reg_low=0x29c reg_high=0x29d
[GET] SP_EXPORT_RB_TRANS                           group=0xa selector=49 reg_low=0x29a reg_high=0x29b
[GET] SP_PIXELS_KILLED                             group=0xa selector=50 reg_low=0x298 reg_high=0x299
[GET] SP_ICL1_REQUESTS                             group=0xa selector=51 reg_low=0x296 reg_high=0x297
[GET] SP_ICL1_MISSES                               group=0xa selector=52 reg_low=0x294 reg_high=0x295
[GET] SP_HS_INSTRUCTIONS                           group=0xa selector=53 reg_low=0x292 reg_high=0x293
[GET] SP_DS_INSTRUCTIONS                           group=0xa selector=54 reg_low=0x290 reg_high=0x291
[GET] SP_GS_INSTRUCTIONS                           group=0xa selector=55 reg_low=0x28e reg_high=0x28f
[GET] SP_CS_INSTRUCTIONS                           group=0xa selector=56 reg_low=0x28c reg_high=0x28d
[GET] SP_GPR_READ                                  group=0xa selector=57 reg_low=0x28a reg_high=0x28b
[GET] SP_GPR_WRITE                                 group=0xa selector=58 reg_low=0x288 reg_high=0x289
[GET] SP_FS_STAGE_HALF_EFU_INSTRUCTIONS            group=0xa selector=59 reg_low=0x286 reg_high=0x287
[GET] SP_VS_STAGE_HALF_EFU_INSTRUCTIONS            group=0xa selector=60 reg_low=0x284 reg_high=0x285
[GET] SP_LM_BANK_CONFLICTS                         group=0xa selector=61 reg_low=0x282 reg_high=0x283
[GET] SP_TEX_CONTROL_WORKING_CYCLES                group=0xa selector=62 reg_low=0x280 reg_high=0x281
[GET] SP_LOAD_CONTROL_WORKING_CYCLES               group=0xa selector=63 reg_low=0x27e reg_high=0x27f
[GET] SP_FLOW_CONTROL_WORKING_CYCLES               group=0xa selector=64 reg_low=0x27c reg_high=0x27d
[GET] SP_LM_WORKING_CYCLES                         group=0xa selector=65 reg_low=0x27a reg_high=0x27b
[GET] SP_DISPATCHER_WORKING_CYCLES                 group=0xa selector=66 reg_low=0x278 reg_high=0x279
[GET] SP_SEQUENCER_WORKING_CYCLES                  group=0xa selector=67 reg_low=0x276 reg_high=0x277
[GET] SP_LOW_EFFICIENCY_STARVED_BY_TP              group=0xa selector=68 reg_low=0x274 reg_high=0x275
[GET] SP_STARVE_CYCLES_HLSQ                        group=0xa selector=69 reg_low=0x272 reg_high=0x273
[GET] SP_NON_EXECUTION_LS_CYCLES                   group=0xa selector=70 reg_low=0x270 reg_high=0x271
[GET] SP_WORKING_EU                                group=0xa selector=71 reg_low=0x26e reg_high=0x26f
[bench] command_base: /data/local/tmp/jerry_work/ml_primitives/ml_primitive_bench --op softmax --variant fused_lmem --spv /data/local/tmp/jerry_work/ml_primitives/spv/softmax_fused_lmem.spv --rows 128 --repeats 4 --csv
[bench] bursts: 1
[bench] burst_sleep_s: 0.000000
[bench] width_count: 5
[bench] width_sleep_s: 0.100000
[bench] widths: 128 256 512 1024 2048
[bench] width_step 1/5 width=128 start
[bench] width_step_cmd: /data/local/tmp/jerry_work/ml_primitives/ml_primitive_bench --op softmax --variant fused_lmem --spv /data/local/tmp/jerry_work/ml_primitives/spv/softmax_fused_lmem.spv --rows 128 --repeats 4 --csv --width 128
op,variant,width,rows,elements,repeats,elapsed_ms,elements_per_s,estimated_bytes_per_element,estimated_bandwidth_GBps,verify,device
softmax,fused_lmem,128,128,16384,4,1.0631,61647694.937,8.000,0.493,PASS,"Adreno (TM) 830"
[bench] width_step 1/5 width=128 exit_status=0
[bench] sleeping 0.100000 s before next width
[bench] width_step 2/5 width=256 start
[bench] width_step_cmd: /data/local/tmp/jerry_work/ml_primitives/ml_primitive_bench --op softmax --variant fused_lmem --spv /data/local/tmp/jerry_work/ml_primitives/spv/softmax_fused_lmem.spv --rows 128 --repeats 4 --csv --width 256
op,variant,width,rows,elements,repeats,elapsed_ms,elements_per_s,estimated_bytes_per_element,estimated_bandwidth_GBps,verify,device
softmax,fused_lmem,256,128,32768,4,0.8183,160179693.773,8.000,1.281,PASS,"Adreno (TM) 830"
[bench] width_step 2/5 width=256 exit_status=0
[bench] sleeping 0.100000 s before next width
[bench] width_step 3/5 width=512 start
[bench] width_step_cmd: /data/local/tmp/jerry_work/ml_primitives/ml_primitive_bench --op softmax --variant fused_lmem --spv /data/local/tmp/jerry_work/ml_primitives/spv/softmax_fused_lmem.spv --rows 128 --repeats 4 --csv --width 512
op,variant,width,rows,elements,repeats,elapsed_ms,elements_per_s,estimated_bytes_per_element,estimated_bandwidth_GBps,verify,device
softmax,fused_lmem,512,128,65536,4,0.6942,377638778.044,8.000,3.021,PASS,"Adreno (TM) 830"
[bench] width_step 3/5 width=512 exit_status=0
[bench] sleeping 0.100000 s before next width
[bench] width_step 4/5 width=1024 start
[bench] width_step_cmd: /data/local/tmp/jerry_work/ml_primitives/ml_primitive_bench --op softmax --variant fused_lmem --spv /data/local/tmp/jerry_work/ml_primitives/spv/softmax_fused_lmem.spv --rows 128 --repeats 4 --csv --width 1024
op,variant,width,rows,elements,repeats,elapsed_ms,elements_per_s,estimated_bytes_per_element,estimated_bandwidth_GBps,verify,device
softmax,fused_lmem,1024,128,131072,4,0.6914,758292522.772,8.000,6.066,PASS,"Adreno (TM) 830"
[bench] width_step 4/5 width=1024 exit_status=0
[bench] sleeping 0.100000 s before next width
[bench] width_step 5/5 width=2048 start
[bench] width_step_cmd: /data/local/tmp/jerry_work/ml_primitives/ml_primitive_bench --op softmax --variant fused_lmem --spv /data/local/tmp/jerry_work/ml_primitives/spv/softmax_fused_lmem.spv --rows 128 --repeats 4 --csv --width 2048
op,variant,width,rows,elements,repeats,elapsed_ms,elements_per_s,estimated_bytes_per_element,estimated_bandwidth_GBps,verify,device
softmax,fused_lmem,2048,128,262144,4,0.7041,1489323383.452,8.000,11.915,PASS,"Adreno (TM) 830"
[bench] width_step 5/5 width=2048 exit_status=0
