log
[chunk] saved /data/local/tmp/jerry_work/perfcounter_sweeps/sweep_20260625_174559/03_PC/PC_chunk007.csv (8 active counters, 2512 rows)
[chunk] PC chunk 8 starting at enum-filtered index 56
[GET] PC_RESERVED_56                               group=0x2 selector=56 reg_low=0x1e2 reg_high=0x1e3
[GET] PC_RESERVED_57                               group=0x2 selector=57 reg_low=0x1e0 reg_high=0x1e1
[GET] PC_RESERVED_58                               group=0x2 selector=58 reg_low=0x1de reg_high=0x1df
[GET] PC_RESERVED_59                               group=0x2 selector=59 reg_low=0x1dc reg_high=0x1dd
[GET] PC_S_BUSY_CYCLES                             group=0x2 selector=60 reg_low=0x1da reg_high=0x1db
[GET] PC_S_WORKING_CYCLES                          group=0x2 selector=61 reg_low=0x1d8 reg_high=0x1d9
[GET] PC_S_STALL_CYCLES_VFD                        group=0x2 selector=62 reg_low=0x1d6 reg_high=0x1d7
[GET] PC_S_STALL_CYCLES_VPC_FE                     group=0x2 selector=63 reg_low=0x1d4 reg_high=0x1d5
[bench] pid=8296 width_count=5 width_sleep=0.100000 cmd_base=/data/local/tmp/jerry_work/ml_primitives/ml_primitive_bench --op softmax --variant fused_lmem --spv /data/local/tmp/jerry_work/ml_primitives/spv/softmax_fused_lmem.spv --rows 128 --repeats 4 --csv
[bench] widths: 128 256 512 1024 2048
[bench] log=/data/local/tmp/jerry_work/perfcounter_sweeps/sweep_20260625_174559/03_PC/PC_chunk008_benchmark.log
[chunk] saved /data/local/tmp/jerry_work/perfcounter_sweeps/sweep_20260625_174559/03_PC/PC_chunk008.csv (8 active counters, 2531 rows)
[chunk] PC chunk 9 starting at enum-filtered index 64
[GET] PC_S_STALL_CYCLES_TESS                       group=0x2 selector=64 reg_low=0x1e2 reg_high=0x1e3
[GET] PC_S_STALL_CYCLES_VFD_ONLY                   group=0x2 selector=65 reg_low=0x1e0 reg_high=0x1e1
[GET] PC_S_STALL_CYCLES_VPC_ONLY                   group=0x2 selector=66 reg_low=0x1de reg_high=0x1df
[GET] PC_S_VPC_PRIMITIVES                          group=0x2 selector=67 reg_low=0x1dc reg_high=0x1dd
[GET] PC_S_VERTEX_HITS                             group=0x2 selector=68 reg_low=0x1da reg_high=0x1db
[GET] PC_S_IA_VERTICES                             group=0x2 selector=69 reg_low=0x1d8 reg_high=0x1d9
[GET] PC_S_IA_PRIMITIVES                           group=0x2 selector=70 reg_low=0x1d6 reg_high=0x1d7
[GET] PC_S_HS_INVOCATIONS                          group=0x2 selector=71 reg_low=0x1d4 reg_high=0x1d5
[bench] pid=8306 width_count=5 width_sleep=0.100000 cmd_base=/data/local/tmp/jerry_work/ml_primitives/ml_primitive_bench --op softmax --variant fused_lmem --spv /data/local/tmp/jerry_work/ml_primitives/spv/softmax_fused_lmem.spv --rows 128 --repeats 4 --csv
[bench] widths: 128 256 512 1024 2048
[bench] log=/data/local/tmp/jerry_work/perfcounter_sweeps/sweep_20260625_174559/03_PC/PC_chunk009_benchmark.log
[chunk] saved /data/local/tmp/jerry_work/perfcounter_sweeps/sweep_20260625_174559/03_PC/PC_chunk009.csv (8 active counters, 2508 rows)
[chunk] PC chunk 10 starting at enum-filtered index 72
[GET] PC_S_DS_INVOCATIONS                          group=0x2 selector=72 reg_low=0x1e2 reg_high=0x1e3
[GET] PC_S_VS_INVOCATIONS                          group=0x2 selector=73 reg_low=0x1e0 reg_high=0x1e1
[GET] PC_S_GS_INVOCATIONS                          group=0x2 selector=74 reg_low=0x1de reg_high=0x1df
[GET] PC_S_DS_PRIMITIVES                           group=0x2 selector=75 reg_low=0x1dc reg_high=0x1dd
[GET] PC_S_TESS_BUSY_CYCLES                        group=0x2 selector=76 reg_low=0x1da reg_high=0x1db
[GET] PC_S_TESS_WORKING_CYCLES                     group=0x2 selector=77 reg_low=0x1d8 reg_high=0x1d9
[GET] PC_S_TESS_STALL_CYCLES_PC                    group=0x2 selector=78 reg_low=0x1d6 reg_high=0x1d7
[GET] PC_S_TESS_STARVE_CYCLES_PC                   group=0x2 selector=79 reg_low=0x1d4 reg_high=0x1d5
[bench] command_base: /data/local/tmp/jerry_work/ml_primitives/ml_primitive_bench --op softmax --variant fused_lmem --spv /data/local/tmp/jerry_work/ml_primitives/spv/softmax_fused_lmem.spv --rows 128 --repeats 4 --csv
[bench] bursts: 1
[bench] burst_sleep_s: 0.000000
[bench] width_count: 5
[bench] width_sleep_s: 0.100000
[bench] widths: 128 256 512 1024 2048
[bench] width_step 1/5 width=128 start
[bench] width_step_cmd: /data/local/tmp/jerry_work/ml_primitives/ml_primitive_bench --op softmax --variant fused_lmem --spv /data/local/tmp/jerry_work/ml_primitives/spv/softmax_fused_lmem.spv --rows 128 --repeats 4 --csv --width 128
op,variant,width,rows,elements,repeats,elapsed_ms,elements_per_s,estimated_bytes_per_element,estimated_bandwidth_GBps,verify,device
softmax,fused_lmem,128,128,16384,4,3.4917,18769263.727,8.000,0.150,PASS,"Adreno (TM) 830"
[bench] width_step 1/5 width=128 exit_status=0
[bench] sleeping 0.100000 s before next width
[bench] width_step 2/5 width=256 start
[bench] width_step_cmd: /data/local/tmp/jerry_work/ml_primitives/ml_primitive_bench --op softmax --variant fused_lmem --spv /data/local/tmp/jerry_work/ml_primitives/spv/softmax_fused_lmem.spv --rows 128 --repeats 4 --csv --width 256
op,variant,width,rows,elements,repeats,elapsed_ms,elements_per_s,estimated_bytes_per_element,estimated_bandwidth_GBps,verify,device
softmax,fused_lmem,256,128,32768,4,0.7119,184122212.467,8.000,1.473,PASS,"Adreno (TM) 830"
[bench] width_step 2/5 width=256 exit_status=0
[bench] sleeping 0.100000 s before next width
[bench] width_step 3/5 width=512 start
[bench] width_step_cmd: /data/local/tmp/jerry_work/ml_primitives/ml_primitive_bench --op softmax --variant fused_lmem --spv /data/local/tmp/jerry_work/ml_primitives/spv/softmax_fused_lmem.spv --rows 128 --repeats 4 --csv --width 512
op,variant,width,rows,elements,repeats,elapsed_ms,elements_per_s,estimated_bytes_per_element,estimated_bandwidth_GBps,verify,device
softmax,fused_lmem,512,128,65536,4,0.6005,436527615.187,8.000,3.492,PASS,"Adreno (TM) 830"
[bench] width_step 3/5 width=512 exit_status=0
[bench] sleeping 0.100000 s before next width
[bench] width_step 4/5 width=1024 start
[bench] width_step_cmd: /data/local/tmp/jerry_work/ml_primitives/ml_primitive_bench --op softmax --variant fused_lmem --spv /data/local/tmp/jerry_work/ml_primitives/spv/softmax_fused_lmem.spv --rows 128 --repeats 4 --csv --width 1024
op,variant,width,rows,elements,repeats,elapsed_ms,elements_per_s,estimated_bytes_per_element,estimated_bandwidth_GBps,verify,device
softmax,fused_lmem,1024,128,131072,4,0.5394,972028736.964,8.000,7.776,PASS,"Adreno (TM) 830"
[bench] width_step 4/5 width=1024 exit_status=0
[bench] sleeping 0.100000 s before next width
[bench] width_step 5/5 width=2048 start
[bench] width_step_cmd: /data/local/tmp/jerry_work/ml_primitives/ml_primitive_bench --op softmax --variant fused_lmem --spv /data/local/tmp/jerry_work/ml_primitives/spv/softmax_fused_lmem.spv --rows 128 --repeats 4 --csv --width 2048
op,variant,width,rows,elements,repeats,elapsed_ms,elements_per_s,estimated_bytes_per_element,estimated_bandwidth_GBps,verify,device
softmax,fused_lmem,2048,128,262144,4,0.8573,1223051657.211,8.000,9.784,PASS,"Adreno (TM) 830"
[bench] width_step 5/5 width=2048 exit_status=0
