ench] log=/data/local/tmp/jerry_work/perfcounter_sweeps/sweep_20260625_130734/12_RB/RB_chunk006_benchmark.log
[chunk] saved /data/local/tmp/jerry_work/perfcounter_sweeps/sweep_20260625_130734/12_RB/RB_chunk006.csv (8 active counters, 1305 rows)
[chunk] RB chunk 7 starting at enum-filtered index 48
[GET] RB_VRS_4X2_QUADS                             group=0xb selector=48 reg_low=0x2ac reg_high=0x2ad
[GET] RB_VRS_4X4_QUADS                             group=0xb selector=49 reg_low=0x2aa reg_high=0x2ab
[GET] RB_STALL_CYCLES_HLSQ_INFO                    group=0xb selector=50 reg_low=0x2a8 reg_high=0x2a9
[GET] RB_HLSQ_ACTIVE_INFO                          group=0xb selector=51 reg_low=0x2a6 reg_high=0x2a7
[GET] RB_STALL_CYCLES_HLSQ_ATTR                    group=0xb selector=52 reg_low=0x2a4 reg_high=0x2a5
[GET] RB_HLSQ_ACTIVE_ATTR                          group=0xb selector=53 reg_low=0x2a2 reg_high=0x2a3
[GET] RB_STALL_CYCLES_ZMODE_SWITCH                 group=0xb selector=54 reg_low=0x2a0 reg_high=0x2a1
[GET] RB_TOTAL_PASS_PIXELS                         group=0xb selector=55 reg_low=0x29e reg_high=0x29f
[bench] command: /data/local/tmp/jerry_work/ml_primitives/ml_primitive_bench --op softmax --variant fused_lmem --spv /data/local/tmp/jerry_work/ml_primitives/spv/softmax_fused_lmem.spv --width 1024 --rows 128 --repeats 16 --csv
[bench] bursts: 3
[bench] burst_sleep_s: 0.200000
[bench] burst 1/3 start
op,variant,width,rows,elements,repeats,elapsed_ms,elements_per_s,estimated_bytes_per_element,estimated_bandwidth_GBps,verify,device
softmax,fused_lmem,1024,128,131072,16,1.4595,1436866063.916,8.000,11.495,PASS,"Adreno (TM) 830"
[bench] burst 1/3 exit_status=0
[bench] sleeping 0.200000 s before next burst
[bench] burst 2/3 start
op,variant,width,rows,elements,repeats,elapsed_ms,elements_per_s,estimated_bytes_per_element,estimated_bandwidth_GBps,verify,device
softmax,fused_lmem,1024,128,131072,16,1.3339,1572250036.361,8.000,12.578,PASS,"Adreno (TM) 830"
[bench] burst 2/3 exit_status=0
[bench] sleeping 0.200000 s before next burst
[bench] burst 3/3 start
op,variant,width,rows,elements,repeats,elapsed_ms,elements_per_s,estimated_bytes_per_element,estimated_bandwidth_GBps,verify,device
softmax,fused_lmem,1024,128,131072,16,1.3191,1589817415.464,8.000,12.719,PASS,"Adreno (TM) 830"
[bench] burst 3/3 exit_status=0
