/local/tmp/jerry_work/perfcounter_sweeps/sweep_20260625_130734/11_SP/SP_chunk009.csv (13 active counters, 1275 rows)

[group] RB: total selected counters=56, physical slots=8
[chunk] RB chunk 1 starting at enum-filtered index 0
[GET] RB_NEVER_COUNT                               group=0xb selector=0 reg_low=0x2ac reg_high=0x2ad
[GET] RB_BUSY_CYCLES                               group=0xb selector=1 reg_low=0x2aa reg_high=0x2ab
[GET] RB_STALL_CYCLES_HLSQ                         group=0xb selector=2 reg_low=0x2a8 reg_high=0x2a9
[GET] RB_STALL_CYCLES_FIFO0_FULL                   group=0xb selector=3 reg_low=0x2a6 reg_high=0x2a7
[GET] RB_STALL_CYCLES_FIFO1_FULL                   group=0xb selector=4 reg_low=0x2a4 reg_high=0x2a5
[GET] RB_STALL_CYCLES_FIFO2_FULL                   group=0xb selector=5 reg_low=0x2a2 reg_high=0x2a3
[GET] RB_STARVE_CYCLES_SP                          group=0xb selector=6 reg_low=0x2a0 reg_high=0x2a1
[GET] RB_STARVE_CYCLES_LRZ_TILE                    group=0xb selector=7 reg_low=0x29e reg_high=0x29f
[bench] pid=8845 bursts=3 burst_sleep=0.200000 cmd=/data/local/tmp/jerry_work/ml_primitives/ml_primitive_bench --op softmax --variant fused_lmem --spv /data/local/tmp/jerry_work/ml_primitives/spv/softmax_fused_lmem.spv --width 1024 --rows 128 --repeats 16 --csv
[bench] log=/data/local/tmp/jerry_work/perfcounter_sweeps/sweep_20260625_130734/12_RB/RB_chunk001_benchmark.log
[chunk] saved /data/local/tmp/jerry_work/perfcounter_sweeps/sweep_20260625_130734/12_RB/RB_chunk001.csv (8 active counters, 1297 rows)
[chunk] RB chunk 2 starting at enum-filtered index 8
[GET] RB_STARVE_CYCLES_CCU                         group=0xb selector=8 reg_low=0x2ac reg_high=0x2ad
[GET] RB_STARVE_CYCLES_Z_PLANE                     group=0xb selector=9 reg_low=0x2aa reg_high=0x2ab
[GET] RB_STARVE_CYCLES_BARY_PLANE                  group=0xb selector=10 reg_low=0x2a8 reg_high=0x2a9
[GET] RB_Z_WORKLOAD                                group=0xb selector=11 reg_low=0x2a6 reg_high=0x2a7
[GET] RB_HLSQ_ACTIVE                               group=0xb selector=12 reg_low=0x2a4 reg_high=0x2a5
[GET] RB_Z_READ                                    group=0xb selector=13 reg_low=0x2a2 reg_high=0x2a3
[GET] RB_Z_WRITE                                   group=0xb selector=14 reg_low=0x2a0 reg_high=0x2a1
[GET] RB_C_READ                                    group=0xb selector=15 reg_low=0x29e reg_high=0x29f
[bench] pid=8849 bursts=3 burst_sleep=0.200000 cmd=/data/local/tmp/jerry_work/ml_primitives/ml_primitive_bench --op softmax --variant fused_lmem --spv /data/local/tmp/jerry_work/ml_primitives/spv/softmax_fused_lmem.spv --width 1024 --rows 128 --repeats 16 --csv
[bench] log=/data/local/tmp/jerry_work/perfcounter_sweeps/sweep_20260625_130734/12_RB/RB_chunk002_benchmark.log
[chunk] saved /data/local/tmp/jerry_work/perfcounter_sweeps/sweep_20260625_130734/12_RB/RB_chunk002.csv (8 active counters, 1295 rows)
[chunk] RB chunk 3 starting at enum-filtered index 16
[GET] RB_C_WRITE                                   group=0xb selector=16 reg_low=0x2ac reg_high=0x2ad
[GET] RB_TOTAL_PASS                                group=0xb selector=17 reg_low=0x2aa reg_high=0x2ab
[GET] RB_Z_PASS                                    group=0xb selector=18 reg_low=0x2a8 reg_high=0x2a9
[GET] RB_Z_FAIL                                    group=0xb selector=19 reg_low=0x2a6 reg_high=0x2a7
[GET] RB_S_FAIL                                    group=0xb selector=20 reg_low=0x2a4 reg_high=0x2a5
[GET] RB_BLENDED_FXP_COMPONENTS                    group=0xb selector=21 reg_low=0x2a2 reg_high=0x2a3
[GET] RB_BLENDED_FP16_COMPONENTS                   group=0xb selector=22 reg_low=0x2a0 reg_high=0x2a1
[GET] RB_PS_INVOCATIONS                            group=0xb selector=23 reg_low=0x29e reg_high=0x29f
[bench] command: /data/local/tmp/jerry_work/ml_primitives/ml_primitive_bench --op softmax --variant fused_lmem --spv /data/local/tmp/jerry_work/ml_primitives/spv/softmax_fused_lmem.spv --width 1024 --rows 128 --repeats 16 --csv
[bench] bursts: 3
[bench] burst_sleep_s: 0.200000
[bench] burst 1/3 start
op,variant,width,rows,elements,repeats,elapsed_ms,elements_per_s,estimated_bytes_per_element,estimated_bandwidth_GBps,verify,device
softmax,fused_lmem,1024,128,131072,16,1.4276,1469054717.446,8.000,11.752,PASS,"Adreno (TM) 830"
[bench] burst 1/3 exit_status=0
[bench] sleeping 0.200000 s before next burst
[bench] burst 2/3 start
op,variant,width,rows,elements,repeats,elapsed_ms,elements_per_s,estimated_bytes_per_element,estimated_bandwidth_GBps,verify,device
softmax,fused_lmem,1024,128,131072,16,1.1273,1860259157.808,8.000,14.882,PASS,"Adreno (TM) 830"
[bench] burst 2/3 exit_status=0
[bench] sleeping 0.200000 s before next burst
[bench] burst 3/3 start
op,variant,width,rows,elements,repeats,elapsed_ms,elements_per_s,estimated_bytes_per_element,estimated_bandwidth_GBps,verify,device
softmax,fused_lmem,1024,128,131072,16,1.3477,1556086662.625,8.000,12.449,PASS,"Adreno (TM) 830"
[bench] burst 3/3 exit_status=0
