counter_sweeps/sweep_20260625_130734/12_RB/RB_chunk003_benchmark.log
[chunk] saved /data/local/tmp/jerry_work/perfcounter_sweeps/sweep_20260625_130734/12_RB/RB_chunk003.csv (8 active counters, 1304 rows)
[chunk] RB chunk 4 starting at enum-filtered index 24
[GET] RB_2D_ALIVE_CYCLES                           group=0xb selector=24 reg_low=0x2ac reg_high=0x2ad
[GET] RB_2D_STARVE_CYCLES_SP                       group=0xb selector=25 reg_low=0x2aa reg_high=0x2ab
[GET] RB_2D_VALID_PIXELS                           group=0xb selector=26 reg_low=0x2a8 reg_high=0x2a9
[GET] RB_3D_PIXELS                                 group=0xb selector=27 reg_low=0x2a6 reg_high=0x2a7
[GET] RB_BLENDER_WORKING_CYCLES                    group=0xb selector=28 reg_low=0x2a4 reg_high=0x2a5
[GET] RB_ZPROC_WORKING_CYCLES                      group=0xb selector=29 reg_low=0x2a2 reg_high=0x2a3
[GET] RB_CPROC_WORKING_CYCLES                      group=0xb selector=30 reg_low=0x2a0 reg_high=0x2a1
[GET] RB_SAMPLER_WORKING_CYCLES                    group=0xb selector=31 reg_low=0x29e reg_high=0x29f
[bench] command: /data/local/tmp/jerry_work/ml_primitives/ml_primitive_bench --op softmax --variant fused_lmem --spv /data/local/tmp/jerry_work/ml_primitives/spv/softmax_fused_lmem.spv --width 1024 --rows 128 --repeats 16 --csv
[bench] bursts: 3
[bench] burst_sleep_s: 0.200000
[bench] burst 1/3 start
op,variant,width,rows,elements,repeats,elapsed_ms,elements_per_s,estimated_bytes_per_element,estimated_bandwidth_GBps,verify,device
softmax,fused_lmem,1024,128,131072,16,1.4628,1433643261.305,8.000,11.469,PASS,"Adreno (TM) 830"
[bench] burst 1/3 exit_status=0
[bench] sleeping 0.200000 s before next burst
[bench] burst 2/3 start
op,variant,width,rows,elements,repeats,elapsed_ms,elements_per_s,estimated_bytes_per_element,estimated_bandwidth_GBps,verify,device
softmax,fused_lmem,1024,128,131072,16,1.2017,1745126772.565,8.000,13.961,PASS,"Adreno (TM) 830"
[bench] burst 2/3 exit_status=0
[bench] sleeping 0.200000 s before next burst
[bench] burst 3/3 start
op,variant,width,rows,elements,repeats,elapsed_ms,elements_per_s,estimated_bytes_per_element,estimated_bandwidth_GBps,verify,device
softmax,fused_lmem,1024,128,131072,16,1.8232,1150273396.384,8.000,9.202,PASS,"Adreno (TM) 830"
[bench] burst 3/3 exit_status=0
