igh=0x1e3
[GET] PC_US_VIS_STREAMS_LOADED                     group=0x2 selector=9 reg_low=0x1e0 reg_high=0x1e1
[GET] PC_US_INSTANCES                              group=0x2 selector=10 reg_low=0x1de reg_high=0x1df
[GET] PC_US_DEAD_PRIM                              group=0x2 selector=11 reg_low=0x1dc reg_high=0x1dd
[GET] PC_US_SLICE_LIVE_PRIM                        group=0x2 selector=12 reg_low=0x1da reg_high=0x1db
[GET] PC_US_3D_DRAWCALLS                           group=0x2 selector=13 reg_low=0x1d8 reg_high=0x1d9
[GET] PC_US_2D_DRAWCALLS                           group=0x2 selector=14 reg_low=0x1d6 reg_high=0x1d7
[GET] PC_US_NON_DRAWCALL_GLOBAL_EVENTS             group=0x2 selector=15 reg_low=0x1d4 reg_high=0x1d5
[bench] pid=8277 width_count=5 width_sleep=0.100000 cmd_base=/data/local/tmp/jerry_work/ml_primitives/ml_primitive_bench --op softmax --variant fused_lmem --spv /data/local/tmp/jerry_work/ml_primitives/spv/softmax_fused_lmem.spv --rows 128 --repeats 4 --csv
[bench] widths: 128 256 512 1024 2048
[bench] log=/data/local/tmp/jerry_work/perfcounter_sweeps/sweep_20260625_152944/03_PC/PC_chunk002_benchmark.log
[chunk] saved /data/local/tmp/jerry_work/perfcounter_sweeps/sweep_20260625_152944/03_PC/PC_chunk002.csv (8 active counters, 2532 rows)
[chunk] PC chunk 3 starting at enum-filtered index 16
[GET] PC_US_MESH_DRAWS                             group=0x2 selector=16 reg_low=0x1e2 reg_high=0x1e3
[GET] PC_US_MESH_DEAD_DRAWS                        group=0x2 selector=17 reg_low=0x1e0 reg_high=0x1e1
[GET] PC_US_MESH_MVIS_EN_DRAWS                     group=0x2 selector=18 reg_low=0x1de reg_high=0x1df
[GET] PC_US_MESH_DEAD_PRIM                         group=0x2 selector=19 reg_low=0x1dc reg_high=0x1dd
[GET] PC_US_MESH_LIVE_PRIM                         group=0x2 selector=20 reg_low=0x1da reg_high=0x1db
[GET] PC_US_MESH_PA_EN_PRIM                        group=0x2 selector=21 reg_low=0x1d8 reg_high=0x1d9
[GET] PC_US_STARVE_CYCLES_FOR_MVIS_STREAM          group=0x2 selector=22 reg_low=0x1d6 reg_high=0x1d7
[GET] PC_US_STARVE_CYCLES_PREDRAW                  group=0x2 selector=23 reg_low=0x1d4 reg_high=0x1d5
[bench] pid=8283 width_count=5 width_sleep=0.100000 cmd_base=/data/local/tmp/jerry_work/ml_primitives/ml_primitive_bench --op softmax --variant fused_lmem --spv /data/local/tmp/jerry_work/ml_primitives/spv/softmax_fused_lmem.spv --rows 128 --repeats 4 --csv
[bench] widths: 128 256 512 1024 2048
[bench] log=/data/local/tmp/jerry_work/perfcounter_sweeps/sweep_20260625_152944/03_PC/PC_chunk003_benchmark.log
[chunk] saved /data/local/tmp/jerry_work/perfcounter_sweeps/sweep_20260625_152944/03_PC/PC_chunk003.csv (8 active counters, 2526 rows)
[chunk] PC chunk 4 starting at enum-filtered index 24
[GET] PC_US_STALL_CYCLES_COMPUTE_GFX               group=0x2 selector=24 reg_low=0x1e2 reg_high=0x1e3
[GET] PC_US_STALL_CYCLES_GFX_COMPUTE               group=0x2 selector=25 reg_low=0x1e0 reg_high=0x1e1
[GET] PC_US_PREDRAW_STALLS                         group=0x2 selector=26 reg_low=0x1de reg_high=0x1df
[GET] PC_US_DP0_INPUT_STALLS                       group=0x2 selector=27 reg_low=0x1dc reg_high=0x1dd
[GET] PC_US_DP1_INPUT_STALLS                       group=0x2 selector=28 reg_low=0x1da reg_high=0x1db
[GET] PC_US_BR_STALLS_BV_WORKLOAD                  group=0x2 selector=29 reg_low=0x1d8 reg_high=0x1d9
[GET] PC_US_BV_STALLS_BR_WORKLOAD                  group=0x2 selector=30 reg_low=0x1d6 reg_high=0x1d7
[GET] PC_US_PASSPAIR_STALL                         group=0x2 selector=31 reg_low=0x1d4 reg_high=0x1d5
[bench] command_base: /data/local/tmp/jerry_work/ml_primitives/ml_primitive_bench --op softmax --variant fused_lmem --spv /data/local/tmp/jerry_work/ml_primitives/spv/softmax_fused_lmem.spv --rows 128 --repeats 4 --csv
[bench] bursts: 1
[bench] burst_sleep_s: 0.000000
[bench] width_count: 5
[bench] width_sleep_s: 0.100000
[bench] widths: 128 256 512 1024 2048
[bench] width_step 1/5 width=128 start
[bench] width_step_cmd: /data/local/tmp/jerry_work/ml_primitives/ml_primitive_bench --op softmax --variant fused_lmem --spv /data/local/tmp/jerry_work/ml_primitives/spv/softmax_fused_lmem.spv --rows 128 --repeats 4 --csv --width 128
op,variant,width,rows,elements,repeats,elapsed_ms,elements_per_s,estimated_bytes_per_element,estimated_bandwidth_GBps,verify,device
softmax,fused_lmem,128,128,16384,4,0.8891,73713644.268,8.000,0.590,PASS,"Adreno (TM) 830"
[bench] width_step 1/5 width=128 exit_status=0
[bench] sleeping 0.100000 s before next width
[bench] width_step 2/5 width=256 start
[bench] width_step_cmd: /data/local/tmp/jerry_work/ml_primitives/ml_primitive_bench --op softmax --variant fused_lmem --spv /data/local/tmp/jerry_work/ml_primitives/spv/softmax_fused_lmem.spv --rows 128 --repeats 4 --csv --width 256
op,variant,width,rows,elements,repeats,elapsed_ms,elements_per_s,estimated_bytes_per_element,estimated_bandwidth_GBps,verify,device
softmax,fused_lmem,256,128,32768,4,0.5648,232049911.126,8.000,1.856,PASS,"Adreno (TM) 830"
[bench] width_step 2/5 width=256 exit_status=0
[bench] sleeping 0.100000 s before next width
[bench] width_step 3/5 width=512 start
[bench] width_step_cmd: /data/local/tmp/jerry_work/ml_primitives/ml_primitive_bench --op softmax --variant fused_lmem --spv /data/local/tmp/jerry_work/ml_primitives/spv/softmax_fused_lmem.spv --rows 128 --repeats 4 --csv --width 512
op,variant,width,rows,elements,repeats,elapsed_ms,elements_per_s,estimated_bytes_per_element,estimated_bandwidth_GBps,verify,device
softmax,fused_lmem,512,128,65536,4,2.4287,107936021.687,8.000,0.863,PASS,"Adreno (TM) 830"
[bench] width_step 3/5 width=512 exit_status=0
[bench] sleeping 0.100000 s before next width
[bench] width_step 4/5 width=1024 start
[bench] width_step_cmd: /data/local/tmp/jerry_work/ml_primitives/ml_primitive_bench --op softmax --variant fused_lmem --spv /data/local/tmp/jerry_work/ml_primitives/spv/softmax_fused_lmem.spv --rows 128 --repeats 4 --csv --width 1024
op,variant,width,rows,elements,repeats,elapsed_ms,elements_per_s,estimated_bytes_per_element,estimated_bandwidth_GBps,verify,device
softmax,fused_lmem,1024,128,131072,4,0.6144,853368056.968,8.000,6.827,PASS,"Adreno (TM) 830"
[bench] width_step 4/5 width=1024 exit_status=0
[bench] sleeping 0.100000 s before next width
[bench] width_step 5/5 width=2048 start
[bench] width_step_cmd: /data/local/tmp/jerry_work/ml_primitives/ml_primitive_bench --op softmax --variant fused_lmem --spv /data/local/tmp/jerry_work/ml_primitives/spv/softmax_fused_lmem.spv --rows 128 --repeats 4 --csv --width 2048
op,variant,width,rows,elements,repeats,elapsed_ms,elements_per_s,estimated_bytes_per_element,estimated_bandwidth_GBps,verify,device
softmax,fused_lmem,2048,128,262144,4,0.7559,1387120884.412,8.000,11.097,PASS,"Adreno (TM) 830"
[bench] width_step 5/5 width=2048 exit_status=0
