nk] PC chunk 5 starting at enum-filtered index 32
[GET] PC_US_STALL_CYCLES_UCHE0                     group=0x2 selector=32 reg_low=0x1e2 reg_high=0x1e3
[GET] PC_US_STALL_CYCLES_UCHE1                     group=0x2 selector=33 reg_low=0x1e0 reg_high=0x1e1
[GET] PC_US_UCHE_0_TRANS                           group=0x2 selector=34 reg_low=0x1de reg_high=0x1df
[GET] PC_US_UCHE_1_TRANS                           group=0x2 selector=35 reg_low=0x1dc reg_high=0x1dd
[GET] PC_US_BV_STALLED_BY_ATTR                     group=0x2 selector=36 reg_low=0x1da reg_high=0x1db
[GET] PC_US_BV_STARVED_BY_RARB                     group=0x2 selector=37 reg_low=0x1d8 reg_high=0x1d9
[GET] PC_US_VPC_PRIM_COUNT_STALLS_BR               group=0x2 selector=38 reg_low=0x1d6 reg_high=0x1d7
[GET] PC_US_VPC_PRIM_COUNT_STALLS_BV               group=0x2 selector=39 reg_low=0x1d4 reg_high=0x1d5
[bench] pid=8296 width_count=5 width_sleep=0.100000 cmd_base=/data/local/tmp/jerry_work/ml_primitives/ml_primitive_bench --op softmax --variant fused_lmem --spv /data/local/tmp/jerry_work/ml_primitives/spv/softmax_fused_lmem.spv --rows 128 --repeats 4 --csv
[bench] widths: 128 256 512 1024 2048
[bench] log=/data/local/tmp/jerry_work/perfcounter_sweeps/sweep_20260625_152944/03_PC/PC_chunk005_benchmark.log
[chunk] saved /data/local/tmp/jerry_work/perfcounter_sweeps/sweep_20260625_152944/03_PC/PC_chunk005.csv (8 active counters, 2526 rows)
[chunk] PC chunk 6 starting at enum-filtered index 40
[GET] PC_US_BV_STALLED_BY_UCHE_FEEDBACK            group=0x2 selector=40 reg_low=0x1e2 reg_high=0x1e3
[GET] PC_US_VSD_RARB_DVIZ_FULL                     group=0x2 selector=41 reg_low=0x1e0 reg_high=0x1e1
[GET] PC_US_VSD_RARB_PVIZ_FULL                     group=0x2 selector=42 reg_low=0x1de reg_high=0x1df
[GET] PC_US_VSD_RARB_TVIZ_FULL                     group=0x2 selector=43 reg_low=0x1dc reg_high=0x1dd
[GET] PC_US_DP0_RARB_FULL                          group=0x2 selector=44 reg_low=0x1da reg_high=0x1db
[GET] PC_US_DP1_RARB_FULL                          group=0x2 selector=45 reg_low=0x1d8 reg_high=0x1d9
[GET] PC_US_DP0_LIVE_PRIM                          group=0x2 selector=46 reg_low=0x1d6 reg_high=0x1d7
[GET] PC_US_DP1_LIVE_PRIM                          group=0x2 selector=47 reg_low=0x1d4 reg_high=0x1d5
[bench] command_base: /data/local/tmp/jerry_work/ml_primitives/ml_primitive_bench --op softmax --variant fused_lmem --spv /data/local/tmp/jerry_work/ml_primitives/spv/softmax_fused_lmem.spv --rows 128 --repeats 4 --csv
[bench] bursts: 1
[bench] burst_sleep_s: 0.000000
[bench] width_count: 5
[bench] width_sleep_s: 0.100000
[bench] widths: 128 256 512 1024 2048
[bench] width_step 1/5 width=128 start
[bench] width_step_cmd: /data/local/tmp/jerry_work/ml_primitives/ml_primitive_bench --op softmax --variant fused_lmem --spv /data/local/tmp/jerry_work/ml_primitives/spv/softmax_fused_lmem.spv --rows 128 --repeats 4 --csv --width 128
op,variant,width,rows,elements,repeats,elapsed_ms,elements_per_s,estimated_bytes_per_element,estimated_bandwidth_GBps,verify,device
softmax,fused_lmem,128,128,16384,4,1.3169,49764337.735,8.000,0.398,PASS,"Adreno (TM) 830"
[bench] width_step 1/5 width=128 exit_status=0
[bench] sleeping 0.100000 s before next width
[bench] width_step 2/5 width=256 start
[bench] width_step_cmd: /data/local/tmp/jerry_work/ml_primitives/ml_primitive_bench --op softmax --variant fused_lmem --spv /data/local/tmp/jerry_work/ml_primitives/spv/softmax_fused_lmem.spv --rows 128 --repeats 4 --csv --width 256
op,variant,width,rows,elements,repeats,elapsed_ms,elements_per_s,estimated_bytes_per_element,estimated_bandwidth_GBps,verify,device
softmax,fused_lmem,256,128,32768,4,0.5092,257398599.421,8.000,2.059,PASS,"Adreno (TM) 830"
[bench] width_step 2/5 width=256 exit_status=0
[bench] sleeping 0.100000 s before next width
[bench] width_step 3/5 width=512 start
[bench] width_step_cmd: /data/local/tmp/jerry_work/ml_primitives/ml_primitive_bench --op softmax --variant fused_lmem --spv /data/local/tmp/jerry_work/ml_primitives/spv/softmax_fused_lmem.spv --rows 128 --repeats 4 --csv --width 512
op,variant,width,rows,elements,repeats,elapsed_ms,elements_per_s,estimated_bytes_per_element,estimated_bandwidth_GBps,verify,device
softmax,fused_lmem,512,128,65536,4,2.4543,106809087.475,8.000,0.854,PASS,"Adreno (TM) 830"
[bench] width_step 3/5 width=512 exit_status=0
[bench] sleeping 0.100000 s before next width
[bench] width_step 4/5 width=1024 start
[bench] width_step_cmd: /data/local/tmp/jerry_work/ml_primitives/ml_primitive_bench --op softmax --variant fused_lmem --spv /data/local/tmp/jerry_work/ml_primitives/spv/softmax_fused_lmem.spv --rows 128 --repeats 4 --csv --width 1024
op,variant,width,rows,elements,repeats,elapsed_ms,elements_per_s,estimated_bytes_per_element,estimated_bandwidth_GBps,verify,device
softmax,fused_lmem,1024,128,131072,4,0.8152,643175048.702,8.000,5.145,PASS,"Adreno (TM) 830"
[bench] width_step 4/5 width=1024 exit_status=0
[bench] sleeping 0.100000 s before next width
[bench] width_step 5/5 width=2048 start
[bench] width_step_cmd: /data/local/tmp/jerry_work/ml_primitives/ml_primitive_bench --op softmax --variant fused_lmem --spv /data/local/tmp/jerry_work/ml_primitives/spv/softmax_fused_lmem.spv --rows 128 --repeats 4 --csv --width 2048
op,variant,width,rows,elements,repeats,elapsed_ms,elements_per_s,estimated_bytes_per_element,estimated_bandwidth_GBps,verify,device
softmax,fused_lmem,2048,128,262144,4,0.7759,1351367443.491,8.000,10.811,PASS,"Adreno (TM) 830"
[bench] width_step 5/5 width=2048 exit_status=0
