high=0x1d1
[GET] RBBM_US_HLSQ_BUSY                            group=0x1 selector=10 reg_low=0x1ce reg_high=0x1cf
[GET] RBBM_S_HLSQ_BUSY                             group=0x1 selector=11 reg_low=0x1cc reg_high=0x1cd
[bench] pid=8252 width_count=5 width_sleep=0.100000 cmd_base=/data/local/tmp/jerry_work/ml_primitives/ml_primitive_bench --op softmax --variant fused_lmem --spv /data/local/tmp/jerry_work/ml_primitives/spv/softmax_fused_lmem.spv --rows 128 --repeats 4 --csv
[bench] widths: 128 256 512 1024 2048
[bench] log=/data/local/tmp/jerry_work/perfcounter_sweeps/sweep_20260625_152944/02_RBBM/RBBM_chunk003_benchmark.log
[chunk] saved /data/local/tmp/jerry_work/perfcounter_sweeps/sweep_20260625_152944/02_RBBM/RBBM_chunk003.csv (4 active counters, 2571 rows)
[chunk] RBBM chunk 4 starting at enum-filtered index 12
[GET] RBBM_S_PC_BUSY                               group=0x1 selector=12 reg_low=0x1d2 reg_high=0x1d3
[GET] RBBM_S_TESS_BUSY                             group=0x1 selector=13 reg_low=0x1d0 reg_high=0x1d1
[GET] RBBM_S_TSEFE_BUSY                            group=0x1 selector=14 reg_low=0x1ce reg_high=0x1cf
[GET] RBBM_S_TSEBE_BUSY                            group=0x1 selector=15 reg_low=0x1cc reg_high=0x1cd
[bench] pid=8258 width_count=5 width_sleep=0.100000 cmd_base=/data/local/tmp/jerry_work/ml_primitives/ml_primitive_bench --op softmax --variant fused_lmem --spv /data/local/tmp/jerry_work/ml_primitives/spv/softmax_fused_lmem.spv --rows 128 --repeats 4 --csv
[bench] widths: 128 256 512 1024 2048
[bench] log=/data/local/tmp/jerry_work/perfcounter_sweeps/sweep_20260625_152944/02_RBBM/RBBM_chunk004_benchmark.log
[chunk] saved /data/local/tmp/jerry_work/perfcounter_sweeps/sweep_20260625_152944/02_RBBM/RBBM_chunk004.csv (4 active counters, 2572 rows)
[chunk] RBBM chunk 5 starting at enum-filtered index 16
[GET] RBBM_S_RAS_BUSY                              group=0x1 selector=16 reg_low=0x1d2 reg_high=0x1d3
[bench] pid=8265 width_count=5 width_sleep=0.100000 cmd_base=/data/local/tmp/jerry_work/ml_primitives/ml_primitive_bench --op softmax --variant fused_lmem --spv /data/local/tmp/jerry_work/ml_primitives/spv/softmax_fused_lmem.spv --rows 128 --repeats 4 --csv
[bench] widths: 128 256 512 1024 2048
[bench] log=/data/local/tmp/jerry_work/perfcounter_sweeps/sweep_20260625_152944/02_RBBM/RBBM_chunk005_benchmark.log
[chunk] saved /data/local/tmp/jerry_work/perfcounter_sweeps/sweep_20260625_152944/02_RBBM/RBBM_chunk005.csv (1 active counters, 2621 rows)

[group] PC: total selected counters=87, physical slots=8
[chunk] PC chunk 1 starting at enum-filtered index 0
[GET] PC_NEVER_COUNT                               group=0x2 selector=0 reg_low=0x1e2 reg_high=0x1e3
[GET] PC_US_BUSY_CYCLES                            group=0x2 selector=1 reg_low=0x1e0 reg_high=0x1e1
[GET] PC_US_WORKING_CYCLES                         group=0x2 selector=2 reg_low=0x1de reg_high=0x1df
[GET] PC_US_UCHE_OUTSTANDING_TRANS                 group=0x2 selector=3 reg_low=0x1dc reg_high=0x1dd
[GET] PC_US_PASS1_TF_STALL_CYCLES                  group=0x2 selector=4 reg_low=0x1da reg_high=0x1db
[GET] PC_US_STARVE_CYCLES_FOR_INDEX                group=0x2 selector=5 reg_low=0x1d8 reg_high=0x1d9
[GET] PC_US_STARVE_CYCLES_FOR_TF                   group=0x2 selector=6 reg_low=0x1d6 reg_high=0x1d7
[GET] PC_US_STARVE_CYCLES_FOR_VIZ_STREAM           group=0x2 selector=7 reg_low=0x1d4 reg_high=0x1d5
[bench] command_base: /data/local/tmp/jerry_work/ml_primitives/ml_primitive_bench --op softmax --variant fused_lmem --spv /data/local/tmp/jerry_work/ml_primitives/spv/softmax_fused_lmem.spv --rows 128 --repeats 4 --csv
[bench] bursts: 1
[bench] burst_sleep_s: 0.000000
[bench] width_count: 5
[bench] width_sleep_s: 0.100000
[bench] widths: 128 256 512 1024 2048
[bench] width_step 1/5 width=128 start
[bench] width_step_cmd: /data/local/tmp/jerry_work/ml_primitives/ml_primitive_bench --op softmax --variant fused_lmem --spv /data/local/tmp/jerry_work/ml_primitives/spv/softmax_fused_lmem.spv --rows 128 --repeats 4 --csv --width 128
op,variant,width,rows,elements,repeats,elapsed_ms,elements_per_s,estimated_bytes_per_element,estimated_bandwidth_GBps,verify,device
softmax,fused_lmem,128,128,16384,4,1.1031,59409405.099,8.000,0.475,PASS,"Adreno (TM) 830"
[bench] width_step 1/5 width=128 exit_status=0
[bench] sleeping 0.100000 s before next width
[bench] width_step 2/5 width=256 start
[bench] width_step_cmd: /data/local/tmp/jerry_work/ml_primitives/ml_primitive_bench --op softmax --variant fused_lmem --spv /data/local/tmp/jerry_work/ml_primitives/spv/softmax_fused_lmem.spv --rows 128 --repeats 4 --csv --width 256
op,variant,width,rows,elements,repeats,elapsed_ms,elements_per_s,estimated_bytes_per_element,estimated_bandwidth_GBps,verify,device
softmax,fused_lmem,256,128,32768,4,0.5872,223200054.492,8.000,1.786,PASS,"Adreno (TM) 830"
[bench] width_step 2/5 width=256 exit_status=0
[bench] sleeping 0.100000 s before next width
[bench] width_step 3/5 width=512 start
[bench] width_step_cmd: /data/local/tmp/jerry_work/ml_primitives/ml_primitive_bench --op softmax --variant fused_lmem --spv /data/local/tmp/jerry_work/ml_primitives/spv/softmax_fused_lmem.spv --rows 128 --repeats 4 --csv --width 512
op,variant,width,rows,elements,repeats,elapsed_ms,elements_per_s,estimated_bytes_per_element,estimated_bandwidth_GBps,verify,device
softmax,fused_lmem,512,128,65536,4,0.8580,305521659.726,8.000,2.444,PASS,"Adreno (TM) 830"
[bench] width_step 3/5 width=512 exit_status=0
[bench] sleeping 0.100000 s before next width
[bench] width_step 4/5 width=1024 start
[bench] width_step_cmd: /data/local/tmp/jerry_work/ml_primitives/ml_primitive_bench --op softmax --variant fused_lmem --spv /data/local/tmp/jerry_work/ml_primitives/spv/softmax_fused_lmem.spv --rows 128 --repeats 4 --csv --width 1024
op,variant,width,rows,elements,repeats,elapsed_ms,elements_per_s,estimated_bytes_per_element,estimated_bandwidth_GBps,verify,device
softmax,fused_lmem,1024,128,131072,4,0.8111,646396102.055,8.000,5.171,PASS,"Adreno (TM) 830"
[bench] width_step 4/5 width=1024 exit_status=0
[bench] sleeping 0.100000 s before next width
[bench] width_step 5/5 width=2048 start
[bench] width_step_cmd: /data/local/tmp/jerry_work/ml_primitives/ml_primitive_bench --op softmax --variant fused_lmem --spv /data/local/tmp/jerry_work/ml_primitives/spv/softmax_fused_lmem.spv --rows 128 --repeats 4 --csv --width 2048
op,variant,width,rows,elements,repeats,elapsed_ms,elements_per_s,estimated_bytes_per_element,estimated_bandwidth_GBps,verify,device
softmax,fused_lmem,2048,128,262144,4,0.7394,1418192392.223,8.000,11.346,PASS,"Adreno (TM) 830"
[bench] width_step 5/5 width=2048 exit_status=0
