tives/spv/softmax_fused_lmem.spv --width 1024 --rows 128 --repeats 16 --csv
[bench] log=/data/local/tmp/jerry_work/perfcounter_sweeps/sweep_20260625_130734/02_RBBM/RBBM_chunk003_benchmark.log
[chunk] saved /data/local/tmp/jerry_work/perfcounter_sweeps/sweep_20260625_130734/02_RBBM/RBBM_chunk003.csv (4 active counters, 1316 rows)
[chunk] RBBM chunk 4 starting at enum-filtered index 12
[GET] RBBM_S_PC_BUSY                               group=0x1 selector=12 reg_low=0x1d2 reg_high=0x1d3
[GET] RBBM_S_TESS_BUSY                             group=0x1 selector=13 reg_low=0x1d0 reg_high=0x1d1
[GET] RBBM_S_TSEFE_BUSY                            group=0x1 selector=14 reg_low=0x1ce reg_high=0x1cf
[GET] RBBM_S_TSEBE_BUSY                            group=0x1 selector=15 reg_low=0x1cc reg_high=0x1cd
[bench] command: /data/local/tmp/jerry_work/ml_primitives/ml_primitive_bench --op softmax --variant fused_lmem --spv /data/local/tmp/jerry_work/ml_primitives/spv/softmax_fused_lmem.spv --width 1024 --rows 128 --repeats 16 --csv
[bench] bursts: 3
[bench] burst_sleep_s: 0.200000
[bench] burst 1/3 start
op,variant,width,rows,elements,repeats,elapsed_ms,elements_per_s,estimated_bytes_per_element,estimated_bandwidth_GBps,verify,device
softmax,fused_lmem,1024,128,131072,16,1.8073,1160350857.585,8.000,9.283,PASS,"Adreno (TM) 830"
[bench] burst 1/3 exit_status=0
[bench] sleeping 0.200000 s before next burst
[bench] burst 2/3 start
op,variant,width,rows,elements,repeats,elapsed_ms,elements_per_s,estimated_bytes_per_element,estimated_bandwidth_GBps,verify,device
softmax,fused_lmem,1024,128,131072,16,3.0814,680594310.164,8.000,5.445,PASS,"Adreno (TM) 830"
[bench] burst 2/3 exit_status=0
[bench] sleeping 0.200000 s before next burst
[bench] burst 3/3 start
op,variant,width,rows,elements,repeats,elapsed_ms,elements_per_s,estimated_bytes_per_element,estimated_bandwidth_GBps,verify,device
softmax,fused_lmem,1024,128,131072,16,1.3215,1586936156.367,8.000,12.695,PASS,"Adreno (TM) 830"
[bench] burst 3/3 exit_status=0
