_chunk006_benchmark.log
[chunk] saved /data/local/tmp/jerry_work/perfcounter_sweeps/sweep_20260625_130734/01_CP/CP_chunk006.csv (14 active counters, 1272 rows)
[chunk] CP chunk 7 starting at enum-filtered index 84
[GET] CP_S_SKEW_BUFFER_ABOVE_THRESH                group=0x0 selector=84 reg_low=0x1ca reg_high=0x1cb
[GET] CP_ECACHE_HITS                               group=0x0 selector=85 reg_low=0x1c8 reg_high=0x1c9
[GET] CP_ECACHE_KILLS                              group=0x0 selector=86 reg_low=0x1c6 reg_high=0x1c7
[GET] CP_ECACHE_REQS                               group=0x0 selector=87 reg_low=0x1c4 reg_high=0x1c5
[GET] CP_ECACHE_EVEN_REQS                          group=0x0 selector=88 reg_low=0x1c2 reg_high=0x1c3
[GET] CP_ECACHE_STALLS_RAP                         group=0x0 selector=89 reg_low=0x1c0 reg_high=0x1c1
[GET] CP_ECACHE_BUSY                               group=0x0 selector=90 reg_low=0x1be reg_high=0x1bf
[bench] pid=8296 bursts=3 burst_sleep=0.200000 cmd=/data/local/tmp/jerry_work/ml_primitives/ml_primitive_bench --op softmax --variant fused_lmem --spv /data/local/tmp/jerry_work/ml_primitives/spv/softmax_fused_lmem.spv --width 1024 --rows 128 --repeats 16 --csv
[bench] log=/data/local/tmp/jerry_work/perfcounter_sweeps/sweep_20260625_130734/01_CP/CP_chunk007_benchmark.log
[chunk] saved /data/local/tmp/jerry_work/perfcounter_sweeps/sweep_20260625_130734/01_CP/CP_chunk007.csv (7 active counters, 1301 rows)

[group] RBBM: total selected counters=17, physical slots=4
[chunk] RBBM chunk 1 starting at enum-filtered index 0
[GET] RBBM_NEVER_COUNT                             group=0x1 selector=0 reg_low=0x1d2 reg_high=0x1d3
[GET] RBBM_US_ALWAYS_COUNT                         group=0x1 selector=1 reg_low=0x1d0 reg_high=0x1d1
[GET] RBBM_US_ALWAYS_ON                            group=0x1 selector=2 reg_low=0x1ce reg_high=0x1cf
[GET] RBBM_US_STATUS_MASKED                        group=0x1 selector=3 reg_low=0x1cc reg_high=0x1cd
[bench] command: /data/local/tmp/jerry_work/ml_primitives/ml_primitive_bench --op softmax --variant fused_lmem --spv /data/local/tmp/jerry_work/ml_primitives/spv/softmax_fused_lmem.spv --width 1024 --rows 128 --repeats 16 --csv
[bench] bursts: 3
[bench] burst_sleep_s: 0.200000
[bench] burst 1/3 start
op,variant,width,rows,elements,repeats,elapsed_ms,elements_per_s,estimated_bytes_per_element,estimated_bandwidth_GBps,verify,device
softmax,fused_lmem,1024,128,131072,16,1.6433,1276197268.637,8.000,10.210,PASS,"Adreno (TM) 830"
[bench] burst 1/3 exit_status=0
[bench] sleeping 0.200000 s before next burst
[bench] burst 2/3 start
op,variant,width,rows,elements,repeats,elapsed_ms,elements_per_s,estimated_bytes_per_element,estimated_bandwidth_GBps,verify,device
softmax,fused_lmem,1024,128,131072,16,1.2813,1636735133.481,8.000,13.094,PASS,"Adreno (TM) 830"
[bench] burst 2/3 exit_status=0
[bench] sleeping 0.200000 s before next burst
[bench] burst 3/3 start
op,variant,width,rows,elements,repeats,elapsed_ms,elements_per_s,estimated_bytes_per_element,estimated_bandwidth_GBps,verify,device
softmax,fused_lmem,1024,128,131072,16,3.1015,676182403.185,8.000,5.409,PASS,"Adreno (TM) 830"
[bench] burst 3/3 exit_status=0
